Archive member included to satisfy reference by file (symbol)

app/libapp.a(main.c.obj)      (--whole-archive)
zephyr/libzephyr.a(cbprintf.c.obj)
                              (--whole-archive)
zephyr/libzephyr.a(cbprintf_packaged.c.obj)
                              (--whole-archive)
zephyr/libzephyr.a(crc32c_sw.c.obj)
                              (--whole-archive)
zephyr/libzephyr.a(crc32_sw.c.obj)
                              (--whole-archive)
zephyr/libzephyr.a(crc16_sw.c.obj)
                              (--whole-archive)
zephyr/libzephyr.a(crc8_sw.c.obj)
                              (--whole-archive)
zephyr/libzephyr.a(crc7_sw.c.obj)
                              (--whole-archive)
zephyr/libzephyr.a(dec.c.obj)
                              (--whole-archive)
zephyr/libzephyr.a(fdtable.c.obj)
                              (--whole-archive)
zephyr/libzephyr.a(hex.c.obj)
                              (--whole-archive)
zephyr/libzephyr.a(notify.c.obj)
                              (--whole-archive)
zephyr/libzephyr.a(printk.c.obj)
                              (--whole-archive)
zephyr/libzephyr.a(onoff.c.obj)
                              (--whole-archive)
zephyr/libzephyr.a(rb.c.obj)  (--whole-archive)
zephyr/libzephyr.a(sem.c.obj)
                              (--whole-archive)
zephyr/libzephyr.a(thread_entry.c.obj)
                              (--whole-archive)
zephyr/libzephyr.a(timeutil.c.obj)
                              (--whole-archive)
zephyr/libzephyr.a(heap.c.obj)
                              (--whole-archive)
zephyr/libzephyr.a(heap-validate.c.obj)
                              (--whole-archive)
zephyr/libzephyr.a(bitarray.c.obj)
                              (--whole-archive)
zephyr/libzephyr.a(multi_heap.c.obj)
                              (--whole-archive)
zephyr/libzephyr.a(cbprintf_complete.c.obj)
                              (--whole-archive)
zephyr/libzephyr.a(assert.c.obj)
                              (--whole-archive)
zephyr/libzephyr.a(mpsc_pbuf.c.obj)
                              (--whole-archive)
zephyr/libzephyr.a(reboot.c.obj)
                              (--whole-archive)
zephyr/libzephyr.a(configs.c.obj)
                              (--whole-archive)
zephyr/libzephyr.a(soc_nrf_common.S.obj)
                              (--whole-archive)
zephyr/libzephyr.a(validate_base_addresses.c.obj)
                              (--whole-archive)
zephyr/libzephyr.a(validate_enabled_instances.c.obj)
                              (--whole-archive)
zephyr/libzephyr.a(log_list.c.obj)
                              (--whole-archive)
zephyr/libzephyr.a(log_core.c.obj)
                              (--whole-archive)
zephyr/libzephyr.a(log_mgmt.c.obj)
                              (--whole-archive)
zephyr/libzephyr.a(log_msg.c.obj)
                              (--whole-archive)
zephyr/libzephyr.a(log_output.c.obj)
                              (--whole-archive)
zephyr/libzephyr.a(log_msg2.c.obj)
                              (--whole-archive)
zephyr/libzephyr.a(log_backend_uart.c.obj)
                              (--whole-archive)
zephyr/libzephyr.a(log_backend_rtt.c.obj)
                              (--whole-archive)
zephyr/libzephyr.a(pm.c.obj)  (--whole-archive)
zephyr/libzephyr.a(policy.c.obj)
                              (--whole-archive)
zephyr/libzephyr.a(state.c.obj)
                              (--whole-archive)
zephyr/libzephyr.a(tracing_none.c.obj)
                              (--whole-archive)
zephyr/libzephyr.a(nrf_cc3xx_platform_abort_zephyr.c.obj)
                              (--whole-archive)
zephyr/libzephyr.a(nrf_cc3xx_platform_mutex_zephyr.c.obj)
                              (--whole-archive)
zephyr/arch/common/libarch__common.a(sw_isr_common.c.obj)
                              (--whole-archive)
zephyr/arch/arch/arm/core/aarch32/libarch__arm__core__aarch32.a(cpu_idle.S.obj)
                              (--whole-archive)
zephyr/arch/arch/arm/core/aarch32/libarch__arm__core__aarch32.a(fatal.c.obj)
                              (--whole-archive)
zephyr/arch/arch/arm/core/aarch32/libarch__arm__core__aarch32.a(irq_manage.c.obj)
                              (--whole-archive)
zephyr/arch/arch/arm/core/aarch32/libarch__arm__core__aarch32.a(nmi.c.obj)
                              (--whole-archive)
zephyr/arch/arch/arm/core/aarch32/libarch__arm__core__aarch32.a(nmi_on_reset.S.obj)
                              (--whole-archive)
zephyr/arch/arch/arm/core/aarch32/libarch__arm__core__aarch32.a(prep_c.c.obj)
                              (--whole-archive)
zephyr/arch/arch/arm/core/aarch32/libarch__arm__core__aarch32.a(swap.c.obj)
                              (--whole-archive)
zephyr/arch/arch/arm/core/aarch32/libarch__arm__core__aarch32.a(swap_helper.S.obj)
                              (--whole-archive)
zephyr/arch/arch/arm/core/aarch32/libarch__arm__core__aarch32.a(thread.c.obj)
                              (--whole-archive)
[...]
Memory Configuration

Name             Origin             Length             Attributes
FLASH            0x0000000000000000 0x0000000000100000 xr
SRAM             0x0000000020000000 0x0000000000040000 xw
IDT_LIST         0x00000000fffff7ff 0x0000000000000800 xw
*default*        0x0000000000000000 0xffffffffffffffff

Linker script and memory map

LOAD zephyr/CMakeFiles/zephyr_final.dir/misc/empty_file.c.obj
LOAD zephyr/CMakeFiles/zephyr_final.dir/dev_handles.c.obj
LOAD zephyr/CMakeFiles/zephyr_final.dir/isr_tables.c.obj
LOAD zephyr/CMakeFiles/offsets.dir/./arch/arm/core/offsets/offsets.c.obj
                0x0000000000000020                _region_min_align = 0x20

.rel.plt        0x0000000000000000        0x0
 *(SORT_BY_ALIGNMENT(.rel.plt))
                [!provide]                        PROVIDE (__rel_iplt_start = .)
 *(SORT_BY_ALIGNMENT(.rel.iplt))
 .rel.iplt      0x0000000000000000        0x0 zephyr/CMakeFiles/zephyr_final.dir/isr_tables.c.obj
                [!provide]                        PROVIDE (__rel_iplt_end = .)

.rela.plt       0x0000000000000000        0x0
 *(SORT_BY_ALIGNMENT(.rela.plt))
                [!provide]                        PROVIDE (__rela_iplt_start = .)
 *(SORT_BY_ALIGNMENT(.rela.iplt))
                [!provide]                        PROVIDE (__rela_iplt_end = .)

.rel.dyn
 *(SORT_BY_ALIGNMENT(.rel.*))

.rela.dyn
 *(SORT_BY_ALIGNMENT(.rela.*))

/DISCARD/
 *(SORT_BY_ALIGNMENT(.plt))

/DISCARD/
 *(SORT_BY_ALIGNMENT(.iplt))
                0x0000000000000000                __rom_region_start = 0x0

rom_start       0x0000000000000000      0x100
                0x0000000000000000                . = 0x0
                0x0000000000000000                . = ALIGN (0x4)
                0x0000000000000000                . = ALIGN (0x80)
                0x0000000000000000                . = ALIGN (0x100)
                0x0000000000000000                _vector_start = .
 *(SORT_BY_ALIGNMENT(.exc_vector_table))
 *(SORT_BY_ALIGNMENT(.exc_vector_table.*))
 .exc_vector_table._vector_table_section
                0x0000000000000000       0x40 zephyr/arch/arch/arm/core/aarch32/cortex_m/libarch__arm__core__aarch32__cortex_m.a(vector_table.S.obj)
                0x0000000000000000                _vector_table
 *(SORT_BY_ALIGNMENT(.gnu.linkonce.irq_vector_table*))
 .gnu.linkonce.irq_vector_table
                0x0000000000000040       0xc0 zephyr/CMakeFiles/zephyr_final.dir/isr_tables.c.obj
                0x0000000000000040                _irq_vector_table
 *(SORT_BY_ALIGNMENT(.vectors))
                0x0000000000000100                _vector_end = .

text            0x0000000000000100     0xb11c
                0x0000000000000100                __text_region_start = .
 *(SORT_BY_ALIGNMENT(.text))
 .text          0x0000000000000100      0x378 /Users/bernardofalle/zephyr-sdk-0.15.1/arm-zephyr-eabi/bin/../lib/gcc/arm-zephyr-eabi/12.1.0/thumb/v7e-m/nofp/libgcc.a(_arm_addsubdf3.o)
                0x0000000000000100                __aeabi_drsub
                0x0000000000000108                __subdf3
                0x0000000000000108                __aeabi_dsub
                0x000000000000010c                __aeabi_dadd
                0x000000000000010c                __adddf3
                0x0000000000000384                __aeabi_ui2d
                0x0000000000000384                __floatunsidf
                0x00000000000003a4                __floatsidf
                0x00000000000003a4                __aeabi_i2d
                0x00000000000003c8                __extendsfdf2
                0x00000000000003c8                __aeabi_f2d
                0x000000000000040c                __aeabi_ul2d
                0x000000000000040c                __floatundidf
                0x000000000000041c                __aeabi_l2d
                0x000000000000041c                __floatdidf
 .text          0x0000000000000478      0x424 /Users/bernardofalle/zephyr-sdk-0.15.1/arm-zephyr-eabi/bin/../lib/gcc/arm-zephyr-eabi/12.1.0/thumb/v7e-m/nofp/libgcc.a(_arm_muldivdf3.o)
                0x0000000000000478                __aeabi_dmul
                0x0000000000000478                __muldf3
                0x00000000000006cc                __aeabi_ddiv
                0x00000000000006cc                __divdf3
 .text          0x000000000000089c       0xa0 /Users/bernardofalle/zephyr-sdk-0.15.1/arm-zephyr-eabi/bin/../lib/gcc/arm-zephyr-eabi/12.1.0/thumb/v7e-m/nofp/libgcc.a(_arm_truncdfsf2.o)
                0x000000000000089c                __aeabi_d2f
                0x000000000000089c                __truncdfsf2
 .text          0x000000000000093c       0x30 /Users/bernardofalle/zephyr-sdk-0.15.1/arm-zephyr-eabi/bin/../lib/gcc/arm-zephyr-eabi/12.1.0/thumb/v7e-m/nofp/libgcc.a(_aeabi_uldivmod.o)
                0x000000000000093c                __aeabi_uldivmod
 .text          0x000000000000096c        0x4 /Users/bernardofalle/zephyr-sdk-0.15.1/arm-zephyr-eabi/bin/../lib/gcc/arm-zephyr-eabi/12.1.0/thumb/v7e-m/nofp/libgcc.a(_dvmd_tls.o)
                0x000000000000096c                __aeabi_ldiv0
                0x000000000000096c                __aeabi_idiv0
 .text          0x0000000000000970      0x110 /Users/bernardofalle/zephyr-sdk-0.15.1/arm-zephyr-eabi/bin/../lib/gcc/arm-zephyr-eabi/12.1.0/thumb/v7e-m/nofp/libgcc.a(_arm_cmpdf2.o)
                0x0000000000000970                __gedf2
                0x0000000000000970                __gtdf2
                0x0000000000000978                __ledf2
                0x0000000000000978                __ltdf2
                0x0000000000000980                __cmpdf2
                0x0000000000000980                __eqdf2
                0x0000000000000980                __nedf2
                0x00000000000009fc                __aeabi_cdrcmple
                0x0000000000000a0c                __aeabi_cdcmple
                0x0000000000000a0c                __aeabi_cdcmpeq
                0x0000000000000a1c                __aeabi_dcmpeq
                0x0000000000000a30                __aeabi_dcmplt
                0x0000000000000a44                __aeabi_dcmple
                0x0000000000000a58                __aeabi_dcmpge
                0x0000000000000a6c                __aeabi_dcmpgt
 .text          0x0000000000000a80      0x2a0 /Users/bernardofalle/zephyr-sdk-0.15.1/arm-zephyr-eabi/bin/../lib/gcc/arm-zephyr-eabi/12.1.0/thumb/v7e-m/nofp/libgcc.a(_udivmoddi4.o)
                0x0000000000000a80                __udivmoddi4
 .text          0x0000000000000d20       0x14 /Users/bernardofalle/zephyr-sdk-0.15.1/arm-zephyr-eabi/arm-zephyr-eabi/lib/thumb/v7e-m/nofp/libc_nano.a(lib_a-strcmp.o)
                0x0000000000000d20                strcmp
 .text          0x0000000000000d34       0x10 /Users/bernardofalle/zephyr-sdk-0.15.1/arm-zephyr-eabi/arm-zephyr-eabi/lib/thumb/v7e-m/nofp/libc_nano.a(lib_a-strlen.o)
                0x0000000000000d34                strlen
 *(SORT_BY_ALIGNMENT(.text.*))
 *fill*         0x0000000000000d44        0x4 
 .text.guideLineSearch
                0x0000000000000d48       0x60 img_algo/libimg_algo.a(img_algo.c.obj)
                0x0000000000000d48                guideLineSearch
 .text.__ieee754_atan2
                0x0000000000000da8      0x1a4 /Users/bernardofalle/zephyr-sdk-0.15.1/arm-zephyr-eabi/arm-zephyr-eabi/lib/thumb/v7e-m/nofp/libm_nano.a(lib_a-e_atan2.o)
                0x0000000000000da8                __ieee754_atan2
 *fill*         0x0000000000000f4c        0x4 
 .text.atan     0x0000000000000f50      0x320 /Users/bernardofalle/zephyr-sdk-0.15.1/arm-zephyr-eabi/arm-zephyr-eabi/lib/thumb/v7e-m/nofp/libm_nano.a(lib_a-s_atan.o)
                0x0000000000000f50                atan
 .text.thread_OUTPUT_code
                0x0000000000001270       0x58 app/libapp.a(main.c.obj)
                0x0000000000001270                thread_OUTPUT_code
 .text.uart_cb  0x00000000000012c8       0x80 app/libapp.a(main.c.obj)
 .text.thread_OAP_code
                0x0000000000001348       0x54 app/libapp.a(main.c.obj)
                0x0000000000001348                thread_OAP_code
 .text.thread_OBSC_code
                0x000000000000139c       0x4c app/libapp.a(main.c.obj)
                0x000000000000139c                thread_OBSC_code
 .text.thread_NOD_code
                0x00000000000013e8       0x4c app/libapp.a(main.c.obj)
                0x00000000000013e8                thread_NOD_code
 .text.thread_RXDATA_code
                0x0000000000001434       0x94 app/libapp.a(main.c.obj)
                0x0000000000001434                thread_RXDATA_code
 .text.main     0x00000000000014c8      0x200 app/libapp.a(main.c.obj)
                0x00000000000014c8                main
 .text.cbvprintf_package
                0x00000000000016c8      0x48c zephyr/libzephyr.a(cbprintf_packaged.c.obj)
                0x00000000000016c8                cbvprintf_package
 .text.sys_notify_finalize
                0x0000000000001b54       0x40 zephyr/libzephyr.a(notify.c.obj)
                0x0000000000001b54                sys_notify_finalize
 .text.__printk_hook_install
                0x0000000000001b94        0xc zephyr/libzephyr.a(printk.c.obj)
                0x0000000000001b94                __printk_hook_install
 .text.process_event
                0x0000000000001ba0      0x438 zephyr/libzephyr.a(onoff.c.obj)
 .text.transition_complete
                0x0000000000001fd8       0x64 zephyr/libzephyr.a(onoff.c.obj)
 .text.onoff_request
                0x000000000000203c      0x134 zephyr/libzephyr.a(onoff.c.obj)
                0x000000000000203c                onoff_request
 .text.sys_heap_aligned_alloc
                0x0000000000002170      0x108 zephyr/libzephyr.a(heap.c.obj)
                0x0000000000002170                sys_heap_aligned_alloc
 .text.sys_heap_init
                0x0000000000002278      0x128 zephyr/libzephyr.a(heap.c.obj)
                0x0000000000002278                sys_heap_init
 .text.extract_decimal
                0x00000000000023a0       0x2c zephyr/libzephyr.a(cbprintf_complete.c.obj)
 .text.encode_uint
                0x00000000000023cc       0x98 zephyr/libzephyr.a(cbprintf_complete.c.obj)
 .text.cbvprintf
                0x0000000000002464      0xcdc zephyr/libzephyr.a(cbprintf_complete.c.obj)
                0x0000000000002464                cbvprintf
 .text.sys_reboot
                0x0000000000003140       0x28 zephyr/libzephyr.a(reboot.c.obj)
                0x0000000000003140                sys_reboot
 .text.msg_process
                0x0000000000003168       0x58 zephyr/libzephyr.a(log_core.c.obj)
 .text.log_format_func_t_get
                0x00000000000031c0        0xc zephyr/libzephyr.a(log_core.c.obj)
                0x00000000000031c0                log_format_func_t_get
 .text.log_core_init
                0x00000000000031cc       0x28 zephyr/libzephyr.a(log_core.c.obj)
                0x00000000000031cc                log_core_init
 .text.log_init
                0x00000000000031f4       0x80 zephyr/libzephyr.a(log_core.c.obj)
                0x00000000000031f4                log_init
 .text.z_impl_log_panic
                0x0000000000003274       0x40 zephyr/libzephyr.a(log_core.c.obj)
                0x0000000000003274                z_impl_log_panic
 .text.z_log_notify_backend_enabled
                0x00000000000032b4        0xc zephyr/libzephyr.a(log_core.c.obj)
                0x00000000000032b4                z_log_notify_backend_enabled
 .text.z_log_dropped
                0x00000000000032c0       0x3c zephyr/libzephyr.a(log_core.c.obj)
                0x00000000000032c0                z_log_dropped
 .text.z_log_msg2_commit
                0x00000000000032fc       0x1c zephyr/libzephyr.a(log_core.c.obj)
                0x00000000000032fc                z_log_msg2_commit
 .text.log_source_name_get
                0x0000000000003318       0x1c zephyr/libzephyr.a(log_mgmt.c.obj)
                0x0000000000003318                log_source_name_get
 .text.log_backend_enable
                0x0000000000003334       0x58 zephyr/libzephyr.a(log_mgmt.c.obj)
                0x0000000000003334                log_backend_enable
 .text.print_formatted
                0x000000000000338c       0x24 zephyr/libzephyr.a(log_output.c.obj)
 .text.prefix_print
                0x00000000000033b0      0x13c zephyr/libzephyr.a(log_output.c.obj)
 .text.newline_print
                0x00000000000034ec       0x1c zephyr/libzephyr.a(log_output.c.obj)
 .text.hexdump_line_print
                0x0000000000003508       0xdc zephyr/libzephyr.a(log_output.c.obj)
 .text.postfix_print
                0x00000000000035e4       0x28 zephyr/libzephyr.a(log_output.c.obj)
 .text.log_output_msg2_process
                0x000000000000360c      0x104 zephyr/libzephyr.a(log_output.c.obj)
                0x000000000000360c                log_output_msg2_process
 .text.log_output_timestamp_freq_set
                0x0000000000003710       0x2c zephyr/libzephyr.a(log_output.c.obj)
                0x0000000000003710                log_output_timestamp_freq_set
 .text.z_impl_z_log_msg2_runtime_vcreate
                0x000000000000373c       0xd0 zephyr/libzephyr.a(log_msg2.c.obj)
                0x000000000000373c                z_impl_z_log_msg2_runtime_vcreate
 .text.char_out
                0x000000000000380c       0x24 zephyr/libzephyr.a(log_backend_uart.c.obj)
 .text.format_set
                0x0000000000003830        0xc zephyr/libzephyr.a(log_backend_uart.c.obj)
 .text.panic    0x000000000000383c       0x14 zephyr/libzephyr.a(log_backend_uart.c.obj)
 .text.process  0x0000000000003850       0x24 zephyr/libzephyr.a(log_backend_uart.c.obj)
 .text.log_backend_uart_init
                0x0000000000003874       0x3c zephyr/libzephyr.a(log_backend_uart.c.obj)
 .text.log_backend_rtt_init
                0x00000000000038b0        0xc zephyr/libzephyr.a(log_backend_rtt.c.obj)
 .text.format_set
                0x00000000000038bc        0xc zephyr/libzephyr.a(log_backend_rtt.c.obj)
 .text.panic    0x00000000000038c8       0x14 zephyr/libzephyr.a(log_backend_rtt.c.obj)
 .text.process  0x00000000000038dc       0x24 zephyr/libzephyr.a(log_backend_rtt.c.obj)
 .text.data_out_block_mode
                0x0000000000003900       0x70 zephyr/libzephyr.a(log_backend_rtt.c.obj)
 .text.pm_state_notify
                0x0000000000003970       0xc4 zephyr/libzephyr.a(pm.c.obj)
 .text.atomic_clear_bit.constprop.0
                0x0000000000003a34       0x30 zephyr/libzephyr.a(pm.c.obj)
 .text.pm_system_resume
                0x0000000000003a64       0x78 zephyr/libzephyr.a(pm.c.obj)
                0x0000000000003a64                pm_system_resume
 .text.pm_system_suspend
                0x0000000000003adc       0xec zephyr/libzephyr.a(pm.c.obj)
                0x0000000000003adc                pm_system_suspend
 .text.pm_policy_state_lock_is_active
                0x0000000000003bc8       0x1c zephyr/libzephyr.a(policy.c.obj)
                0x0000000000003bc8                pm_policy_state_lock_is_active
 .text.pm_policy_next_state
                0x0000000000003be4       0x90 zephyr/libzephyr.a(policy.c.obj)
                0x0000000000003be4                pm_policy_next_state
 .text.pm_state_cpu_get_all
                0x0000000000003c74       0x10 zephyr/libzephyr.a(state.c.obj)
                0x0000000000003c74                pm_state_cpu_get_all
 .text.nrf_cc3xx_platform_abort_init
                0x0000000000003c84        0xc zephyr/libzephyr.a(nrf_cc3xx_platform_abort_zephyr.c.obj)
                0x0000000000003c84                nrf_cc3xx_platform_abort_init
 .text.mutex_free_platform
                0x0000000000003c90       0x48 zephyr/libzephyr.a(nrf_cc3xx_platform_mutex_zephyr.c.obj)
 .text.mutex_lock_platform
                0x0000000000003cd8       0x58 zephyr/libzephyr.a(nrf_cc3xx_platform_mutex_zephyr.c.obj)
 .text.mutex_unlock_platform
                0x0000000000003d30       0x4c zephyr/libzephyr.a(nrf_cc3xx_platform_mutex_zephyr.c.obj)
 .text.mutex_init_platform
                0x0000000000003d7c       0x70 zephyr/libzephyr.a(nrf_cc3xx_platform_mutex_zephyr.c.obj)
 .text.nrf_cc3xx_platform_mutex_init
                0x0000000000003dec       0x2c zephyr/libzephyr.a(nrf_cc3xx_platform_mutex_zephyr.c.obj)
                0x0000000000003dec                nrf_cc3xx_platform_mutex_init
 .text.z_arm_cpu_idle_init
                0x0000000000003e18        0xc zephyr/arch/arch/arm/core/aarch32/libarch__arm__core__aarch32.a(cpu_idle.S.obj)
                0x0000000000003e18                z_arm_cpu_idle_init
 .text.arch_cpu_idle
                0x0000000000003e24       0x1c zephyr/arch/arch/arm/core/aarch32/libarch__arm__core__aarch32.a(cpu_idle.S.obj)
                0x0000000000003e24                arch_cpu_idle
 .text.arch_cpu_atomic_idle
                0x0000000000003e40       0x14 zephyr/arch/arch/arm/core/aarch32/libarch__arm__core__aarch32.a(cpu_idle.S.obj)
                0x0000000000003e40                arch_cpu_atomic_idle
 .text.z_arm_fatal_error
                0x0000000000003e54       0xa0 zephyr/arch/arch/arm/core/aarch32/libarch__arm__core__aarch32.a(fatal.c.obj)
                0x0000000000003e54                z_arm_fatal_error
 .text.arch_irq_enable
                0x0000000000003ef4       0x1c zephyr/arch/arch/arm/core/aarch32/libarch__arm__core__aarch32.a(irq_manage.c.obj)
                0x0000000000003ef4                arch_irq_enable
 .text.arch_irq_is_enabled
                0x0000000000003f10       0x1c zephyr/arch/arch/arm/core/aarch32/libarch__arm__core__aarch32.a(irq_manage.c.obj)
                0x0000000000003f10                arch_irq_is_enabled
 .text.z_arm_irq_priority_set
                0x0000000000003f2c       0x68 zephyr/arch/arch/arm/core/aarch32/libarch__arm__core__aarch32.a(irq_manage.c.obj)
                0x0000000000003f2c                z_arm_irq_priority_set
 .text.z_SysNmiOnReset
                0x0000000000003f94        0x8 zephyr/arch/arch/arm/core/aarch32/libarch__arm__core__aarch32.a(nmi_on_reset.S.obj)
                0x0000000000003f94                z_SysNmiOnReset
 .text.z_arm_prep_c
                0x0000000000003f9c       0x38 zephyr/arch/arch/arm/core/aarch32/libarch__arm__core__aarch32.a(prep_c.c.obj)
                0x0000000000003f9c                z_arm_prep_c
 .text.arch_swap
                0x0000000000003fd4       0x34 zephyr/arch/arch/arm/core/aarch32/libarch__arm__core__aarch32.a(swap.c.obj)
                0x0000000000003fd4                arch_swap
 .text.z_arm_pendsv
                0x0000000000004008       0x54 zephyr/arch/arch/arm/core/aarch32/libarch__arm__core__aarch32.a(swap_helper.S.obj)
                0x0000000000004008                z_arm_pendsv
 .text.z_arm_svc
                0x000000000000405c       0x20 zephyr/arch/arch/arm/core/aarch32/libarch__arm__core__aarch32.a(swap_helper.S.obj)
                0x000000000000405c                z_arm_svc
 .text.arch_new_thread
                0x000000000000407c       0x38 zephyr/arch/arch/arm/core/aarch32/libarch__arm__core__aarch32.a(thread.c.obj)
                0x000000000000407c                arch_new_thread
 .text.z_check_thread_stack_fail
                0x00000000000040b4       0x2c zephyr/arch/arch/arm/core/aarch32/libarch__arm__core__aarch32.a(thread.c.obj)
                0x00000000000040b4                z_check_thread_stack_fail
 .text.arch_switch_to_main_thread
                0x00000000000040e0       0x2c zephyr/arch/arch/arm/core/aarch32/libarch__arm__core__aarch32.a(thread.c.obj)
                0x00000000000040e0                arch_switch_to_main_thread
 .text._isr_wrapper
                0x000000000000410c       0x40 zephyr/arch/arch/arm/core/aarch32/libarch__arm__core__aarch32.a(isr_wrapper.S.obj)
                0x000000000000410c                _isr_wrapper
 .text._HandlerModeExit
                0x000000000000414c       0x1c zephyr/arch/arch/arm/core/aarch32/cortex_m/libarch__arm__core__aarch32__cortex_m.a(exc_exit.S.obj)
                0x000000000000414c                z_arm_exc_exit
                0x000000000000414c                z_arm_int_exit
 .text.bus_fault.constprop.0
                0x0000000000004168      0x11c zephyr/arch/arch/arm/core/aarch32/cortex_m/libarch__arm__core__aarch32__cortex_m.a(fault.c.obj)
 .text.usage_fault.constprop.0
                0x0000000000004284       0xf8 zephyr/arch/arch/arm/core/aarch32/cortex_m/libarch__arm__core__aarch32__cortex_m.a(fault.c.obj)
 .text.mem_manage_fault
                0x000000000000437c      0x188 zephyr/arch/arch/arm/core/aarch32/cortex_m/libarch__arm__core__aarch32__cortex_m.a(fault.c.obj)
 .text.z_arm_fault
                0x0000000000004504      0x260 zephyr/arch/arch/arm/core/aarch32/cortex_m/libarch__arm__core__aarch32__cortex_m.a(fault.c.obj)
                0x0000000000004504                z_arm_fault
 .text.z_arm_fault_init
                0x0000000000004764       0x10 zephyr/arch/arch/arm/core/aarch32/cortex_m/libarch__arm__core__aarch32__cortex_m.a(fault.c.obj)
                0x0000000000004764                z_arm_fault_init
 .text.__fault  0x0000000000004774       0x14 zephyr/arch/arch/arm/core/aarch32/cortex_m/libarch__arm__core__aarch32__cortex_m.a(fault_s.S.obj)
                0x0000000000004774                z_arm_bus_fault
                0x0000000000004774                z_arm_usage_fault
                0x0000000000004774                z_arm_mpu_fault
                0x0000000000004774                z_arm_exc_spurious
                0x0000000000004774                z_arm_debug_monitor
                0x0000000000004774                z_arm_hard_fault
 .text.z_arm_interrupt_init
                0x0000000000004788       0x18 zephyr/arch/arch/arm/core/aarch32/cortex_m/libarch__arm__core__aarch32__cortex_m.a(irq_init.c.obj)
                0x0000000000004788                z_arm_interrupt_init
 .text._reset_section
                0x00000000000047a0       0x54 zephyr/arch/arch/arm/core/aarch32/cortex_m/libarch__arm__core__aarch32__cortex_m.a(reset.S.obj)
                0x00000000000047a0                z_arm_reset
                0x00000000000047a0                __start
 .text.z_arm_clear_arm_mpu_config
                0x00000000000047f4       0x24 zephyr/arch/arch/arm/core/aarch32/cortex_m/libarch__arm__core__aarch32__cortex_m.a(scb.c.obj)
                0x00000000000047f4                z_arm_clear_arm_mpu_config
 .text.z_arm_init_arch_hw_at_boot
                0x0000000000004818       0x64 zephyr/arch/arch/arm/core/aarch32/cortex_m/libarch__arm__core__aarch32__cortex_m.a(scb.c.obj)
                0x0000000000004818                z_arm_init_arch_hw_at_boot
 .text.z_impl_k_thread_abort
                0x000000000000487c       0x2c zephyr/arch/arch/arm/core/aarch32/cortex_m/libarch__arm__core__aarch32__cortex_m.a(thread_abort.c.obj)
                0x000000000000487c                z_impl_k_thread_abort
 .text.z_arm_configure_static_mpu_regions
                0x00000000000048a8       0x18 zephyr/arch/arch/arm/core/aarch32/mpu/libarch__arm__core__aarch32__mpu.a(arm_core_mpu.c.obj)
                0x00000000000048a8                z_arm_configure_static_mpu_regions
 .text.z_arm_configure_dynamic_mpu_regions
                0x00000000000048c0       0x20 zephyr/arch/arch/arm/core/aarch32/mpu/libarch__arm__core__aarch32__mpu.a(arm_core_mpu.c.obj)
                0x00000000000048c0                z_arm_configure_dynamic_mpu_regions
 .text.mpu_configure_regions
                0x00000000000048e0       0xb4 zephyr/arch/arch/arm/core/aarch32/mpu/libarch__arm__core__aarch32__mpu.a(arm_mpu.c.obj)
 .text.arm_core_mpu_enable
                0x0000000000004994       0x18 zephyr/arch/arch/arm/core/aarch32/mpu/libarch__arm__core__aarch32__mpu.a(arm_mpu.c.obj)
                0x0000000000004994                arm_core_mpu_enable
 .text.arm_core_mpu_disable
                0x00000000000049ac       0x14 zephyr/arch/arch/arm/core/aarch32/mpu/libarch__arm__core__aarch32__mpu.a(arm_mpu.c.obj)
                0x00000000000049ac                arm_core_mpu_disable
 .text.arm_core_mpu_configure_static_mpu_regions
                0x00000000000049c0       0x50 zephyr/arch/arch/arm/core/aarch32/mpu/libarch__arm__core__aarch32__mpu.a(arm_mpu.c.obj)
                0x00000000000049c0                arm_core_mpu_configure_static_mpu_regions
 .text.arm_core_mpu_configure_dynamic_mpu_regions
                0x0000000000004a10       0x68 zephyr/arch/arch/arm/core/aarch32/mpu/libarch__arm__core__aarch32__mpu.a(arm_mpu.c.obj)
                0x0000000000004a10                arm_core_mpu_configure_dynamic_mpu_regions
 .text.z_arm_mpu_init
                0x0000000000004a78       0xc8 zephyr/arch/arch/arm/core/aarch32/mpu/libarch__arm__core__aarch32__mpu.a(arm_mpu.c.obj)
                0x0000000000004a78                z_arm_mpu_init
 .text.malloc_prepare
                0x0000000000004b40       0x44 zephyr/lib/libc/newlib/liblib__libc__newlib.a(libc-hooks.c.obj)
 .text.__stdout_hook_install
                0x0000000000004b84        0xc zephyr/lib/libc/newlib/liblib__libc__newlib.a(libc-hooks.c.obj)
                0x0000000000004b84                __stdout_hook_install
 .text.z_impl_zephyr_write_stdout
                0x0000000000004b90       0x30 zephyr/lib/libc/newlib/liblib__libc__newlib.a(libc-hooks.c.obj)
                0x0000000000004b90                z_impl_zephyr_write_stdout
 .text._exit    0x0000000000004bc0       0x10 zephyr/lib/libc/newlib/liblib__libc__newlib.a(libc-hooks.c.obj)
                0x0000000000004bc0                _exit
 .text.__chk_fail
                0x0000000000004bd0       0x1c zephyr/lib/libc/newlib/liblib__libc__newlib.a(libc-hooks.c.obj)
                0x0000000000004bd0                __chk_fail
 .text.nordicsemi_nrf52_init
                0x0000000000004bec       0x60 zephyr/soc/arm/nordic_nrf/nrf52/libsoc__arm__nordic_nrf__nrf52.a(soc.c.obj)
 .text.sys_arch_reboot
                0x0000000000004c4c       0x2c zephyr/soc/arm/nordic_nrf/nrf52/libsoc__arm__nordic_nrf__nrf52.a(soc.c.obj)
                0x0000000000004c4c                sys_arch_reboot
 .text.arch_busy_wait
                0x0000000000004c78       0x14 zephyr/soc/arm/nordic_nrf/nrf52/libsoc__arm__nordic_nrf__nrf52.a(soc.c.obj)
                0x0000000000004c78                arch_busy_wait
 .text.onoff_start
                0x0000000000004c8c       0x3c zephyr/drivers/clock_control/libdrivers__clock_control.a(clock_control_nrf.c.obj)
 .text.get_status
                0x0000000000004cc8       0x3c zephyr/drivers/clock_control/libdrivers__clock_control.a(clock_control_nrf.c.obj)
 .text.stop     0x0000000000004d04       0x80 zephyr/drivers/clock_control/libdrivers__clock_control.a(clock_control_nrf.c.obj)
 .text.onoff_stop
                0x0000000000004d84       0x28 zephyr/drivers/clock_control/libdrivers__clock_control.a(clock_control_nrf.c.obj)
 .text.clk_init
                0x0000000000004dac       0x58 zephyr/drivers/clock_control/libdrivers__clock_control.a(clock_control_nrf.c.obj)
 .text.clkstarted_handle.constprop.0
                0x0000000000004e04       0x34 zephyr/drivers/clock_control/libdrivers__clock_control.a(clock_control_nrf.c.obj)
 .text.clock_event_handler
                0x0000000000004e38       0x60 zephyr/drivers/clock_control/libdrivers__clock_control.a(clock_control_nrf.c.obj)
 .text.generic_hfclk_start
                0x0000000000004e98       0x64 zephyr/drivers/clock_control/libdrivers__clock_control.a(clock_control_nrf.c.obj)
 .text.api_blocking_start
                0x0000000000004efc       0x34 zephyr/drivers/clock_control/libdrivers__clock_control.a(clock_control_nrf.c.obj)
 .text.generic_hfclk_stop
                0x0000000000004f30       0x2c zephyr/drivers/clock_control/libdrivers__clock_control.a(clock_control_nrf.c.obj)
 .text.z_nrf_clock_control_lf_on
                0x0000000000004f5c      0x148 zephyr/drivers/clock_control/libdrivers__clock_control.a(clock_control_nrf.c.obj)
                0x0000000000004f5c                z_nrf_clock_control_lf_on
 .text.uart_console_init
                0x00000000000050a4       0x30 zephyr/drivers/console/libdrivers__console.a(uart_console.c.obj)
 .text.console_out
                0x00000000000050d4       0x28 zephyr/drivers/console/libdrivers__console.a(uart_console.c.obj)
 .text.gpio_nrfx_manage_callback
                0x00000000000050fc       0xac zephyr/drivers/gpio/libdrivers__gpio.a(gpio_nrfx.c.obj)
 .text.gpio_nrfx_pin_interrupt_configure
                0x00000000000051a8      0x134 zephyr/drivers/gpio/libdrivers__gpio.a(gpio_nrfx.c.obj)
 .text.gpio_nrfx_init
                0x00000000000052dc       0x38 zephyr/drivers/gpio/libdrivers__gpio.a(gpio_nrfx.c.obj)
 .text.nrfx_gpio_handler
                0x0000000000005314       0x90 zephyr/drivers/gpio/libdrivers__gpio.a(gpio_nrfx.c.obj)
 .text.gpio_nrfx_pin_configure
                0x00000000000053a4      0x148 zephyr/drivers/gpio/libdrivers__gpio.a(gpio_nrfx.c.obj)
 .text.z_log_msg2_runtime_create.constprop.0
                0x00000000000054ec       0x24 zephyr/drivers/serial/libdrivers__serial.a(uart_nrfx_uarte.c.obj)
 .text.uarte_nrfx_tx
                0x0000000000005510       0xb0 zephyr/drivers/serial/libdrivers__serial.a(uart_nrfx_uarte.c.obj)
 .text.uarte_nrfx_configure
                0x00000000000055c0      0x164 zephyr/drivers/serial/libdrivers__serial.a(uart_nrfx_uarte.c.obj)
 .text.uarte_instance_init.constprop.0
                0x0000000000005724      0x19c zephyr/drivers/serial/libdrivers__serial.a(uart_nrfx_uarte.c.obj)
 .text.uarte_nrfx_poll_out
                0x00000000000058c0       0xb4 zephyr/drivers/serial/libdrivers__serial.a(uart_nrfx_uarte.c.obj)
 .text.uarte_nrfx_rx_enable
                0x0000000000005974      0x13c zephyr/drivers/serial/libdrivers__serial.a(uart_nrfx_uarte.c.obj)
 .text.uarte_nrfx_isr_async
                0x0000000000005ab0      0x354 zephyr/drivers/serial/libdrivers__serial.a(uart_nrfx_uarte.c.obj)
 .text.compare_int_lock
                0x0000000000005e04       0x48 zephyr/drivers/timer/libdrivers__timer.a(nrf_rtc_timer.c.obj)
 .text.sys_clock_timeout_handler
                0x0000000000005e4c       0x80 zephyr/drivers/timer/libdrivers__timer.a(nrf_rtc_timer.c.obj)
 .text.compare_int_unlock
                0x0000000000005ecc       0x5c zephyr/drivers/timer/libdrivers__timer.a(nrf_rtc_timer.c.obj)
 .text.z_nrf_rtc_timer_read
                0x0000000000005f28       0x44 zephyr/drivers/timer/libdrivers__timer.a(nrf_rtc_timer.c.obj)
                0x0000000000005f28                z_nrf_rtc_timer_read
 .text.compare_set
                0x0000000000005f6c      0x148 zephyr/drivers/timer/libdrivers__timer.a(nrf_rtc_timer.c.obj)
 .text.sys_clock_driver_init
                0x00000000000060b4       0x80 zephyr/drivers/timer/libdrivers__timer.a(nrf_rtc_timer.c.obj)
 .text.rtc_nrf_isr
                0x0000000000006134       0xe4 zephyr/drivers/timer/libdrivers__timer.a(nrf_rtc_timer.c.obj)
                0x0000000000006134                rtc_nrf_isr
 .text.sys_clock_set_timeout
                0x0000000000006218       0x64 zephyr/drivers/timer/libdrivers__timer.a(nrf_rtc_timer.c.obj)
                0x0000000000006218                sys_clock_set_timeout
 .text.sys_clock_elapsed
                0x000000000000627c       0x14 zephyr/drivers/timer/libdrivers__timer.a(nrf_rtc_timer.c.obj)
                0x000000000000627c                sys_clock_elapsed
 .text.nrf_gpio_pin_port_decode
                0x0000000000006290       0x84 zephyr/drivers/pinctrl/libdrivers__pinctrl.a(pinctrl_nrf.c.obj)
 .text.z_log_msg2_runtime_create.constprop.0
                0x0000000000006314       0x24 modules/nrf/lib/fatal_error/lib..__nrf__lib__fatal_error.a(fatal_error.c.obj)
 .text.k_sys_fatal_error_handler
                0x0000000000006338       0x2c modules/nrf/lib/fatal_error/lib..__nrf__lib__fatal_error.a(fatal_error.c.obj)
                0x0000000000006338                k_sys_fatal_error_handler
 .text.nrf52_errata_98
                0x0000000000006364       0x24 modules/hal_nordic/nrfx/libmodules__hal_nordic__nrfx.a(system_nrf52840.c.obj)
 .text.nvmc_wait
                0x0000000000006388       0x10 modules/hal_nordic/nrfx/libmodules__hal_nordic__nrfx.a(system_nrf52840.c.obj)
                0x0000000000006388                nvmc_wait
 .text.SystemInit
                0x0000000000006398      0x1c8 modules/hal_nordic/nrfx/libmodules__hal_nordic__nrfx.a(system_nrf52840.c.obj)
                0x0000000000006398                SystemInit
 .text.nrfx_flag32_alloc
                0x0000000000006560       0x40 modules/hal_nordic/nrfx/libmodules__hal_nordic__nrfx.a(nrfx_flag32_allocator.c.obj)
                0x0000000000006560                nrfx_flag32_alloc
 .text.nrfx_flag32_free
                0x00000000000065a0       0x40 modules/hal_nordic/nrfx/libmodules__hal_nordic__nrfx.a(nrfx_flag32_allocator.c.obj)
                0x00000000000065a0                nrfx_flag32_free
 .text.clock_stop
                0x00000000000065e0      0x104 modules/hal_nordic/nrfx/libmodules__hal_nordic__nrfx.a(nrfx_clock.c.obj)
 .text.nrfx_clock_init
                0x00000000000066e4       0x4c modules/hal_nordic/nrfx/libmodules__hal_nordic__nrfx.a(nrfx_clock.c.obj)
                0x00000000000066e4                nrfx_clock_init
 .text.nrfx_clock_enable
                0x0000000000006730       0x48 modules/hal_nordic/nrfx/libmodules__hal_nordic__nrfx.a(nrfx_clock.c.obj)
                0x0000000000006730                nrfx_clock_enable
 .text.nrfx_clock_start
                0x0000000000006778       0xc8 modules/hal_nordic/nrfx/libmodules__hal_nordic__nrfx.a(nrfx_clock.c.obj)
                0x0000000000006778                nrfx_clock_start
 .text.nrfx_clock_stop
                0x0000000000006840       0x3c modules/hal_nordic/nrfx/libmodules__hal_nordic__nrfx.a(nrfx_clock.c.obj)
                0x0000000000006840                nrfx_clock_stop
 .text.nrfx_power_clock_irq_handler
                0x000000000000687c       0x68 modules/hal_nordic/nrfx/libmodules__hal_nordic__nrfx.a(nrfx_clock.c.obj)
                0x000000000000687c                nrfx_power_clock_irq_handler
 .text.pin_in_use_by_te
                0x00000000000068e4       0x14 modules/hal_nordic/nrfx/libmodules__hal_nordic__nrfx.a(nrfx_gpiote.c.obj)
 .text.pin_has_trigger
                0x00000000000068f8       0x18 modules/hal_nordic/nrfx/libmodules__hal_nordic__nrfx.a(nrfx_gpiote.c.obj)
 .text.pin_is_output
                0x0000000000006910       0x14 modules/hal_nordic/nrfx/libmodules__hal_nordic__nrfx.a(nrfx_gpiote.c.obj)
 .text.call_handler
                0x0000000000006924       0x3c modules/hal_nordic/nrfx/libmodules__hal_nordic__nrfx.a(nrfx_gpiote.c.obj)
 .text.nrf_gpio_pin_port_decode
                0x0000000000006960       0x6c modules/hal_nordic/nrfx/libmodules__hal_nordic__nrfx.a(nrfx_gpiote.c.obj)
 .text.release_handler
                0x00000000000069cc       0x80 modules/hal_nordic/nrfx/libmodules__hal_nordic__nrfx.a(nrfx_gpiote.c.obj)
 .text.pin_handler_trigger_uninit
                0x0000000000006a4c       0x38 modules/hal_nordic/nrfx/libmodules__hal_nordic__nrfx.a(nrfx_gpiote.c.obj)
 .text.nrfx_gpiote_input_configure
                0x0000000000006a84      0x150 modules/hal_nordic/nrfx/libmodules__hal_nordic__nrfx.a(nrfx_gpiote.c.obj)
                0x0000000000006a84                nrfx_gpiote_input_configure
 .text.nrfx_gpiote_output_configure
                0x0000000000006bd4       0xe8 modules/hal_nordic/nrfx/libmodules__hal_nordic__nrfx.a(nrfx_gpiote.c.obj)
                0x0000000000006bd4                nrfx_gpiote_output_configure
 .text.nrfx_gpiote_global_callback_set
                0x0000000000006cbc        0xc modules/hal_nordic/nrfx/libmodules__hal_nordic__nrfx.a(nrfx_gpiote.c.obj)
                0x0000000000006cbc                nrfx_gpiote_global_callback_set
 .text.nrfx_gpiote_channel_get
                0x0000000000006cc8       0x54 modules/hal_nordic/nrfx/libmodules__hal_nordic__nrfx.a(nrfx_gpiote.c.obj)
                0x0000000000006cc8                nrfx_gpiote_channel_get
 .text.nrfx_gpiote_init
                0x0000000000006d1c       0x50 modules/hal_nordic/nrfx/libmodules__hal_nordic__nrfx.a(nrfx_gpiote.c.obj)
                0x0000000000006d1c                nrfx_gpiote_init
 .text.nrfx_gpiote_is_init
                0x0000000000006d6c       0x14 modules/hal_nordic/nrfx/libmodules__hal_nordic__nrfx.a(nrfx_gpiote.c.obj)
                0x0000000000006d6c                nrfx_gpiote_is_init
 .text.nrfx_gpiote_channel_free
                0x0000000000006d80        0xc modules/hal_nordic/nrfx/libmodules__hal_nordic__nrfx.a(nrfx_gpiote.c.obj)
                0x0000000000006d80                nrfx_gpiote_channel_free
 .text.nrfx_gpiote_channel_alloc
                0x0000000000006d8c        0xc modules/hal_nordic/nrfx/libmodules__hal_nordic__nrfx.a(nrfx_gpiote.c.obj)
                0x0000000000006d8c                nrfx_gpiote_channel_alloc
 .text.nrfx_gpiote_trigger_enable
                0x0000000000006d98       0xe0 modules/hal_nordic/nrfx/libmodules__hal_nordic__nrfx.a(nrfx_gpiote.c.obj)
                0x0000000000006d98                nrfx_gpiote_trigger_enable
 .text.nrfx_gpiote_trigger_disable
                0x0000000000006e78       0x54 modules/hal_nordic/nrfx/libmodules__hal_nordic__nrfx.a(nrfx_gpiote.c.obj)
                0x0000000000006e78                nrfx_gpiote_trigger_disable
 .text.nrfx_gpiote_pin_uninit
                0x0000000000006ecc       0x48 modules/hal_nordic/nrfx/libmodules__hal_nordic__nrfx.a(nrfx_gpiote.c.obj)
                0x0000000000006ecc                nrfx_gpiote_pin_uninit
 .text.nrfx_gpiote_irq_handler
                0x0000000000006f14      0x1c0 modules/hal_nordic/nrfx/libmodules__hal_nordic__nrfx.a(nrfx_gpiote.c.obj)
                0x0000000000006f14                nrfx_gpiote_irq_handler
 .text.nrfx_ppi_channel_alloc
                0x00000000000070d4        0xc modules/hal_nordic/nrfx/libmodules__hal_nordic__nrfx.a(nrfx_ppi.c.obj)
                0x00000000000070d4                nrfx_ppi_channel_alloc
 .text._DoInit  0x00000000000070e0       0x60 modules/segger/libmodules__segger.a(SEGGER_RTT.c.obj)
 .text.SEGGER_RTT_WriteSkipNoLock
                0x0000000000007140       0x90 modules/segger/libmodules__segger.a(SEGGER_RTT.c.obj)
                0x0000000000007140                SEGGER_RTT_WriteSkipNoLock
 .text.SEGGER_RTT_HasDataUp
                0x00000000000071d0       0x14 modules/segger/libmodules__segger.a(SEGGER_RTT.c.obj)
                0x00000000000071d0                SEGGER_RTT_HasDataUp
 .text.z_sys_init_run_level
                0x00000000000071e4       0x40 zephyr/kernel/libkernel.a(device.c.obj)
                0x00000000000071e4                z_sys_init_run_level
 .text.z_impl_device_get_binding
                0x0000000000007224       0x54 zephyr/kernel/libkernel.a(device.c.obj)
                0x0000000000007224                z_impl_device_get_binding
 .text.z_fatal_error
                0x0000000000007278       0xf4 zephyr/kernel/libkernel.a(fatal.c.obj)
                0x0000000000007278                z_fatal_error
 .text.bg_thread_main
                0x000000000000736c       0x34 zephyr/kernel/libkernel.a(init.c.obj)
 .text.z_bss_zero
                0x00000000000073a0       0x18 zephyr/kernel/libkernel.a(init.c.obj)
                0x00000000000073a0                z_bss_zero
 .text.z_init_cpu
                0x00000000000073b8       0x70 zephyr/kernel/libkernel.a(init.c.obj)
                0x00000000000073b8                z_init_cpu
 .text.z_cstart
                0x0000000000007428       0xdc zephyr/kernel/libkernel.a(init.c.obj)
                0x0000000000007428                z_cstart
 .text.init_mem_slab_module
                0x0000000000007504       0x74 zephyr/kernel/libkernel.a(mem_slab.c.obj)
 .text.k_mem_slab_alloc
                0x0000000000007578       0xd8 zephyr/kernel/libkernel.a(mem_slab.c.obj)
                0x0000000000007578                k_mem_slab_alloc
 .text.k_mem_slab_free
                0x0000000000007650       0xc8 zephyr/kernel/libkernel.a(mem_slab.c.obj)
                0x0000000000007650                k_mem_slab_free
 .text.z_setup_new_thread
                0x0000000000007718       0xc8 zephyr/kernel/libkernel.a(thread.c.obj)
                0x0000000000007718                z_setup_new_thread
 .text.z_impl_k_thread_create
                0x00000000000077e0       0xa0 zephyr/kernel/libkernel.a(thread.c.obj)
                0x00000000000077e0                z_impl_k_thread_create
 .text.z_init_static_threads
                0x0000000000007880      0x110 zephyr/kernel/libkernel.a(thread.c.obj)
                0x0000000000007880                z_init_static_threads
 .text.z_spin_lock_valid
                0x0000000000007990       0x1c zephyr/kernel/libkernel.a(thread.c.obj)
                0x0000000000007990                z_spin_lock_valid
 .text.z_spin_unlock_valid
                0x00000000000079ac       0x20 zephyr/kernel/libkernel.a(thread.c.obj)
                0x00000000000079ac                z_spin_unlock_valid
 .text.z_spin_lock_set_owner
                0x00000000000079cc       0x10 zephyr/kernel/libkernel.a(thread.c.obj)
                0x00000000000079cc                z_spin_lock_set_owner
 .text.idle     0x00000000000079dc       0x64 zephyr/kernel/libkernel.a(idle.c.obj)
                0x00000000000079dc                idle
 .text.z_impl_k_mutex_lock
                0x0000000000007a40      0x1f4 zephyr/kernel/libkernel.a(mutex.c.obj)
                0x0000000000007a40                z_impl_k_mutex_lock
 .text.z_impl_k_mutex_unlock
                0x0000000000007c34      0x188 zephyr/kernel/libkernel.a(mutex.c.obj)
                0x0000000000007c34                z_impl_k_mutex_unlock
 .text.z_impl_k_sem_give
                0x0000000000007dbc       0x7c zephyr/kernel/libkernel.a(sem.c.obj)
                0x0000000000007dbc                z_impl_k_sem_give
 .text.z_impl_k_sem_take
                0x0000000000007e38      0x114 zephyr/kernel/libkernel.a(sem.c.obj)
                0x0000000000007e38                z_impl_k_sem_take
 .text.z_reset_time_slice
                0x0000000000007f4c       0x28 zephyr/kernel/libkernel.a(sched.c.obj)
                0x0000000000007f4c                z_reset_time_slice
 .text.update_cache
                0x0000000000007f74       0x70 zephyr/kernel/libkernel.a(sched.c.obj)
 .text.ready_thread
                0x0000000000007fe4       0x98 zephyr/kernel/libkernel.a(sched.c.obj)
 .text.k_sched_time_slice_set
                0x000000000000807c       0xcc zephyr/kernel/libkernel.a(sched.c.obj)
                0x000000000000807c                k_sched_time_slice_set
 .text.z_ready_thread
                0x0000000000008148       0x90 zephyr/kernel/libkernel.a(sched.c.obj)
                0x0000000000008148                z_ready_thread
 .text.z_unpend_thread_no_timeout
                0x00000000000081d8       0x90 zephyr/kernel/libkernel.a(sched.c.obj)
                0x00000000000081d8                z_unpend_thread_no_timeout
 .text.z_reschedule
                0x0000000000008268       0x88 zephyr/kernel/libkernel.a(sched.c.obj)
                0x0000000000008268                z_reschedule
 .text.z_sched_start
                0x00000000000082f0       0xa8 zephyr/kernel/libkernel.a(sched.c.obj)
                0x00000000000082f0                z_sched_start
 .text.k_sched_lock
                0x0000000000008398       0xe8 zephyr/kernel/libkernel.a(sched.c.obj)
                0x0000000000008398                k_sched_lock
 .text.k_sched_unlock
                0x0000000000008480       0xf8 zephyr/kernel/libkernel.a(sched.c.obj)
                0x0000000000008480                k_sched_unlock
 .text.z_priq_dumb_remove
                0x0000000000008578       0x44 zephyr/kernel/libkernel.a(sched.c.obj)
                0x0000000000008578                z_priq_dumb_remove
 .text.move_thread_to_end_of_prio_q
                0x00000000000085bc       0xa4 zephyr/kernel/libkernel.a(sched.c.obj)
 .text.z_time_slice
                0x0000000000008660       0xf0 zephyr/kernel/libkernel.a(sched.c.obj)
                0x0000000000008660                z_time_slice
 .text.unready_thread
                0x0000000000008750       0x38 zephyr/kernel/libkernel.a(sched.c.obj)
 .text.add_to_waitq_locked
                0x0000000000008788       0x7c zephyr/kernel/libkernel.a(sched.c.obj)
 .text.pend     0x0000000000008804       0xbc zephyr/kernel/libkernel.a(sched.c.obj)
 .text.z_pend_curr
                0x00000000000088c0       0x60 zephyr/kernel/libkernel.a(sched.c.obj)
                0x00000000000088c0                z_pend_curr
 .text.z_set_prio
                0x0000000000008920      0x12c zephyr/kernel/libkernel.a(sched.c.obj)
                0x0000000000008920                z_set_prio
 .text.z_impl_k_thread_suspend
                0x0000000000008a4c       0xd4 zephyr/kernel/libkernel.a(sched.c.obj)
                0x0000000000008a4c                z_impl_k_thread_suspend
 .text.unpend_thread_no_timeout
                0x0000000000008b20       0x44 zephyr/kernel/libkernel.a(sched.c.obj)
 .text.z_thread_timeout
                0x0000000000008b64       0xb4 zephyr/kernel/libkernel.a(sched.c.obj)
                0x0000000000008b64                z_thread_timeout
 .text.z_unpend1_no_timeout
                0x0000000000008c18       0x9c zephyr/kernel/libkernel.a(sched.c.obj)
                0x0000000000008c18                z_unpend1_no_timeout
 .text.z_unpend_first_thread
                0x0000000000008cb4       0xa4 zephyr/kernel/libkernel.a(sched.c.obj)
                0x0000000000008cb4                z_unpend_first_thread
 .text.z_sched_init
                0x0000000000008d58       0x18 zephyr/kernel/libkernel.a(sched.c.obj)
                0x0000000000008d58                z_sched_init
 .text.z_impl_k_yield
                0x0000000000008d70      0x140 zephyr/kernel/libkernel.a(sched.c.obj)
                0x0000000000008d70                z_impl_k_yield
 .text.z_tick_sleep
                0x0000000000008eb0      0x14c zephyr/kernel/libkernel.a(sched.c.obj)
 .text.z_impl_k_sleep
                0x0000000000008ffc       0x70 zephyr/kernel/libkernel.a(sched.c.obj)
                0x0000000000008ffc                z_impl_k_sleep
 .text.z_impl_k_usleep
                0x000000000000906c       0x34 zephyr/kernel/libkernel.a(sched.c.obj)
                0x000000000000906c                z_impl_k_usleep
 .text.z_impl_z_current_get
                0x00000000000090a0        0xc zephyr/kernel/libkernel.a(sched.c.obj)
                0x00000000000090a0                z_impl_z_current_get
 .text.z_thread_abort
                0x00000000000090ac      0x168 zephyr/kernel/libkernel.a(sched.c.obj)
                0x00000000000090ac                z_thread_abort
 .text.z_data_copy
                0x0000000000009214       0x34 zephyr/kernel/libkernel.a(xip.c.obj)
                0x0000000000009214                z_data_copy
 .text.elapsed  0x0000000000009248       0x14 zephyr/kernel/libkernel.a(timeout.c.obj)
 .text.next_timeout
                0x000000000000925c       0x50 zephyr/kernel/libkernel.a(timeout.c.obj)
 .text.remove_timeout
                0x00000000000092ac       0x34 zephyr/kernel/libkernel.a(timeout.c.obj)
 .text.z_add_timeout
                0x00000000000092e0      0x194 zephyr/kernel/libkernel.a(timeout.c.obj)
                0x00000000000092e0                z_add_timeout
 .text.z_abort_timeout
                0x0000000000009474       0x9c zephyr/kernel/libkernel.a(timeout.c.obj)
                0x0000000000009474                z_abort_timeout
 .text.z_get_next_timeout_expiry
                0x0000000000009510       0x90 zephyr/kernel/libkernel.a(timeout.c.obj)
                0x0000000000009510                z_get_next_timeout_expiry
 .text.z_set_timeout_expiry
                0x00000000000095a0       0xa4 zephyr/kernel/libkernel.a(timeout.c.obj)
                0x00000000000095a0                z_set_timeout_expiry
 .text.sys_clock_announce
                0x0000000000009644      0x174 zephyr/kernel/libkernel.a(timeout.c.obj)
                0x0000000000009644                sys_clock_announce
 .text.sys_clock_tick_get
                0x00000000000097b8       0xa0 zephyr/kernel/libkernel.a(timeout.c.obj)
                0x00000000000097b8                sys_clock_tick_get
 .text.z_timer_expiration_handler
                0x0000000000009858      0x16c zephyr/kernel/libkernel.a(timer.c.obj)
                0x0000000000009858                z_timer_expiration_handler
 .text.z_impl_k_timer_start
                0x00000000000099c4       0x98 zephyr/kernel/libkernel.a(timer.c.obj)
                0x00000000000099c4                z_impl_k_timer_start
 .text.z_heap_aligned_alloc
                0x0000000000009a5c       0x6c zephyr/kernel/libkernel.a(mempool.c.obj)
 .text.k_aligned_alloc
                0x0000000000009ac8       0x74 zephyr/kernel/libkernel.a(mempool.c.obj)
                0x0000000000009ac8                k_aligned_alloc
 .text.k_thread_system_pool_assign
                0x0000000000009b3c        0xc zephyr/kernel/libkernel.a(mempool.c.obj)
                0x0000000000009b3c                k_thread_system_pool_assign
 .text.boot_banner
                0x0000000000009b48       0x18 zephyr/kernel/libkernel.a(banner.c.obj)
                0x0000000000009b48                boot_banner
 .text.statics_init
                0x0000000000009b60       0x54 zephyr/kernel/libkernel.a(kheap.c.obj)
 .text.k_heap_aligned_alloc
                0x0000000000009bb4      0x150 zephyr/kernel/libkernel.a(kheap.c.obj)
                0x0000000000009bb4                k_heap_aligned_alloc
 .text.reserve  0x0000000000009d04       0x5c cab/libcab.a(cab.c.obj)
                0x0000000000009d04                reserve
 .text.exit     0x0000000000009d60       0x28 /Users/bernardofalle/zephyr-sdk-0.15.1/arm-zephyr-eabi/arm-zephyr-eabi/lib/thumb/v7e-m/nofp/libc_nano.a(lib_a-exit.o)
                0x0000000000009d60                exit
 .text.nrf_cc3xx_platform_init_no_rng
                0x0000000000009d88       0x38 /Users/bernardofalle/ncs/nrfxlib/crypto/nrf_cc310_platform/lib/cortex-m4/soft-float/no-interrupts/libnrf_cc310_platform_0.9.14.a(nrf_cc3xx_platform.c.obj)
                0x0000000000009d88                nrf_cc3xx_platform_init_no_rng
 .text.nrf_cc3xx_platform_abort
                0x0000000000009dc0       0x24 /Users/bernardofalle/ncs/nrfxlib/crypto/nrf_cc310_platform/lib/cortex-m4/soft-float/no-interrupts/libnrf_cc310_platform_0.9.14.a(nrf_cc3xx_platform_abort.c.obj)
 .text.CC_PalAbort
                0x0000000000009de4       0x34 /Users/bernardofalle/ncs/nrfxlib/crypto/nrf_cc310_platform/lib/cortex-m4/soft-float/no-interrupts/libnrf_cc310_platform_0.9.14.a(nrf_cc3xx_platform_abort.c.obj)
                0x0000000000009de4                CC_PalAbort
 .text.nrf_cc3xx_platform_set_abort
                0x0000000000009e18       0x10 /Users/bernardofalle/ncs/nrfxlib/crypto/nrf_cc310_platform/lib/cortex-m4/soft-float/no-interrupts/libnrf_cc310_platform_0.9.14.a(nrf_cc3xx_platform_abort.c.obj)
                0x0000000000009e18                nrf_cc3xx_platform_set_abort
 .text.mutex_free
                0x0000000000009e28       0x28 /Users/bernardofalle/ncs/nrfxlib/crypto/nrf_cc310_platform/lib/cortex-m4/soft-float/no-interrupts/libnrf_cc310_platform_0.9.14.a(nrf_cc3xx_platform_mutex.c.obj)
 .text.mutex_lock
                0x0000000000009e50       0x40 /Users/bernardofalle/ncs/nrfxlib/crypto/nrf_cc310_platform/lib/cortex-m4/soft-float/no-interrupts/libnrf_cc310_platform_0.9.14.a(nrf_cc3xx_platform_mutex.c.obj)
 .text.mutex_unlock
                0x0000000000009e90       0x2c /Users/bernardofalle/ncs/nrfxlib/crypto/nrf_cc310_platform/lib/cortex-m4/soft-float/no-interrupts/libnrf_cc310_platform_0.9.14.a(nrf_cc3xx_platform_mutex.c.obj)
 .text.mutex_init
                0x0000000000009ebc       0x1c /Users/bernardofalle/ncs/nrfxlib/crypto/nrf_cc310_platform/lib/cortex-m4/soft-float/no-interrupts/libnrf_cc310_platform_0.9.14.a(nrf_cc3xx_platform_mutex.c.obj)
 .text.nrf_cc3xx_platform_set_mutexes
                0x0000000000009ed8       0x60 /Users/bernardofalle/ncs/nrfxlib/crypto/nrf_cc310_platform/lib/cortex-m4/soft-float/no-interrupts/libnrf_cc310_platform_0.9.14.a(nrf_cc3xx_platform_mutex.c.obj)
                0x0000000000009ed8                nrf_cc3xx_platform_set_mutexes
 .text.CC_LibInitNoRng
                0x0000000000009f38       0x64 /Users/bernardofalle/ncs/nrfxlib/crypto/nrf_cc310_platform/lib/cortex-m4/soft-float/no-interrupts/libnrf_cc310_platform_0.9.14.a(cc_lib.c.obj)
                0x0000000000009f38                CC_LibInitNoRng
 .text.CC_HalInit
                0x0000000000009f9c        0x4 /Users/bernardofalle/ncs/nrfxlib/crypto/nrf_cc310_platform/lib/cortex-m4/soft-float/no-interrupts/libnrf_cc310_platform_0.9.14.a(cc_hal.c.obj)
                0x0000000000009f9c                CC_HalInit
 .text.CC_HalTerminate
                0x0000000000009fa0        0x4 /Users/bernardofalle/ncs/nrfxlib/crypto/nrf_cc310_platform/lib/cortex-m4/soft-float/no-interrupts/libnrf_cc310_platform_0.9.14.a(cc_hal.c.obj)
                0x0000000000009fa0                CC_HalTerminate
 .text.CC_HalMaskInterrupt
                0x0000000000009fa4        0xc /Users/bernardofalle/ncs/nrfxlib/crypto/nrf_cc310_platform/lib/cortex-m4/soft-float/no-interrupts/libnrf_cc310_platform_0.9.14.a(cc_hal.c.obj)
                0x0000000000009fa4                CC_HalMaskInterrupt
 .text.CC_PalInit
                0x0000000000009fb0       0x5c /Users/bernardofalle/ncs/nrfxlib/crypto/nrf_cc310_platform/lib/cortex-m4/soft-float/no-interrupts/libnrf_cc310_platform_0.9.14.a(cc_pal.c.obj)
                0x0000000000009fb0                CC_PalInit
 .text.CC_PalTerminate
                0x000000000000a00c       0x34 /Users/bernardofalle/ncs/nrfxlib/crypto/nrf_cc310_platform/lib/cortex-m4/soft-float/no-interrupts/libnrf_cc310_platform_0.9.14.a(cc_pal.c.obj)
                0x000000000000a00c                CC_PalTerminate
 .text.CC_PalDmaInit
                0x000000000000a040        0x4 /Users/bernardofalle/ncs/nrfxlib/crypto/nrf_cc310_platform/lib/cortex-m4/soft-float/no-interrupts/libnrf_cc310_platform_0.9.14.a(cc_pal_dma.c.obj)
                0x000000000000a040                CC_PalDmaInit
 .text.CC_PalDmaTerminate
                0x000000000000a044        0x4 /Users/bernardofalle/ncs/nrfxlib/crypto/nrf_cc310_platform/lib/cortex-m4/soft-float/no-interrupts/libnrf_cc310_platform_0.9.14.a(cc_pal_dma.c.obj)
                0x000000000000a044                CC_PalDmaTerminate
 .text.CC_PalMutexCreate
                0x000000000000a048       0x14 /Users/bernardofalle/ncs/nrfxlib/crypto/nrf_cc310_platform/lib/cortex-m4/soft-float/no-interrupts/libnrf_cc310_platform_0.9.14.a(cc_pal_mutex.c.obj)
                0x000000000000a048                CC_PalMutexCreate
 .text.CC_PalMutexDestroy
                0x000000000000a05c       0x14 /Users/bernardofalle/ncs/nrfxlib/crypto/nrf_cc310_platform/lib/cortex-m4/soft-float/no-interrupts/libnrf_cc310_platform_0.9.14.a(cc_pal_mutex.c.obj)
                0x000000000000a05c                CC_PalMutexDestroy
 .text.CC_PalPowerSaveModeInit
                0x000000000000a070       0x3c /Users/bernardofalle/ncs/nrfxlib/crypto/nrf_cc310_platform/lib/cortex-m4/soft-float/no-interrupts/libnrf_cc310_platform_0.9.14.a(cc_pal_pm.c.obj)
                0x000000000000a070                CC_PalPowerSaveModeInit
 .text.CC_PalPowerSaveModeSelect
                0x000000000000a0ac       0x88 /Users/bernardofalle/ncs/nrfxlib/crypto/nrf_cc310_platform/lib/cortex-m4/soft-float/no-interrupts/libnrf_cc310_platform_0.9.14.a(cc_pal_pm.c.obj)
                0x000000000000a0ac                CC_PalPowerSaveModeSelect
 .text._OffsetAbsSyms
                0x000000000000a134        0x2 zephyr/CMakeFiles/offsets.dir/./arch/arm/core/offsets/offsets.c.obj
                0x000000000000a134                _OffsetAbsSyms
 .text.cbpprintf_external
                0x000000000000a136       0x5a zephyr/libzephyr.a(cbprintf_packaged.c.obj)
                0x000000000000a136                cbpprintf_external
 .text.sys_notify_validate
                0x000000000000a190       0x22 zephyr/libzephyr.a(notify.c.obj)
                0x000000000000a190                sys_notify_validate
 .text.arch_printk_char_out
                0x000000000000a1b2        0x4 zephyr/libzephyr.a(printk.c.obj)
                0x000000000000a1b2                arch_printk_char_out
 .text.vprintk  0x000000000000a1b6        0x4 zephyr/libzephyr.a(printk.c.obj)
                0x000000000000a1b6                vprintk
 .text.printk   0x000000000000a1ba       0x1a zephyr/libzephyr.a(printk.c.obj)
                0x000000000000a1ba                printk
 .text.process_recheck
                0x000000000000a1d4       0x38 zephyr/libzephyr.a(onoff.c.obj)
 .text.validate_args
                0x000000000000a20c       0x20 zephyr/libzephyr.a(onoff.c.obj)
 .text.notify_one
                0x000000000000a22c       0x2c zephyr/libzephyr.a(onoff.c.obj)
 .text.onoff_manager_init
                0x000000000000a258       0x26 zephyr/libzephyr.a(onoff.c.obj)
                0x000000000000a258                onoff_manager_init
 .text.z_thread_entry
                0x000000000000a27e       0x14 zephyr/libzephyr.a(thread_entry.c.obj)
                0x000000000000a27e                z_thread_entry
 .text.chunk_size
                0x000000000000a292        0xa zephyr/libzephyr.a(heap.c.obj)
 .text.free_list_add
                0x000000000000a29c       0x4e zephyr/libzephyr.a(heap.c.obj)
 .text.free_list_remove_bidx
                0x000000000000a2ea       0x3a zephyr/libzephyr.a(heap.c.obj)
 .text.alloc_chunk
                0x000000000000a324       0x6e zephyr/libzephyr.a(heap.c.obj)
 .text.split_chunks
                0x000000000000a392       0x34 zephyr/libzephyr.a(heap.c.obj)
 .text.sys_heap_alloc
                0x000000000000a3c6       0x52 zephyr/libzephyr.a(heap.c.obj)
                0x000000000000a3c6                sys_heap_alloc
 .text._ldiv5   0x000000000000a418       0x30 zephyr/libzephyr.a(cbprintf_complete.c.obj)
 .text._get_digit
                0x000000000000a448       0x2e zephyr/libzephyr.a(cbprintf_complete.c.obj)
 .text.outs     0x000000000000a476       0x2e zephyr/libzephyr.a(cbprintf_complete.c.obj)
 .text.assert_post_action
                0x000000000000a4a4        0xe zephyr/libzephyr.a(assert.c.obj)
                0x000000000000a4a4                assert_post_action
 .text.assert_print
                0x000000000000a4b2       0x1a zephyr/libzephyr.a(assert.c.obj)
                0x000000000000a4b2                assert_print
 .text._ConfigAbsSyms
                0x000000000000a4cc        0x2 zephyr/libzephyr.a(configs.c.obj)
                0x000000000000a4cc                _ConfigAbsSyms
 .text.default_get_timestamp
                0x000000000000a4ce        0x4 zephyr/libzephyr.a(log_core.c.obj)
 .text.dummy_timestamp
                0x000000000000a4d2        0x4 zephyr/libzephyr.a(log_core.c.obj)
 .text.z_log_vprintk
                0x000000000000a4d6       0x1c zephyr/libzephyr.a(log_core.c.obj)
                0x000000000000a4d6                z_log_vprintk
 .text.enable_logger
                0x000000000000a4f2        0xa zephyr/libzephyr.a(log_core.c.obj)
 .text.z_log_get_tag
                0x000000000000a4fc        0x4 zephyr/libzephyr.a(log_core.c.obj)
                0x000000000000a4fc                z_log_get_tag
 .text.out_func
                0x000000000000a500       0x1c zephyr/libzephyr.a(log_output.c.obj)
 .text.cr_out_func
                0x000000000000a51c       0x1a zephyr/libzephyr.a(log_output.c.obj)
 .text.buffer_write
                0x000000000000a536       0x1a zephyr/libzephyr.a(log_output.c.obj)
 .text.log_output_flush
                0x000000000000a550       0x1a zephyr/libzephyr.a(log_output.c.obj)
                0x000000000000a550                log_output_flush
 .text.z_log_msg2_finalize
                0x000000000000a56a       0x34 zephyr/libzephyr.a(log_msg2.c.obj)
                0x000000000000a56a                z_log_msg2_finalize
 .text.abort_function
                0x000000000000a59e        0x8 zephyr/libzephyr.a(nrf_cc3xx_platform_abort_zephyr.c.obj)
 .text.z_log_msg2_runtime_create.constprop.0
                0x000000000000a5a6       0x20 zephyr/arch/arch/arm/core/aarch32/libarch__arm__core__aarch32.a(fatal.c.obj)
 .text.z_do_kernel_oops
                0x000000000000a5c6        0x8 zephyr/arch/arch/arm/core/aarch32/libarch__arm__core__aarch32.a(fatal.c.obj)
                0x000000000000a5c6                z_do_kernel_oops
 .text.z_irq_spurious
                0x000000000000a5ce        0x8 zephyr/arch/arch/arm/core/aarch32/libarch__arm__core__aarch32.a(irq_manage.c.obj)
                0x000000000000a5ce                z_irq_spurious
 .text.z_arm_nmi
                0x000000000000a5d6        0xe zephyr/arch/arch/arm/core/aarch32/libarch__arm__core__aarch32.a(nmi.c.obj)
                0x000000000000a5d6                z_arm_nmi
 .text.z_log_msg2_runtime_create.constprop.0
                0x000000000000a5e4       0x20 zephyr/arch/arch/arm/core/aarch32/cortex_m/libarch__arm__core__aarch32__cortex_m.a(fault.c.obj)
 .text.z_log_msg2_runtime_create.constprop.0
                0x000000000000a604       0x20 zephyr/arch/arch/arm/core/aarch32/mpu/libarch__arm__core__aarch32__mpu.a(arm_mpu.c.obj)
 .text._stdout_hook_default
                0x000000000000a624        0x6 zephyr/lib/libc/newlib/liblib__libc__newlib.a(libc-hooks.c.obj)
 .text.pm_state_set
                0x000000000000a62a       0x18 zephyr/soc/arm/nordic_nrf/nrf52/libsoc__arm__nordic_nrf__nrf52.a(power.c.obj)
                0x000000000000a62a                pm_state_set
 .text.pm_state_exit_post_ops
                0x000000000000a642        0xc zephyr/soc/arm/nordic_nrf/nrf52/libsoc__arm__nordic_nrf__nrf52.a(power.c.obj)
                0x000000000000a642                pm_state_exit_post_ops
 .text.set_on_state
                0x000000000000a64e       0x26 zephyr/drivers/clock_control/libdrivers__clock_control.a(clock_control_nrf.c.obj)
 .text.async_start
                0x000000000000a674       0x5c zephyr/drivers/clock_control/libdrivers__clock_control.a(clock_control_nrf.c.obj)
 .text.api_start
                0x000000000000a6d0        0xe zephyr/drivers/clock_control/libdrivers__clock_control.a(clock_control_nrf.c.obj)
 .text.onoff_started_callback
                0x000000000000a6de        0xc zephyr/drivers/clock_control/libdrivers__clock_control.a(clock_control_nrf.c.obj)
 .text.lfclk_start
                0x000000000000a6ea        0x6 zephyr/drivers/clock_control/libdrivers__clock_control.a(clock_control_nrf.c.obj)
 .text.lfclk_stop
                0x000000000000a6f0        0x6 zephyr/drivers/clock_control/libdrivers__clock_control.a(clock_control_nrf.c.obj)
 .text.api_stop
                0x000000000000a6f6        0x6 zephyr/drivers/clock_control/libdrivers__clock_control.a(clock_control_nrf.c.obj)
 .text.blocking_start_callback
                0x000000000000a6fc        0x6 zephyr/drivers/clock_control/libdrivers__clock_control.a(clock_control_nrf.c.obj)
 .text.gpio_nrfx_port_get_raw
                0x000000000000a702        0xe zephyr/drivers/gpio/libdrivers__gpio.a(gpio_nrfx.c.obj)
 .text.gpio_nrfx_port_set_masked_raw
                0x000000000000a710       0x16 zephyr/drivers/gpio/libdrivers__gpio.a(gpio_nrfx.c.obj)
 .text.gpio_nrfx_port_set_bits_raw
                0x000000000000a726        0xc zephyr/drivers/gpio/libdrivers__gpio.a(gpio_nrfx.c.obj)
 .text.gpio_nrfx_port_clear_bits_raw
                0x000000000000a732        0xc zephyr/drivers/gpio/libdrivers__gpio.a(gpio_nrfx.c.obj)
 .text.gpio_nrfx_port_toggle_bits
                0x000000000000a73e       0x12 zephyr/drivers/gpio/libdrivers__gpio.a(gpio_nrfx.c.obj)
 .text.uarte_nrfx_config_get
                0x000000000000a750       0x10 zephyr/drivers/serial/libdrivers__serial.a(uart_nrfx_uarte.c.obj)
 .text.uarte_nrfx_err_check
                0x000000000000a760        0xe zephyr/drivers/serial/libdrivers__serial.a(uart_nrfx_uarte.c.obj)
 .text.tx_start
                0x000000000000a76e       0x4c zephyr/drivers/serial/libdrivers__serial.a(uart_nrfx_uarte.c.obj)
 .text.user_callback
                0x000000000000a7ba        0xe zephyr/drivers/serial/libdrivers__serial.a(uart_nrfx_uarte.c.obj)
 .text.notify_uart_rx_rdy
                0x000000000000a7c8       0x32 zephyr/drivers/serial/libdrivers__serial.a(uart_nrfx_uarte.c.obj)
 .text.rx_buf_release
                0x000000000000a7fa       0x30 zephyr/drivers/serial/libdrivers__serial.a(uart_nrfx_uarte.c.obj)
 .text.notify_rx_disable
                0x000000000000a82a       0x22 zephyr/drivers/serial/libdrivers__serial.a(uart_nrfx_uarte.c.obj)
 .text.uarte_nrfx_rx_buf_rsp
                0x000000000000a84c       0x50 zephyr/drivers/serial/libdrivers__serial.a(uart_nrfx_uarte.c.obj)
 .text.uarte_nrfx_callback_set
                0x000000000000a89c       0x14 zephyr/drivers/serial/libdrivers__serial.a(uart_nrfx_uarte.c.obj)
 .text.uarte_nrfx_poll_in
                0x000000000000a8b0       0x30 zephyr/drivers/serial/libdrivers__serial.a(uart_nrfx_uarte.c.obj)
 .text.uarte_nrfx_rx_disable
                0x000000000000a8e0       0x42 zephyr/drivers/serial/libdrivers__serial.a(uart_nrfx_uarte.c.obj)
 .text.rx_flush.isra.0
                0x000000000000a922       0x6a zephyr/drivers/serial/libdrivers__serial.a(uart_nrfx_uarte.c.obj)
 .text.setup_tx_cache.isra.0
                0x000000000000a98c       0x28 zephyr/drivers/serial/libdrivers__serial.a(uart_nrfx_uarte.c.obj)
 .text.async_uart_release
                0x000000000000a9b4       0x4e zephyr/drivers/serial/libdrivers__serial.a(uart_nrfx_uarte.c.obj)
 .text.is_tx_ready.isra.0
                0x000000000000aa02       0x20 zephyr/drivers/serial/libdrivers__serial.a(uart_nrfx_uarte.c.obj)
 .text.start_tx_locked
                0x000000000000aa22       0x32 zephyr/drivers/serial/libdrivers__serial.a(uart_nrfx_uarte.c.obj)
 .text.uarte_1_init
                0x000000000000aa54       0x1e zephyr/drivers/serial/libdrivers__serial.a(uart_nrfx_uarte.c.obj)
 .text.uarte_0_init
                0x000000000000aa72       0x1e zephyr/drivers/serial/libdrivers__serial.a(uart_nrfx_uarte.c.obj)
 .text.rx_timeout
                0x000000000000aa90       0x9c zephyr/drivers/serial/libdrivers__serial.a(uart_nrfx_uarte.c.obj)
 .text.uarte_nrfx_tx_abort
                0x000000000000ab2c       0x28 zephyr/drivers/serial/libdrivers__serial.a(uart_nrfx_uarte.c.obj)
 .text.tx_timeout
                0x000000000000ab54        0x8 zephyr/drivers/serial/libdrivers__serial.a(uart_nrfx_uarte.c.obj)
 .text.sys_clock_idle_exit
                0x000000000000ab5c        0x2 zephyr/drivers/timer/libdrivers__timer.a(sys_clock_init.c.obj)
                0x000000000000ab5c                sys_clock_idle_exit
 .text.sys_clock_cycle_get_32
                0x000000000000ab5e        0x8 zephyr/drivers/timer/libdrivers__timer.a(nrf_rtc_timer.c.obj)
                0x000000000000ab5e                sys_clock_cycle_get_32
 .text.pinctrl_lookup_state
                0x000000000000ab66       0x30 zephyr/drivers/pinctrl/libdrivers__pinctrl.a(common.c.obj)
                0x000000000000ab66                pinctrl_lookup_state
 .text.nrf_gpio_pin_clear
                0x000000000000ab96       0x1a zephyr/drivers/pinctrl/libdrivers__pinctrl.a(pinctrl_nrf.c.obj)
 .text.nrf_gpio_pin_set
                0x000000000000abb0       0x1a zephyr/drivers/pinctrl/libdrivers__pinctrl.a(pinctrl_nrf.c.obj)
 .text.nrf_gpio_pin_write
                0x000000000000abca        0xa zephyr/drivers/pinctrl/libdrivers__pinctrl.a(pinctrl_nrf.c.obj)
 .text.nrf_pin_configure
                0x000000000000abd4       0x40 zephyr/drivers/pinctrl/libdrivers__pinctrl.a(pinctrl_nrf.c.obj)
 .text.pinctrl_configure_pins
                0x000000000000ac14      0x13e zephyr/drivers/pinctrl/libdrivers__pinctrl.a(pinctrl_nrf.c.obj)
                0x000000000000ac14                pinctrl_configure_pins
 .text.hw_cc3xx_init_internal
                0x000000000000ad52        0x4 modules/nrf/drivers/hw_cc310/lib..__nrf__drivers__hw_cc310.a(hw_cc310.c.obj)
 .text.hw_cc3xx_init
                0x000000000000ad56       0x12 modules/nrf/drivers/hw_cc310/lib..__nrf__drivers__hw_cc310.a(hw_cc310.c.obj)
 .text.nrfx_isr
                0x000000000000ad68        0x2 modules/hal_nordic/nrfx/libmodules__hal_nordic__nrfx.a(nrfx_glue.c.obj)
                0x000000000000ad68                nrfx_isr
 .text.nrfx_busy_wait
                0x000000000000ad6a        0x4 modules/hal_nordic/nrfx/libmodules__hal_nordic__nrfx.a(nrfx_glue.c.obj)
                0x000000000000ad6a                nrfx_busy_wait
 .text.nrf_gpio_pin_present_check
                0x000000000000ad6e       0x22 modules/hal_nordic/nrfx/libmodules__hal_nordic__nrfx.a(nrfx_gpiote.c.obj)
 .text.pin_is_task_output
                0x000000000000ad90       0x16 modules/hal_nordic/nrfx/libmodules__hal_nordic__nrfx.a(nrfx_gpiote.c.obj)
 .text.nrf_gpio_reconfigure
                0x000000000000ada6       0x9a modules/hal_nordic/nrfx/libmodules__hal_nordic__nrfx.a(nrfx_gpiote.c.obj)
 .text.nrf_gpio_cfg_sense_set
                0x000000000000ae40       0x1e modules/hal_nordic/nrfx/libmodules__hal_nordic__nrfx.a(nrfx_gpiote.c.obj)
 .text.SEGGER_RTT_Init
                0x000000000000ae5e        0x4 modules/segger/libmodules__segger.a(SEGGER_RTT.c.obj)
                0x000000000000ae5e                SEGGER_RTT_Init
 .text.rtt_init
                0x000000000000ae62        0xa modules/segger/libmodules__segger.a(SEGGER_RTT_zephyr.c.obj)
 .text.z_device_state_init
                0x000000000000ae6c        0x2 zephyr/kernel/libkernel.a(device.c.obj)
                0x000000000000ae6c                z_device_state_init
 .text.z_device_is_ready
                0x000000000000ae6e       0x14 zephyr/kernel/libkernel.a(device.c.obj)
                0x000000000000ae6e                z_device_is_ready
 .text.z_log_msg2_runtime_create.constprop.0
                0x000000000000ae82       0x20 zephyr/kernel/libkernel.a(fatal.c.obj)
 .text.z_early_memset
                0x000000000000aea2        0x4 zephyr/kernel/libkernel.a(init.c.obj)
                0x000000000000aea2                z_early_memset
 .text.z_early_memcpy
                0x000000000000aea6        0x4 zephyr/kernel/libkernel.a(init.c.obj)
                0x000000000000aea6                z_early_memcpy
 .text.k_mem_slab_init
                0x000000000000aeaa       0x38 zephyr/kernel/libkernel.a(mem_slab.c.obj)
                0x000000000000aeaa                k_mem_slab_init
 .text.k_is_in_isr
                0x000000000000aee2        0xc zephyr/kernel/libkernel.a(thread.c.obj)
                0x000000000000aee2                k_is_in_isr
 .text.k_thread_name_get
                0x000000000000aeee        0x4 zephyr/kernel/libkernel.a(thread.c.obj)
                0x000000000000aeee                k_thread_name_get
 .text.z_pm_save_idle_exit
                0x000000000000aef2        0xe zephyr/kernel/libkernel.a(idle.c.obj)
                0x000000000000aef2                z_pm_save_idle_exit
 .text.adjust_owner_prio.isra.0
                0x000000000000af00       0x10 zephyr/kernel/libkernel.a(mutex.c.obj)
 .text.z_impl_k_mutex_init
                0x000000000000af10        0xe zephyr/kernel/libkernel.a(mutex.c.obj)
                0x000000000000af10                z_impl_k_mutex_init
 .text.z_impl_k_sem_init
                0x000000000000af1e       0x18 zephyr/kernel/libkernel.a(sem.c.obj)
                0x000000000000af1e                z_impl_k_sem_init
 .text.z_reschedule_irqlock
                0x000000000000af36       0x18 zephyr/kernel/libkernel.a(sched.c.obj)
                0x000000000000af36                z_reschedule_irqlock
 .text.z_reschedule_unlocked
                0x000000000000af4e       0x14 zephyr/kernel/libkernel.a(sched.c.obj)
 .text.sys_clock_tick_get_32
                0x000000000000af62        0x8 zephyr/kernel/libkernel.a(timeout.c.obj)
                0x000000000000af62                sys_clock_tick_get_32
 .text.z_impl_k_busy_wait
                0x000000000000af6a        0x8 zephyr/kernel/libkernel.a(timeout.c.obj)
                0x000000000000af6a                z_impl_k_busy_wait
 .text.sys_clock_timeout_end_calc
                0x000000000000af72       0x44 zephyr/kernel/libkernel.a(timeout.c.obj)
                0x000000000000af72                sys_clock_timeout_end_calc
 .text.k_timer_init
                0x000000000000afb6       0x18 zephyr/kernel/libkernel.a(timer.c.obj)
                0x000000000000afb6                k_timer_init
 .text.z_impl_k_timer_stop
                0x000000000000afce       0x3a zephyr/kernel/libkernel.a(timer.c.obj)
                0x000000000000afce                z_impl_k_timer_stop
 .text.k_malloc
                0x000000000000b008        0x8 zephyr/kernel/libkernel.a(mempool.c.obj)
                0x000000000000b008                k_malloc
 .text.k_heap_init
                0x000000000000b010       0x10 zephyr/kernel/libkernel.a(kheap.c.obj)
                0x000000000000b010                k_heap_init
 .text.k_mutex_unlock.isra.0
                0x000000000000b020        0x4 cab/libcab.a(cab.c.obj)
 .text.open_cab
                0x000000000000b024       0x58 cab/libcab.a(cab.c.obj)
                0x000000000000b024                open_cab
 .text.put_mes  0x000000000000b07c       0x36 cab/libcab.a(cab.c.obj)
                0x000000000000b07c                put_mes
 .text.get_mes  0x000000000000b0b2       0x36 cab/libcab.a(cab.c.obj)
                0x000000000000b0b2                get_mes
 .text.unget    0x000000000000b0e8       0x36 cab/libcab.a(cab.c.obj)
                0x000000000000b0e8                unget
 .text.nearObstSearch
                0x000000000000b11e       0x2e img_algo/libimg_algo.a(img_algo.c.obj)
                0x000000000000b11e                nearObstSearch
 .text.obstCount
                0x000000000000b14c       0x44 img_algo/libimg_algo.a(img_algo.c.obj)
                0x000000000000b14c                obstCount
 .text.atan2    0x000000000000b190        0x4 /Users/bernardofalle/zephyr-sdk-0.15.1/arm-zephyr-eabi/arm-zephyr-eabi/lib/thumb/v7e-m/nofp/libm_nano.a(lib_a-w_atan2.o)
                0x000000000000b190                atan2
 .text.fabs     0x000000000000b194        0x8 /Users/bernardofalle/zephyr-sdk-0.15.1/arm-zephyr-eabi/arm-zephyr-eabi/lib/thumb/v7e-m/nofp/libm_nano.a(lib_a-s_fabs.o)
                0x000000000000b194                fabs
 .text.memcpy   0x000000000000b19c       0x1c /Users/bernardofalle/zephyr-sdk-0.15.1/arm-zephyr-eabi/arm-zephyr-eabi/lib/thumb/v7e-m/nofp/libc_nano.a(lib_a-memcpy-stub.o)
                0x000000000000b19c                memcpy
 .text.__memcpy_chk
                0x000000000000b1b8       0x26 /Users/bernardofalle/zephyr-sdk-0.15.1/arm-zephyr-eabi/arm-zephyr-eabi/lib/thumb/v7e-m/nofp/libc_nano.a(lib_a-memcpy_chk.o)
                0x000000000000b1b8                __memcpy_chk
 .text.memset   0x000000000000b1de       0x10 /Users/bernardofalle/zephyr-sdk-0.15.1/arm-zephyr-eabi/arm-zephyr-eabi/lib/thumb/v7e-m/nofp/libc_nano.a(lib_a-memset.o)
                0x000000000000b1de                memset
 .text.strcpy   0x000000000000b1ee       0x10 /Users/bernardofalle/zephyr-sdk-0.15.1/arm-zephyr-eabi/arm-zephyr-eabi/lib/thumb/v7e-m/nofp/libc_nano.a(lib_a-strcpy.o)
                0x000000000000b1ee                strcpy
 .text.strnlen  0x000000000000b1fe       0x18 /Users/bernardofalle/zephyr-sdk-0.15.1/arm-zephyr-eabi/arm-zephyr-eabi/lib/thumb/v7e-m/nofp/libc_nano.a(lib_a-strnlen.o)
                0x000000000000b1fe                strnlen
 *(SORT_BY_ALIGNMENT(.TEXT.*))
 *fill*         0x000000000000b216        0x2 
 .TEXT.z_arm_platform_init
                0x000000000000b218        0x4 zephyr/libzephyr.a(soc_nrf_common.S.obj)
                0x000000000000b218                z_arm_platform_init
 *(SORT_BY_ALIGNMENT(.gnu.linkonce.t.*))
 *(SORT_BY_ALIGNMENT(.glue_7t))
 .glue_7t       0x000000000000b21c        0x0 linker stubs
 *(SORT_BY_ALIGNMENT(.glue_7))
 .glue_7        0x000000000000b21c        0x0 linker stubs
 *(SORT_BY_ALIGNMENT(.vfp11_veneer))
 .vfp11_veneer  0x000000000000b21c        0x0 linker stubs
 *(SORT_BY_ALIGNMENT(.v4_bx))
 .v4_bx         0x000000000000b21c        0x0 linker stubs
                0x000000000000b21c                __text_region_end = .

.ARM.exidx      0x000000000000b21c        0x8
                0x000000000000b21c                __exidx_start = .
 *(SORT_BY_ALIGNMENT(.ARM.exidx*) SORT_BY_ALIGNMENT(gnu.linkonce.armexidx.*))
 .ARM.exidx     0x000000000000b21c        0x8 /Users/bernardofalle/zephyr-sdk-0.15.1/arm-zephyr-eabi/bin/../lib/gcc/arm-zephyr-eabi/12.1.0/thumb/v7e-m/nofp/libgcc.a(_udivmoddi4.o)
                0x000000000000b224                __exidx_end = .
                0x000000000000b224                __rodata_region_start = .

initlevel       0x000000000000b224       0x78
                0x000000000000b224                __init_start = .
                0x000000000000b224                __init_PRE_KERNEL_1_start = .
 *(SORT_BY_NAME(SORT_BY_ALIGNMENT(.z_init_PRE_KERNEL_1[0-9]_*)))
 .z_init_PRE_KERNEL_10_
                0x000000000000b224        0x8 zephyr/soc/arm/nordic_nrf/nrf52/libsoc__arm__nordic_nrf__nrf52.a(soc.c.obj)
 *(SORT_BY_NAME(SORT_BY_ALIGNMENT(.z_init_PRE_KERNEL_1[1-9][0-9]_*)))
 .z_init_PRE_KERNEL_130_
                0x000000000000b22c        0x8 zephyr/drivers/clock_control/libdrivers__clock_control.a(clock_control_nrf.c.obj)
 .z_init_PRE_KERNEL_130_
                0x000000000000b234        0x8 modules/segger/libmodules__segger.a(SEGGER_RTT_zephyr.c.obj)
 .z_init_PRE_KERNEL_130_
                0x000000000000b23c        0x8 zephyr/kernel/libkernel.a(mem_slab.c.obj)
 .z_init_PRE_KERNEL_130_
                0x000000000000b244        0x8 zephyr/kernel/libkernel.a(kheap.c.obj)
 .z_init_PRE_KERNEL_140_
                0x000000000000b24c       0x10 zephyr/drivers/gpio/libdrivers__gpio.a(gpio_nrfx.c.obj)
 .z_init_PRE_KERNEL_140_
                0x000000000000b25c        0x8 modules/nrf/drivers/hw_cc310/lib..__nrf__drivers__hw_cc310.a(hw_cc310.c.obj)
 .z_init_PRE_KERNEL_155_
                0x000000000000b264       0x10 zephyr/drivers/serial/libdrivers__serial.a(uart_nrfx_uarte.c.obj)
 .z_init_PRE_KERNEL_160_
                0x000000000000b274        0x8 zephyr/drivers/console/libdrivers__console.a(uart_console.c.obj)
                0x000000000000b27c                __init_PRE_KERNEL_2_start = .
 *(SORT_BY_NAME(SORT_BY_ALIGNMENT(.z_init_PRE_KERNEL_2[0-9]_*)))
 .z_init_PRE_KERNEL_20_
                0x000000000000b27c        0x8 zephyr/drivers/timer/libdrivers__timer.a(nrf_rtc_timer.c.obj)
 *(SORT_BY_NAME(SORT_BY_ALIGNMENT(.z_init_PRE_KERNEL_2[1-9][0-9]_*)))
                0x000000000000b284                __init_POST_KERNEL_start = .
 *(SORT_BY_NAME(SORT_BY_ALIGNMENT(.z_init_POST_KERNEL[0-9]_*)))
 .z_init_POST_KERNEL0_
                0x000000000000b284        0x8 zephyr/libzephyr.a(log_core.c.obj)
 *(SORT_BY_NAME(SORT_BY_ALIGNMENT(.z_init_POST_KERNEL[1-9][0-9]_*)))
 .z_init_POST_KERNEL40_
                0x000000000000b28c        0x8 modules/nrf/drivers/hw_cc310/lib..__nrf__drivers__hw_cc310.a(hw_cc310.c.obj)
                0x000000000000b294                __init_APPLICATION_start = .
 *(SORT_BY_NAME(SORT_BY_ALIGNMENT(.z_init_APPLICATION[0-9]_*)))
 *(SORT_BY_NAME(SORT_BY_ALIGNMENT(.z_init_APPLICATION[1-9][0-9]_*)))
 .z_init_APPLICATION40_
                0x000000000000b294        0x8 zephyr/lib/libc/newlib/liblib__libc__newlib.a(libc-hooks.c.obj)
                0x000000000000b29c                __init_SMP_start = .
 *(SORT_BY_NAME(SORT_BY_ALIGNMENT(.z_init_SMP[0-9]_*)))
 *(SORT_BY_NAME(SORT_BY_ALIGNMENT(.z_init_SMP[1-9][0-9]_*)))
                0x000000000000b29c                __init_end = .

devices         0x000000000000b29c       0x78
                0x000000000000b29c                __device_start = .
                0x000000000000b29c                __device_PRE_KERNEL_1_start = .
 *(SORT_BY_NAME(SORT_BY_ALIGNMENT(.z_device_PRE_KERNEL_1[0-9]_*)))
 *(SORT_BY_NAME(SORT_BY_ALIGNMENT(.z_device_PRE_KERNEL_1[1-9][0-9]_*)))
 .z_device_PRE_KERNEL_130_
                0x000000000000b29c       0x18 zephyr/drivers/clock_control/libdrivers__clock_control.a(clock_control_nrf.c.obj)
                0x000000000000b29c                __device_dts_ord_72
 .z_device_PRE_KERNEL_140_
                0x000000000000b2b4       0x30 zephyr/drivers/gpio/libdrivers__gpio.a(gpio_nrfx.c.obj)
                0x000000000000b2b4                __device_dts_ord_104
                0x000000000000b2cc                __device_dts_ord_11
 .z_device_PRE_KERNEL_155_
                0x000000000000b2e4       0x30 zephyr/drivers/serial/libdrivers__serial.a(uart_nrfx_uarte.c.obj)
                0x000000000000b2e4                __device_dts_ord_113
                0x000000000000b2fc                __device_dts_ord_112
                0x000000000000b314                __device_PRE_KERNEL_2_start = .
 *(SORT_BY_NAME(SORT_BY_ALIGNMENT(.z_device_PRE_KERNEL_2[0-9]_*)))
 *(SORT_BY_NAME(SORT_BY_ALIGNMENT(.z_device_PRE_KERNEL_2[1-9][0-9]_*)))
                0x000000000000b314                __device_POST_KERNEL_start = .
 *(SORT_BY_NAME(SORT_BY_ALIGNMENT(.z_device_POST_KERNEL[0-9]_*)))
 *(SORT_BY_NAME(SORT_BY_ALIGNMENT(.z_device_POST_KERNEL[1-9][0-9]_*)))
                0x000000000000b314                __device_APPLICATION_start = .
 *(SORT_BY_NAME(SORT_BY_ALIGNMENT(.z_device_APPLICATION[0-9]_*)))
 *(SORT_BY_NAME(SORT_BY_ALIGNMENT(.z_device_APPLICATION[1-9][0-9]_*)))
                0x000000000000b314                __device_SMP_start = .
 *(SORT_BY_NAME(SORT_BY_ALIGNMENT(.z_device_SMP[0-9]_*)))
 *(SORT_BY_NAME(SORT_BY_ALIGNMENT(.z_device_SMP[1-9][0-9]_*)))
                0x000000000000b314                __device_end = .

sw_isr_table    0x000000000000b314      0x180
                0x000000000000b314                . = ALIGN (0x0)
 *(SORT_BY_ALIGNMENT(.gnu.linkonce.sw_isr_table*))
 .gnu.linkonce.sw_isr_table
                0x000000000000b314      0x180 zephyr/CMakeFiles/zephyr_final.dir/isr_tables.c.obj
                0x000000000000b314                _sw_isr_table

initlevel_error
                0x000000000000b224        0x0
 *(SORT_BY_NAME(SORT_BY_ALIGNMENT(.z_init_[_A-Z0-9]*)))
                0x0000000000000001                ASSERT ((SIZEOF (initlevel_error) == 0x0), Undefined initialization levels used.)

app_shmem_regions
                0x000000000000b494        0x0
                0x000000000000b494                __app_shmem_regions_start = .
 *(SORT_BY_NAME(SORT_BY_ALIGNMENT(.app_regions.*)))
                0x000000000000b494                __app_shmem_regions_end = .

bt_l2cap_fixed_chan_area
                0x000000000000b494        0x0
                0x000000000000b494                _bt_l2cap_fixed_chan_list_start = .
 *(SORT_BY_NAME(SORT_BY_ALIGNMENT(._bt_l2cap_fixed_chan.static.*)))
                0x000000000000b494                _bt_l2cap_fixed_chan_list_end = .

bt_gatt_service_static_area
                0x000000000000b494        0x0
                0x000000000000b494                _bt_gatt_service_static_list_start = .
 *(SORT_BY_NAME(SORT_BY_ALIGNMENT(._bt_gatt_service_static.static.*)))
                0x000000000000b494                _bt_gatt_service_static_list_end = .

k_p4wq_initparam_area
                0x000000000000b494        0x0
                0x000000000000b494                _k_p4wq_initparam_list_start = .
 *(SORT_BY_NAME(SORT_BY_ALIGNMENT(._k_p4wq_initparam.static.*)))
                0x000000000000b494                _k_p4wq_initparam_list_end = .

log_strings_sections
                0x000000000000b494        0x0
                0x000000000000b494                __log_strings_start = .
 *(SORT_BY_NAME(SORT_BY_ALIGNMENT(.log_strings*)))
                0x000000000000b494                __log_strings_end = .

log_const_sections
                0x000000000000b494       0x48
                0x000000000000b494                __log_const_start = .
 *(SORT_BY_NAME(SORT_BY_ALIGNMENT(.log_const_*)))
 .log_const_clock_control
                0x000000000000b494        0x8 zephyr/drivers/clock_control/libdrivers__clock_control.a(clock_control_nrf.c.obj)
                0x000000000000b494                log_const_clock_control
 .log_const_fatal_error
                0x000000000000b49c        0x8 modules/nrf/lib/fatal_error/lib..__nrf__lib__fatal_error.a(fatal_error.c.obj)
                0x000000000000b49c                log_const_fatal_error
 .log_const_log
                0x000000000000b4a4        0x8 zephyr/libzephyr.a(log_core.c.obj)
                0x000000000000b4a4                log_const_log
 .log_const_log_uart
                0x000000000000b4ac        0x8 zephyr/libzephyr.a(log_backend_uart.c.obj)
                0x000000000000b4ac                log_const_log_uart
 .log_const_mpu
                0x000000000000b4b4        0x8 zephyr/arch/arch/arm/core/aarch32/mpu/libarch__arm__core__aarch32__mpu.a(arm_core_mpu.c.obj)
                0x000000000000b4b4                log_const_mpu
 .log_const_os  0x000000000000b4bc        0x8 zephyr/kernel/libkernel.a(init.c.obj)
                0x000000000000b4bc                log_const_os
 .log_const_pm  0x000000000000b4c4        0x8 zephyr/libzephyr.a(pm.c.obj)
                0x000000000000b4c4                log_const_pm
 .log_const_soc
                0x000000000000b4cc        0x8 zephyr/soc/arm/nordic_nrf/nrf52/libsoc__arm__nordic_nrf__nrf52.a(soc.c.obj)
                0x000000000000b4cc                log_const_soc
 .log_const_uart_nrfx_uarte
                0x000000000000b4d4        0x8 zephyr/drivers/serial/libdrivers__serial.a(uart_nrfx_uarte.c.obj)
                0x000000000000b4d4                log_const_uart_nrfx_uarte
                0x000000000000b4dc                __log_const_end = .

log_backends_sections
                0x000000000000b4dc       0x20
                0x000000000000b4dc                __log_backends_start = .
 *(SORT_BY_ALIGNMENT(._log_backend.*))
 ._log_backend.static.log_backend_uart
                0x000000000000b4dc       0x10 zephyr/libzephyr.a(log_backend_uart.c.obj)
 ._log_backend.static.log_backend_rtt
                0x000000000000b4ec       0x10 zephyr/libzephyr.a(log_backend_rtt.c.obj)
                0x000000000000b4fc                __log_backends_end = .

shell_area      0x000000000000b4fc        0x0
                0x000000000000b4fc                _shell_list_start = .
 *(SORT_BY_NAME(SORT_BY_ALIGNMENT(._shell.static.*)))
                0x000000000000b4fc                _shell_list_end = .

shell_root_cmds_sections
                0x000000000000b4fc        0x0
                0x000000000000b4fc                __shell_root_cmds_start = .
 *(SORT_BY_NAME(SORT_BY_ALIGNMENT(.shell_root_cmd_*)))
                0x000000000000b4fc                __shell_root_cmds_end = .

font_entry_sections
                0x000000000000b4fc        0x0
                0x000000000000b4fc                __font_entry_start = .
 *(SORT_BY_NAME(SORT_BY_ALIGNMENT(._cfb_font.*)))
                0x000000000000b4fc                __font_entry_end = .

tracing_backend_area
                0x000000000000b4fc        0x0
                0x000000000000b4fc                _tracing_backend_list_start = .
 *(SORT_BY_NAME(SORT_BY_ALIGNMENT(._tracing_backend.static.*)))
                0x000000000000b4fc                _tracing_backend_list_end = .

zephyr_dbg_info
 *(SORT_BY_ALIGNMENT(.dbg_thread_info))

device_handles  0x000000000000b4fc       0x1e
                0x000000000000b4fc                __device_handles_start = .
 *(SORT_BY_NAME(SORT_BY_ALIGNMENT(.__device_handles_pass2*)))
 .__device_handles_pass2
                0x000000000000b4fc       0x1e zephyr/CMakeFiles/zephyr_final.dir/dev_handles.c.obj
                0x000000000000b4fc                __devicehdl_DT_N_S_soc_S_uart_40002000
                0x000000000000b502                __devicehdl_DT_N_S_soc_S_uart_40028000
                0x000000000000b508                __devicehdl_DT_N_S_soc_S_gpio_50000000
                0x000000000000b50e                __devicehdl_DT_N_S_soc_S_gpio_50000300
                0x000000000000b514                __devicehdl_DT_N_S_soc_S_clock_40000000
                0x000000000000b51a                __device_handles_end = .

rodata          0x000000000000b520     0x1fac
 *(SORT_BY_ALIGNMENT(.rodata))
 *(SORT_BY_ALIGNMENT(.rodata.*))
 .rodata.delay_machine_code.0
                0x000000000000b520        0x6 zephyr/soc/arm/nordic_nrf/nrf52/libsoc__arm__nordic_nrf__nrf52.a(soc.c.obj)
 *fill*         0x000000000000b526        0x2 
 .rodata.CSWTCH.9
                0x000000000000b528       0x18 /Users/bernardofalle/zephyr-sdk-0.15.1/arm-zephyr-eabi/arm-zephyr-eabi/lib/thumb/v7e-m/nofp/libm_nano.a(lib_a-e_atan2.o)
 .rodata.CSWTCH.8
                0x000000000000b540       0x18 /Users/bernardofalle/zephyr-sdk-0.15.1/arm-zephyr-eabi/arm-zephyr-eabi/lib/thumb/v7e-m/nofp/libm_nano.a(lib_a-e_atan2.o)
 .rodata.atanlo
                0x000000000000b558       0x20 /Users/bernardofalle/zephyr-sdk-0.15.1/arm-zephyr-eabi/arm-zephyr-eabi/lib/thumb/v7e-m/nofp/libm_nano.a(lib_a-s_atan.o)
 .rodata.atanhi
                0x000000000000b578       0x20 /Users/bernardofalle/zephyr-sdk-0.15.1/arm-zephyr-eabi/arm-zephyr-eabi/lib/thumb/v7e-m/nofp/libm_nano.a(lib_a-s_atan.o)
 .rodata.uart_cfg
                0x000000000000b598        0x8 app/libapp.a(main.c.obj)
                0x000000000000b598                uart_cfg
 .rodata.format_table
                0x000000000000b5a0        0xc zephyr/libzephyr.a(log_core.c.obj)
 .rodata.colors
                0x000000000000b5ac       0x14 zephyr/libzephyr.a(log_output.c.obj)
 .rodata.severity
                0x000000000000b5c0       0x14 zephyr/libzephyr.a(log_output.c.obj)
 .rodata.log_backend_uart_api
                0x000000000000b5d4       0x20 zephyr/libzephyr.a(log_backend_uart.c.obj)
                0x000000000000b5d4                log_backend_uart_api
 .rodata.log_output_uart
                0x000000000000b5f4       0x10 zephyr/libzephyr.a(log_backend_uart.c.obj)
 .rodata.log_backend_rtt_api
                0x000000000000b604       0x20 zephyr/libzephyr.a(log_backend_rtt.c.obj)
                0x000000000000b604                log_backend_rtt_api
 .rodata.log_output_rtt
                0x000000000000b624       0x10 zephyr/libzephyr.a(log_backend_rtt.c.obj)
 .rodata.pmstates_DT_N_S_cpus_S_cpu_0
                0x000000000000b634        0x0 zephyr/libzephyr.a(state.c.obj)
 .rodata.apis   0x000000000000b634        0x8 zephyr/libzephyr.a(nrf_cc3xx_platform_abort_zephyr.c.obj)
 .rodata.mutexes
                0x000000000000b63c       0x14 zephyr/libzephyr.a(nrf_cc3xx_platform_mutex_zephyr.c.obj)
 .rodata.mutex_apis
                0x000000000000b650       0x10 zephyr/libzephyr.a(nrf_cc3xx_platform_mutex_zephyr.c.obj)
 .rodata.static_regions
                0x000000000000b660        0xc zephyr/arch/arch/arm/core/aarch32/mpu/libarch__arm__core__aarch32__mpu.a(arm_core_mpu.c.obj)
 .rodata.mpu_config
                0x000000000000b66c        0x8 zephyr/soc/arm/common/cortex_m/libsoc__arm__common__cortex_m.a(arm_mpu_regions.c.obj)
                0x000000000000b66c                mpu_config
 .rodata.mpu_regions
                0x000000000000b674       0x18 zephyr/soc/arm/common/cortex_m/libsoc__arm__common__cortex_m.a(arm_mpu_regions.c.obj)
 .rodata.transitions.0
                0x000000000000b68c        0xc zephyr/drivers/clock_control/libdrivers__clock_control.a(clock_control_nrf.c.obj)
 .rodata.config
                0x000000000000b698       0x18 zephyr/drivers/clock_control/libdrivers__clock_control.a(clock_control_nrf.c.obj)
 .rodata.clock_control_api
                0x000000000000b6b0       0x18 zephyr/drivers/clock_control/libdrivers__clock_control.a(clock_control_nrf.c.obj)
 .rodata.gpio_nrfx_p1_cfg
                0x000000000000b6c8       0x10 zephyr/drivers/gpio/libdrivers__gpio.a(gpio_nrfx.c.obj)
 .rodata.gpio_nrfx_p0_cfg
                0x000000000000b6d8       0x10 zephyr/drivers/gpio/libdrivers__gpio.a(gpio_nrfx.c.obj)
 .rodata.gpio_nrfx_drv_api_funcs
                0x000000000000b6e8       0x24 zephyr/drivers/gpio/libdrivers__gpio.a(gpio_nrfx.c.obj)
 .rodata.uarte_1z_config
                0x000000000000b70c       0x18 zephyr/drivers/serial/libdrivers__serial.a(uart_nrfx_uarte.c.obj)
 .rodata.__pinctrl_dev_config__device_dts_ord_113
                0x000000000000b724        0xc zephyr/drivers/serial/libdrivers__serial.a(uart_nrfx_uarte.c.obj)
 .rodata.__pinctrl_states__device_dts_ord_113
                0x000000000000b730        0x8 zephyr/drivers/serial/libdrivers__serial.a(uart_nrfx_uarte.c.obj)
 .rodata.__pinctrl_state_pins_0__device_dts_ord_113
                0x000000000000b738        0x8 zephyr/drivers/serial/libdrivers__serial.a(uart_nrfx_uarte.c.obj)
 .rodata.uarte_0z_config
                0x000000000000b740       0x18 zephyr/drivers/serial/libdrivers__serial.a(uart_nrfx_uarte.c.obj)
 .rodata.__pinctrl_dev_config__device_dts_ord_112
                0x000000000000b758        0xc zephyr/drivers/serial/libdrivers__serial.a(uart_nrfx_uarte.c.obj)
 .rodata.__pinctrl_states__device_dts_ord_112
                0x000000000000b764        0x8 zephyr/drivers/serial/libdrivers__serial.a(uart_nrfx_uarte.c.obj)
 .rodata.__pinctrl_state_pins_0__device_dts_ord_112
                0x000000000000b76c       0x10 zephyr/drivers/serial/libdrivers__serial.a(uart_nrfx_uarte.c.obj)
 .rodata.uart_nrfx_uarte_driver_api
                0x000000000000b77c       0x2c zephyr/drivers/serial/libdrivers__serial.a(uart_nrfx_uarte.c.obj)
 .rodata.levels.0
                0x000000000000b7a8       0x14 zephyr/kernel/libkernel.a(device.c.obj)
 .rodata._k_neg_eagain
                0x000000000000b7bc        0x4 zephyr/kernel/libkernel.a(errno.c.obj)
                0x000000000000b7bc                _k_neg_eagain
 .rodata.CSWTCH.16
                0x000000000000b7c0       0x14 zephyr/kernel/libkernel.a(fatal.c.obj)
 .rodata._global_impure_ptr
                0x000000000000b7d4        0x4 /Users/bernardofalle/zephyr-sdk-0.15.1/arm-zephyr-eabi/arm-zephyr-eabi/lib/thumb/v7e-m/nofp/libc_nano.a(lib_a-impure.o)
                0x000000000000b7d4                _global_impure_ptr
 .rodata.CSWTCH.12