Archive member included to satisfy reference by file (symbol)

app/libapp.a(main.c.obj)      (--whole-archive)
zephyr/libzephyr.a(cbprintf.c.obj)
                              (--whole-archive)
zephyr/libzephyr.a(cbprintf_packaged.c.obj)
                              (--whole-archive)
zephyr/libzephyr.a(crc32c_sw.c.obj)
                              (--whole-archive)
zephyr/libzephyr.a(crc32_sw.c.obj)
                              (--whole-archive)
zephyr/libzephyr.a(crc16_sw.c.obj)
                              (--whole-archive)
zephyr/libzephyr.a(crc8_sw.c.obj)
                              (--whole-archive)
zephyr/libzephyr.a(crc7_sw.c.obj)
                              (--whole-archive)
zephyr/libzephyr.a(dec.c.obj)
                              (--whole-archive)
zephyr/libzephyr.a(fdtable.c.obj)
                              (--whole-archive)
zephyr/libzephyr.a(hex.c.obj)
                              (--whole-archive)
zephyr/libzephyr.a(notify.c.obj)
                              (--whole-archive)
zephyr/libzephyr.a(printk.c.obj)
                              (--whole-archive)
zephyr/libzephyr.a(onoff.c.obj)
                              (--whole-archive)
zephyr/libzephyr.a(rb.c.obj)  (--whole-archive)
zephyr/libzephyr.a(sem.c.obj)
                              (--whole-archive)
zephyr/libzephyr.a(thread_entry.c.obj)
                              (--whole-archive)
zephyr/libzephyr.a(timeutil.c.obj)
                              (--whole-archive)
zephyr/libzephyr.a(heap.c.obj)
                              (--whole-archive)
zephyr/libzephyr.a(heap-validate.c.obj)
                              (--whole-archive)
zephyr/libzephyr.a(bitarray.c.obj)
                              (--whole-archive)
zephyr/libzephyr.a(multi_heap.c.obj)
                              (--whole-archive)
zephyr/libzephyr.a(cbprintf_complete.c.obj)
                              (--whole-archive)
zephyr/libzephyr.a(assert.c.obj)
                              (--whole-archive)
zephyr/libzephyr.a(mpsc_pbuf.c.obj)
                              (--whole-archive)
zephyr/libzephyr.a(reboot.c.obj)
                              (--whole-archive)
zephyr/libzephyr.a(configs.c.obj)
                              (--whole-archive)
zephyr/libzephyr.a(soc_nrf_common.S.obj)
                              (--whole-archive)
zephyr/libzephyr.a(validate_base_addresses.c.obj)
                              (--whole-archive)
zephyr/libzephyr.a(validate_enabled_instances.c.obj)
                              (--whole-archive)
zephyr/libzephyr.a(log_list.c.obj)
                              (--whole-archive)
zephyr/libzephyr.a(log_core.c.obj)
                              (--whole-archive)
zephyr/libzephyr.a(log_mgmt.c.obj)
                              (--whole-archive)
zephyr/libzephyr.a(log_msg.c.obj)
                              (--whole-archive)
zephyr/libzephyr.a(log_output.c.obj)
                              (--whole-archive)
zephyr/libzephyr.a(log_msg2.c.obj)
                              (--whole-archive)
zephyr/libzephyr.a(log_backend_uart.c.obj)
                              (--whole-archive)
zephyr/libzephyr.a(log_backend_rtt.c.obj)
                              (--whole-archive)
zephyr/libzephyr.a(pm.c.obj)  (--whole-archive)
zephyr/libzephyr.a(policy.c.obj)
                              (--whole-archive)
zephyr/libzephyr.a(state.c.obj)
                              (--whole-archive)
zephyr/libzephyr.a(tracing_none.c.obj)
                              (--whole-archive)
zephyr/libzephyr.a(nrf_cc3xx_platform_abort_zephyr.c.obj)
                              (--whole-archive)
zephyr/libzephyr.a(nrf_cc3xx_platform_mutex_zephyr.c.obj)
                              (--whole-archive)
zephyr/arch/common/libarch__common.a(sw_isr_common.c.obj)
                              (--whole-archive)
zephyr/arch/arch/arm/core/aarch32/libarch__arm__core__aarch32.a(cpu_idle.S.obj)
                              (--whole-archive)
zephyr/arch/arch/arm/core/aarch32/libarch__arm__core__aarch32.a(fatal.c.obj)
                              (--whole-archive)
zephyr/arch/arch/arm/core/aarch32/libarch__arm__core__aarch32.a(irq_manage.c.obj)
                              (--whole-archive)
zephyr/arch/arch/arm/core/aarch32/libarch__arm__core__aarch32.a(nmi.c.obj)
                              (--whole-archive)
zephyr/arch/arch/arm/core/aarch32/libarch__arm__core__aarch32.a(nmi_on_reset.S.obj)
                              (--whole-archive)
zephyr/arch/arch/arm/core/aarch32/libarch__arm__core__aarch32.a(prep_c.c.obj)
                              (--whole-archive)
zephyr/arch/arch/arm/core/aarch32/libarch__arm__core__aarch32.a(swap.c.obj)
                              (--whole-archive)
zephyr/arch/arch/arm/core/aarch32/libarch__arm__core__aarch32.a(swap_helper.S.obj)
                              (--whole-archive)
zephyr/arch/arch/arm/core/aarch32/libarch__arm__core__aarch32.a(thread.c.obj)
                              (--whole-archive)
[...]
Memory Configuration

Name             Origin             Length             Attributes
FLASH            0x0000000000000000 0x0000000000100000 xr
SRAM             0x0000000020000000 0x0000000000040000 xw
IDT_LIST         0x00000000fffff7ff 0x0000000000000800 xw
*default*        0x0000000000000000 0xffffffffffffffff

Linker script and memory map

LOAD zephyr/CMakeFiles/zephyr_pre1.dir/misc/empty_file.c.obj
LOAD zephyr/CMakeFiles/zephyr_pre1.dir/dev_handles.c.obj
LOAD zephyr/CMakeFiles/offsets.dir/./arch/arm/core/offsets/offsets.c.obj
                0x0000000000000020                _region_min_align = 0x20

.rel.plt        0x0000000000000000        0x0
 *(SORT_BY_ALIGNMENT(.rel.plt))
                [!provide]                        PROVIDE (__rel_iplt_start = .)
 *(SORT_BY_ALIGNMENT(.rel.iplt))
 .rel.iplt      0x0000000000000000        0x0 app/libapp.a(main.c.obj)
                [!provide]                        PROVIDE (__rel_iplt_end = .)

.rela.plt       0x0000000000000000        0x0
 *(SORT_BY_ALIGNMENT(.rela.plt))
                [!provide]                        PROVIDE (__rela_iplt_start = .)
 *(SORT_BY_ALIGNMENT(.rela.iplt))
                [!provide]                        PROVIDE (__rela_iplt_end = .)

.rel.dyn
 *(SORT_BY_ALIGNMENT(.rel.*))

.rela.dyn
 *(SORT_BY_ALIGNMENT(.rela.*))

/DISCARD/
 *(SORT_BY_ALIGNMENT(.plt))

/DISCARD/
 *(SORT_BY_ALIGNMENT(.iplt))
                0x0000000000000000                __rom_region_start = 0x0

rom_start       0x0000000000000000      0x100
                0x0000000000000000                . = 0x0
                0x0000000000000000                . = ALIGN (0x4)
                0x0000000000000000                . = ALIGN (0x80)
                0x0000000000000000                . = ALIGN (0x100)
                0x0000000000000000                _vector_start = .
 *(SORT_BY_ALIGNMENT(.exc_vector_table))
 *(SORT_BY_ALIGNMENT(.exc_vector_table.*))
 .exc_vector_table._vector_table_section
                0x0000000000000000       0x40 zephyr/arch/arch/arm/core/aarch32/cortex_m/libarch__arm__core__aarch32__cortex_m.a(vector_table.S.obj)
                0x0000000000000000                _vector_table
 *(SORT_BY_ALIGNMENT(.gnu.linkonce.irq_vector_table*))
 .gnu.linkonce.irq_vector_table
                0x0000000000000040       0xc0 zephyr/arch/common/libisr_tables.a(isr_tables.c.obj)
                0x0000000000000040                _irq_vector_table
 *(SORT_BY_ALIGNMENT(.vectors))
                0x0000000000000100                _vector_end = .

text            0x0000000000000100     0x97e8
                0x0000000000000100                __text_region_start = .
 *(SORT_BY_ALIGNMENT(.text))
 .text          0x0000000000000100      0x168 /Applications/ArmGNUToolchain/11.3.rel1/arm-none-eabi/bin/../lib/gcc/arm-none-eabi/11.3.1/thumb/v7e-m/nofp/libgcc.a(_arm_mulsf3.o)
                0x0000000000000100                __mulsf3
                0x0000000000000100                __aeabi_fmul
 .text          0x0000000000000268      0x21c /Applications/ArmGNUToolchain/11.3.rel1/arm-none-eabi/bin/../lib/gcc/arm-none-eabi/11.3.1/thumb/v7e-m/nofp/libgcc.a(_arm_addsubsf3.o)
                0x0000000000000268                __aeabi_frsub
                0x0000000000000270                __aeabi_fsub
                0x0000000000000270                __subsf3
                0x0000000000000274                __aeabi_fadd
                0x0000000000000274                __addsf3
                0x00000000000003d4                __aeabi_ui2f
                0x00000000000003d4                __floatunsisf
                0x00000000000003dc                __floatsisf
                0x00000000000003dc                __aeabi_i2f
                0x00000000000003f8                __aeabi_ul2f
                0x00000000000003f8                __floatundisf
                0x0000000000000408                __aeabi_l2f
                0x0000000000000408                __floatdisf
 .text          0x0000000000000484       0x40 /Applications/ArmGNUToolchain/11.3.rel1/arm-none-eabi/bin/../lib/gcc/arm-none-eabi/11.3.1/thumb/v7e-m/nofp/libgcc.a(_arm_fixunssfsi.o)
                0x0000000000000484                __aeabi_f2uiz
                0x0000000000000484                __fixunssfsi
 .text          0x00000000000004c4       0xa0 /Applications/ArmGNUToolchain/11.3.rel1/arm-none-eabi/bin/../lib/gcc/arm-none-eabi/11.3.1/thumb/v7e-m/nofp/libgcc.a(_aeabi_ldivmod.o)
                0x00000000000004c4                __aeabi_ldivmod
 .text          0x0000000000000564       0x30 /Applications/ArmGNUToolchain/11.3.rel1/arm-none-eabi/bin/../lib/gcc/arm-none-eabi/11.3.1/thumb/v7e-m/nofp/libgcc.a(_aeabi_uldivmod.o)
                0x0000000000000564                __aeabi_uldivmod
 .text          0x0000000000000594        0x4 /Applications/ArmGNUToolchain/11.3.rel1/arm-none-eabi/bin/../lib/gcc/arm-none-eabi/11.3.1/thumb/v7e-m/nofp/libgcc.a(_dvmd_tls.o)
                0x0000000000000594                __aeabi_ldiv0
                0x0000000000000594                __aeabi_idiv0
 *(SORT_BY_ALIGNMENT(.text.*))
 .text.gpio_pin_toggle_dt
                0x0000000000000598       0x50 app/libapp.a(main.c.obj)
 .text.gpio_pin_configure_dt
                0x00000000000005e8      0x13c app/libapp.a(main.c.obj)
 .text.gpio_pin_set_dt
                0x0000000000000724       0x8c app/libapp.a(main.c.obj)
 .text.button_pressed
                0x00000000000007b0       0x78 app/libapp.a(main.c.obj)
                0x00000000000007b0                button_pressed
 .text.thread_OUTPUT_code
                0x0000000000000828      0x134 app/libapp.a(main.c.obj)
                0x0000000000000828                thread_OUTPUT_code
 .text.thread_SENSOR_code
                0x000000000000095c       0xb8 app/libapp.a(main.c.obj)
                0x000000000000095c                thread_SENSOR_code
 .text.main     0x0000000000000a14      0x21c app/libapp.a(main.c.obj)
                0x0000000000000a14                main
 .text.filter   0x0000000000000c30       0x44 app/libapp.a(main.c.obj)
                0x0000000000000c30                filter
 .text.thread_FILTER_code
                0x0000000000000c74       0xd8 app/libapp.a(main.c.obj)
                0x0000000000000c74                thread_FILTER_code
 .text.cbvprintf_package
                0x0000000000000d4c      0x474 zephyr/libzephyr.a(cbprintf_packaged.c.obj)
                0x0000000000000d4c                cbvprintf_package
 .text.sys_notify_finalize
                0x00000000000011c0       0x40 zephyr/libzephyr.a(notify.c.obj)
                0x00000000000011c0                sys_notify_finalize
 .text.__printk_hook_install
                0x0000000000001200        0xc zephyr/libzephyr.a(printk.c.obj)
                0x0000000000001200                __printk_hook_install
 .text.process_event
                0x000000000000120c      0x3dc zephyr/libzephyr.a(onoff.c.obj)
 .text.transition_complete
                0x00000000000015e8       0x64 zephyr/libzephyr.a(onoff.c.obj)
 .text.onoff_request
                0x000000000000164c      0x130 zephyr/libzephyr.a(onoff.c.obj)
                0x000000000000164c                onoff_request
 .text.sys_heap_init
                0x000000000000177c      0x128 zephyr/libzephyr.a(heap.c.obj)
                0x000000000000177c                sys_heap_init
 .text.cbvprintf
                0x00000000000018a4      0x734 zephyr/libzephyr.a(cbprintf_complete.c.obj)
                0x00000000000018a4                cbvprintf
 .text.sys_reboot
                0x0000000000001fd8       0x28 zephyr/libzephyr.a(reboot.c.obj)
                0x0000000000001fd8                sys_reboot
 .text.msg_process
                0x0000000000002000       0x68 zephyr/libzephyr.a(log_core.c.obj)
 .text.log_format_func_t_get
                0x0000000000002068        0xc zephyr/libzephyr.a(log_core.c.obj)
                0x0000000000002068                log_format_func_t_get
 .text.log_core_init
                0x0000000000002074       0x28 zephyr/libzephyr.a(log_core.c.obj)
                0x0000000000002074                log_core_init
 .text.log_init
                0x000000000000209c       0x80 zephyr/libzephyr.a(log_core.c.obj)
                0x000000000000209c                log_init
 .text.z_impl_log_panic
                0x000000000000211c       0x40 zephyr/libzephyr.a(log_core.c.obj)
                0x000000000000211c                z_impl_log_panic
 .text.z_log_notify_backend_enabled
                0x000000000000215c        0xc zephyr/libzephyr.a(log_core.c.obj)
                0x000000000000215c                z_log_notify_backend_enabled
 .text.z_log_dropped
                0x0000000000002168       0x3c zephyr/libzephyr.a(log_core.c.obj)
                0x0000000000002168                z_log_dropped
 .text.z_log_msg2_commit
                0x00000000000021a4       0x1c zephyr/libzephyr.a(log_core.c.obj)
                0x00000000000021a4                z_log_msg2_commit
 .text.log_source_name_get
                0x00000000000021c0       0x1c zephyr/libzephyr.a(log_mgmt.c.obj)
                0x00000000000021c0                log_source_name_get
 .text.log_backend_enable
                0x00000000000021dc       0x54 zephyr/libzephyr.a(log_mgmt.c.obj)
                0x00000000000021dc                log_backend_enable
 .text.print_formatted
                0x0000000000002230       0x24 zephyr/libzephyr.a(log_output.c.obj)
 .text.prefix_print
                0x0000000000002254      0x148 zephyr/libzephyr.a(log_output.c.obj)
 .text.hexdump_line_print
                0x000000000000239c       0xdc zephyr/libzephyr.a(log_output.c.obj)
 .text.postfix_print
                0x0000000000002478       0x3c zephyr/libzephyr.a(log_output.c.obj)
 .text.log_output_msg2_process
                0x00000000000024b4       0xf0 zephyr/libzephyr.a(log_output.c.obj)
                0x00000000000024b4                log_output_msg2_process
 .text.log_output_timestamp_freq_set
                0x00000000000025a4       0x30 zephyr/libzephyr.a(log_output.c.obj)
                0x00000000000025a4                log_output_timestamp_freq_set
 .text.z_impl_z_log_msg2_runtime_vcreate
                0x00000000000025d4       0xcc zephyr/libzephyr.a(log_msg2.c.obj)
                0x00000000000025d4                z_impl_z_log_msg2_runtime_vcreate
 .text.char_out
                0x00000000000026a0       0x24 zephyr/libzephyr.a(log_backend_uart.c.obj)
 .text.format_set
                0x00000000000026c4        0xc zephyr/libzephyr.a(log_backend_uart.c.obj)
 .text.panic    0x00000000000026d0       0x14 zephyr/libzephyr.a(log_backend_uart.c.obj)
 .text.process  0x00000000000026e4       0x24 zephyr/libzephyr.a(log_backend_uart.c.obj)
 .text.log_backend_uart_init
                0x0000000000002708       0x3c zephyr/libzephyr.a(log_backend_uart.c.obj)
 .text.log_backend_rtt_init
                0x0000000000002744        0xc zephyr/libzephyr.a(log_backend_rtt.c.obj)
 .text.format_set
                0x0000000000002750        0xc zephyr/libzephyr.a(log_backend_rtt.c.obj)
 .text.panic    0x000000000000275c       0x14 zephyr/libzephyr.a(log_backend_rtt.c.obj)
 .text.process  0x0000000000002770       0x24 zephyr/libzephyr.a(log_backend_rtt.c.obj)
 .text.data_out_block_mode
                0x0000000000002794       0x70 zephyr/libzephyr.a(log_backend_rtt.c.obj)
 .text.pm_state_notify
                0x0000000000002804       0xc8 zephyr/libzephyr.a(pm.c.obj)
 .text.atomic_clear_bit.constprop.0
                0x00000000000028cc       0x30 zephyr/libzephyr.a(pm.c.obj)
 .text.pm_system_resume
                0x00000000000028fc       0x78 zephyr/libzephyr.a(pm.c.obj)
                0x00000000000028fc                pm_system_resume
 .text.pm_system_suspend
                0x0000000000002974       0xe8 zephyr/libzephyr.a(pm.c.obj)
                0x0000000000002974                pm_system_suspend
 .text.pm_policy_state_lock_is_active
                0x0000000000002a5c       0x1c zephyr/libzephyr.a(policy.c.obj)
                0x0000000000002a5c                pm_policy_state_lock_is_active
 .text.pm_policy_next_state
                0x0000000000002a78       0x9c zephyr/libzephyr.a(policy.c.obj)
                0x0000000000002a78                pm_policy_next_state
 .text.pm_state_cpu_get_all
                0x0000000000002b14       0x10 zephyr/libzephyr.a(state.c.obj)
                0x0000000000002b14                pm_state_cpu_get_all
 .text.nrf_cc3xx_platform_abort_init
                0x0000000000002b24        0xc zephyr/libzephyr.a(nrf_cc3xx_platform_abort_zephyr.c.obj)
                0x0000000000002b24                nrf_cc3xx_platform_abort_init
 .text.mutex_free_platform
                0x0000000000002b30       0x48 zephyr/libzephyr.a(nrf_cc3xx_platform_mutex_zephyr.c.obj)
 .text.mutex_lock_platform
                0x0000000000002b78       0x58 zephyr/libzephyr.a(nrf_cc3xx_platform_mutex_zephyr.c.obj)
 .text.mutex_unlock_platform
                0x0000000000002bd0       0x4c zephyr/libzephyr.a(nrf_cc3xx_platform_mutex_zephyr.c.obj)
 .text.mutex_init_platform
                0x0000000000002c1c       0x70 zephyr/libzephyr.a(nrf_cc3xx_platform_mutex_zephyr.c.obj)
 .text.nrf_cc3xx_platform_mutex_init
                0x0000000000002c8c       0x2c zephyr/libzephyr.a(nrf_cc3xx_platform_mutex_zephyr.c.obj)
                0x0000000000002c8c                nrf_cc3xx_platform_mutex_init
 .text.z_arm_cpu_idle_init
                0x0000000000002cb8        0xc zephyr/arch/arch/arm/core/aarch32/libarch__arm__core__aarch32.a(cpu_idle.S.obj)
                0x0000000000002cb8                z_arm_cpu_idle_init
 .text.arch_cpu_idle
                0x0000000000002cc4       0x1c zephyr/arch/arch/arm/core/aarch32/libarch__arm__core__aarch32.a(cpu_idle.S.obj)
                0x0000000000002cc4                arch_cpu_idle
 .text.arch_cpu_atomic_idle
                0x0000000000002ce0       0x14 zephyr/arch/arch/arm/core/aarch32/libarch__arm__core__aarch32.a(cpu_idle.S.obj)
                0x0000000000002ce0                arch_cpu_atomic_idle
 .text.z_arm_fatal_error
                0x0000000000002cf4       0xa0 zephyr/arch/arch/arm/core/aarch32/libarch__arm__core__aarch32.a(fatal.c.obj)
                0x0000000000002cf4                z_arm_fatal_error
 .text.arch_irq_enable
                0x0000000000002d94       0x1c zephyr/arch/arch/arm/core/aarch32/libarch__arm__core__aarch32.a(irq_manage.c.obj)
                0x0000000000002d94                arch_irq_enable
 .text.arch_irq_is_enabled
                0x0000000000002db0       0x1c zephyr/arch/arch/arm/core/aarch32/libarch__arm__core__aarch32.a(irq_manage.c.obj)
                0x0000000000002db0                arch_irq_is_enabled
 .text.z_arm_irq_priority_set
                0x0000000000002dcc       0x70 zephyr/arch/arch/arm/core/aarch32/libarch__arm__core__aarch32.a(irq_manage.c.obj)
                0x0000000000002dcc                z_arm_irq_priority_set
 .text.z_SysNmiOnReset
                0x0000000000002e3c        0x8 zephyr/arch/arch/arm/core/aarch32/libarch__arm__core__aarch32.a(nmi_on_reset.S.obj)
                0x0000000000002e3c                z_SysNmiOnReset
 .text.z_arm_prep_c
                0x0000000000002e44       0x38 zephyr/arch/arch/arm/core/aarch32/libarch__arm__core__aarch32.a(prep_c.c.obj)
                0x0000000000002e44                z_arm_prep_c
 .text.arch_swap
                0x0000000000002e7c       0x34 zephyr/arch/arch/arm/core/aarch32/libarch__arm__core__aarch32.a(swap.c.obj)
                0x0000000000002e7c                arch_swap
 .text.z_arm_pendsv
                0x0000000000002eb0       0x54 zephyr/arch/arch/arm/core/aarch32/libarch__arm__core__aarch32.a(swap_helper.S.obj)
                0x0000000000002eb0                z_arm_pendsv
 .text.z_arm_svc
                0x0000000000002f04       0x20 zephyr/arch/arch/arm/core/aarch32/libarch__arm__core__aarch32.a(swap_helper.S.obj)
                0x0000000000002f04                z_arm_svc
 .text.arch_new_thread
                0x0000000000002f24       0x38 zephyr/arch/arch/arm/core/aarch32/libarch__arm__core__aarch32.a(thread.c.obj)
                0x0000000000002f24                arch_new_thread
 .text.z_check_thread_stack_fail
                0x0000000000002f5c       0x2c zephyr/arch/arch/arm/core/aarch32/libarch__arm__core__aarch32.a(thread.c.obj)
                0x0000000000002f5c                z_check_thread_stack_fail
 .text.arch_switch_to_main_thread
                0x0000000000002f88       0x2c zephyr/arch/arch/arm/core/aarch32/libarch__arm__core__aarch32.a(thread.c.obj)
                0x0000000000002f88                arch_switch_to_main_thread
 .text._isr_wrapper
                0x0000000000002fb4       0x40 zephyr/arch/arch/arm/core/aarch32/libarch__arm__core__aarch32.a(isr_wrapper.S.obj)
                0x0000000000002fb4                _isr_wrapper
 .text._HandlerModeExit
                0x0000000000002ff4       0x1c zephyr/arch/arch/arm/core/aarch32/cortex_m/libarch__arm__core__aarch32__cortex_m.a(exc_exit.S.obj)
                0x0000000000002ff4                z_arm_exc_exit
                0x0000000000002ff4                z_arm_int_exit
 .text.bus_fault.constprop.0
                0x0000000000003010      0x11c zephyr/arch/arch/arm/core/aarch32/cortex_m/libarch__arm__core__aarch32__cortex_m.a(fault.c.obj)
 .text.usage_fault.constprop.0
                0x000000000000312c       0xf8 zephyr/arch/arch/arm/core/aarch32/cortex_m/libarch__arm__core__aarch32__cortex_m.a(fault.c.obj)
 .text.mem_manage_fault
                0x0000000000003224      0x18c zephyr/arch/arch/arm/core/aarch32/cortex_m/libarch__arm__core__aarch32__cortex_m.a(fault.c.obj)
 .text.z_arm_fault
                0x00000000000033b0      0x268 zephyr/arch/arch/arm/core/aarch32/cortex_m/libarch__arm__core__aarch32__cortex_m.a(fault.c.obj)
                0x00000000000033b0                z_arm_fault
 .text.z_arm_fault_init
                0x0000000000003618       0x10 zephyr/arch/arch/arm/core/aarch32/cortex_m/libarch__arm__core__aarch32__cortex_m.a(fault.c.obj)
                0x0000000000003618                z_arm_fault_init
 .text.__fault  0x0000000000003628       0x14 zephyr/arch/arch/arm/core/aarch32/cortex_m/libarch__arm__core__aarch32__cortex_m.a(fault_s.S.obj)
                0x0000000000003628                z_arm_bus_fault
                0x0000000000003628                z_arm_usage_fault
                0x0000000000003628                z_arm_mpu_fault
                0x0000000000003628                z_arm_exc_spurious
                0x0000000000003628                z_arm_debug_monitor
                0x0000000000003628                z_arm_hard_fault
 .text.z_arm_interrupt_init
                0x000000000000363c       0x18 zephyr/arch/arch/arm/core/aarch32/cortex_m/libarch__arm__core__aarch32__cortex_m.a(irq_init.c.obj)
                0x000000000000363c                z_arm_interrupt_init
 .text._reset_section
                0x0000000000003654       0x54 zephyr/arch/arch/arm/core/aarch32/cortex_m/libarch__arm__core__aarch32__cortex_m.a(reset.S.obj)
                0x0000000000003654                z_arm_reset
                0x0000000000003654                __start
 .text.z_arm_clear_arm_mpu_config
                0x00000000000036a8       0x24 zephyr/arch/arch/arm/core/aarch32/cortex_m/libarch__arm__core__aarch32__cortex_m.a(scb.c.obj)
                0x00000000000036a8                z_arm_clear_arm_mpu_config
 .text.z_arm_init_arch_hw_at_boot
                0x00000000000036cc       0x64 zephyr/arch/arch/arm/core/aarch32/cortex_m/libarch__arm__core__aarch32__cortex_m.a(scb.c.obj)
                0x00000000000036cc                z_arm_init_arch_hw_at_boot
 .text.z_impl_k_thread_abort
                0x0000000000003730       0x2c zephyr/arch/arch/arm/core/aarch32/cortex_m/libarch__arm__core__aarch32__cortex_m.a(thread_abort.c.obj)
                0x0000000000003730                z_impl_k_thread_abort
 .text.z_arm_configure_static_mpu_regions
                0x000000000000375c       0x18 zephyr/arch/arch/arm/core/aarch32/mpu/libarch__arm__core__aarch32__mpu.a(arm_core_mpu.c.obj)
                0x000000000000375c                z_arm_configure_static_mpu_regions
 .text.z_arm_configure_dynamic_mpu_regions
                0x0000000000003774       0x20 zephyr/arch/arch/arm/core/aarch32/mpu/libarch__arm__core__aarch32__mpu.a(arm_core_mpu.c.obj)
                0x0000000000003774                z_arm_configure_dynamic_mpu_regions
 .text.mpu_configure_regions
                0x0000000000003794       0xb0 zephyr/arch/arch/arm/core/aarch32/mpu/libarch__arm__core__aarch32__mpu.a(arm_mpu.c.obj)
 .text.arm_core_mpu_enable
                0x0000000000003844       0x18 zephyr/arch/arch/arm/core/aarch32/mpu/libarch__arm__core__aarch32__mpu.a(arm_mpu.c.obj)
                0x0000000000003844                arm_core_mpu_enable
 .text.arm_core_mpu_disable
                0x000000000000385c       0x14 zephyr/arch/arch/arm/core/aarch32/mpu/libarch__arm__core__aarch32__mpu.a(arm_mpu.c.obj)
                0x000000000000385c                arm_core_mpu_disable
 .text.arm_core_mpu_configure_static_mpu_regions
                0x0000000000003870       0x50 zephyr/arch/arch/arm/core/aarch32/mpu/libarch__arm__core__aarch32__mpu.a(arm_mpu.c.obj)
                0x0000000000003870                arm_core_mpu_configure_static_mpu_regions
 .text.arm_core_mpu_configure_dynamic_mpu_regions
                0x00000000000038c0       0x68 zephyr/arch/arch/arm/core/aarch32/mpu/libarch__arm__core__aarch32__mpu.a(arm_mpu.c.obj)
                0x00000000000038c0                arm_core_mpu_configure_dynamic_mpu_regions
 .text.z_arm_mpu_init
                0x0000000000003928       0xc4 zephyr/arch/arch/arm/core/aarch32/mpu/libarch__arm__core__aarch32__mpu.a(arm_mpu.c.obj)
                0x0000000000003928                z_arm_mpu_init
 .text.__stdout_hook_install
                0x00000000000039ec        0xc zephyr/lib/libc/minimal/liblib__libc__minimal.a(stdout_console.c.obj)
                0x00000000000039ec                __stdout_hook_install
 .text.nordicsemi_nrf52_init
                0x00000000000039f8       0x60 zephyr/soc/arm/nordic_nrf/nrf52/libsoc__arm__nordic_nrf__nrf52.a(soc.c.obj)
 .text.sys_arch_reboot
                0x0000000000003a58       0x2c zephyr/soc/arm/nordic_nrf/nrf52/libsoc__arm__nordic_nrf__nrf52.a(soc.c.obj)
                0x0000000000003a58                sys_arch_reboot
 .text.arch_busy_wait
                0x0000000000003a84       0x14 zephyr/soc/arm/nordic_nrf/nrf52/libsoc__arm__nordic_nrf__nrf52.a(soc.c.obj)
                0x0000000000003a84                arch_busy_wait
 .text.adc_nrfx_channel_setup
                0x0000000000003a98      0x104 zephyr/drivers/adc/libdrivers__adc.a(adc_nrfx_saadc.c.obj)
 .text.adc_context_start_sampling.isra.0
                0x0000000000003b9c       0x18 zephyr/drivers/adc/libdrivers__adc.a(adc_nrfx_saadc.c.obj)
 .text.adc_nrfx_read
                0x0000000000003bb4      0x1fc zephyr/drivers/adc/libdrivers__adc.a(adc_nrfx_saadc.c.obj)
 .text.init_saadc
                0x0000000000003db0       0x44 zephyr/drivers/adc/libdrivers__adc.a(adc_nrfx_saadc.c.obj)
 .text.saadc_irq_handler
                0x0000000000003df4       0xcc zephyr/drivers/adc/libdrivers__adc.a(adc_nrfx_saadc.c.obj)
 .text.onoff_start
                0x0000000000003ec0       0x3c zephyr/drivers/clock_control/libdrivers__clock_control.a(clock_control_nrf.c.obj)
 .text.get_status
                0x0000000000003efc       0x3c zephyr/drivers/clock_control/libdrivers__clock_control.a(clock_control_nrf.c.obj)
 .text.stop     0x0000000000003f38       0x80 zephyr/drivers/clock_control/libdrivers__clock_control.a(clock_control_nrf.c.obj)
 .text.onoff_stop
                0x0000000000003fb8       0x28 zephyr/drivers/clock_control/libdrivers__clock_control.a(clock_control_nrf.c.obj)
 .text.clk_init
                0x0000000000003fe0       0x58 zephyr/drivers/clock_control/libdrivers__clock_control.a(clock_control_nrf.c.obj)
 .text.clkstarted_handle.constprop.0
                0x0000000000004038       0x34 zephyr/drivers/clock_control/libdrivers__clock_control.a(clock_control_nrf.c.obj)
 .text.clock_event_handler
                0x000000000000406c       0x60 zephyr/drivers/clock_control/libdrivers__clock_control.a(clock_control_nrf.c.obj)
 .text.generic_hfclk_start
                0x00000000000040cc       0x64 zephyr/drivers/clock_control/libdrivers__clock_control.a(clock_control_nrf.c.obj)
 .text.api_blocking_start
                0x0000000000004130       0x34 zephyr/drivers/clock_control/libdrivers__clock_control.a(clock_control_nrf.c.obj)
 .text.generic_hfclk_stop
                0x0000000000004164       0x2c zephyr/drivers/clock_control/libdrivers__clock_control.a(clock_control_nrf.c.obj)
 .text.z_nrf_clock_control_lf_on
                0x0000000000004190      0x148 zephyr/drivers/clock_control/libdrivers__clock_control.a(clock_control_nrf.c.obj)
                0x0000000000004190                z_nrf_clock_control_lf_on
 .text.uart_console_init
                0x00000000000042d8       0x30 zephyr/drivers/console/libdrivers__console.a(uart_console.c.obj)
 .text.console_out
                0x0000000000004308       0x28 zephyr/drivers/console/libdrivers__console.a(uart_console.c.obj)
 .text.gpio_nrfx_manage_callback
                0x0000000000004330       0xac zephyr/drivers/gpio/libdrivers__gpio.a(gpio_nrfx.c.obj)
 .text.gpio_nrfx_pin_interrupt_configure
                0x00000000000043dc      0x130 zephyr/drivers/gpio/libdrivers__gpio.a(gpio_nrfx.c.obj)
 .text.gpio_nrfx_init
                0x000000000000450c       0x38 zephyr/drivers/gpio/libdrivers__gpio.a(gpio_nrfx.c.obj)
 .text.nrfx_gpio_handler
                0x0000000000004544       0x88 zephyr/drivers/gpio/libdrivers__gpio.a(gpio_nrfx.c.obj)
 .text.gpio_nrfx_pin_configure
                0x00000000000045cc      0x154 zephyr/drivers/gpio/libdrivers__gpio.a(gpio_nrfx.c.obj)
 .text.z_log_msg2_runtime_create.constprop.0
                0x0000000000004720       0x24 zephyr/drivers/serial/libdrivers__serial.a(uart_nrfx_uarte.c.obj)
 .text.uarte_nrfx_configure
                0x0000000000004744      0x164 zephyr/drivers/serial/libdrivers__serial.a(uart_nrfx_uarte.c.obj)
 .text.uarte_instance_init.constprop.0
                0x00000000000048a8      0x108 zephyr/drivers/serial/libdrivers__serial.a(uart_nrfx_uarte.c.obj)
 .text.uarte_nrfx_poll_out
                0x00000000000049b0       0xc4 zephyr/drivers/serial/libdrivers__serial.a(uart_nrfx_uarte.c.obj)
 .text.compare_int_lock
                0x0000000000004a74       0x48 zephyr/drivers/timer/libdrivers__timer.a(nrf_rtc_timer.c.obj)
 .text.sys_clock_timeout_handler
                0x0000000000004abc       0x74 zephyr/drivers/timer/libdrivers__timer.a(nrf_rtc_timer.c.obj)
 .text.compare_int_unlock
                0x0000000000004b30       0x5c zephyr/drivers/timer/libdrivers__timer.a(nrf_rtc_timer.c.obj)
 .text.z_nrf_rtc_timer_read
                0x0000000000004b8c       0x44 zephyr/drivers/timer/libdrivers__timer.a(nrf_rtc_timer.c.obj)
                0x0000000000004b8c                z_nrf_rtc_timer_read
 .text.compare_set
                0x0000000000004bd0      0x144 zephyr/drivers/timer/libdrivers__timer.a(nrf_rtc_timer.c.obj)
 .text.sys_clock_driver_init
                0x0000000000004d14       0x80 zephyr/drivers/timer/libdrivers__timer.a(nrf_rtc_timer.c.obj)
 .text.rtc_nrf_isr
                0x0000000000004d94       0xc8 zephyr/drivers/timer/libdrivers__timer.a(nrf_rtc_timer.c.obj)
                0x0000000000004d94                rtc_nrf_isr
 .text.sys_clock_set_timeout
                0x0000000000004e5c       0x64 zephyr/drivers/timer/libdrivers__timer.a(nrf_rtc_timer.c.obj)
                0x0000000000004e5c                sys_clock_set_timeout
 .text.sys_clock_elapsed
                0x0000000000004ec0       0x14 zephyr/drivers/timer/libdrivers__timer.a(nrf_rtc_timer.c.obj)
                0x0000000000004ec0                sys_clock_elapsed
 .text.nrf_gpio_pin_port_decode
                0x0000000000004ed4       0x84 zephyr/drivers/pinctrl/libdrivers__pinctrl.a(pinctrl_nrf.c.obj)
 .text.z_log_msg2_runtime_create.constprop.0
                0x0000000000004f58       0x24 modules/nrf/lib/fatal_error/lib..__nrf__lib__fatal_error.a(fatal_error.c.obj)
 .text.k_sys_fatal_error_handler
                0x0000000000004f7c       0x2c modules/nrf/lib/fatal_error/lib..__nrf__lib__fatal_error.a(fatal_error.c.obj)
                0x0000000000004f7c                k_sys_fatal_error_handler
 .text.nrf52_errata_98
                0x0000000000004fa8       0x24 modules/hal_nordic/nrfx/libmodules__hal_nordic__nrfx.a(system_nrf52840.c.obj)
 .text.nvmc_wait
                0x0000000000004fcc       0x10 modules/hal_nordic/nrfx/libmodules__hal_nordic__nrfx.a(system_nrf52840.c.obj)
                0x0000000000004fcc                nvmc_wait
 .text.SystemInit
                0x0000000000004fdc      0x1d4 modules/hal_nordic/nrfx/libmodules__hal_nordic__nrfx.a(system_nrf52840.c.obj)
                0x0000000000004fdc                SystemInit
 .text.nrfx_flag32_alloc
                0x00000000000051b0       0x40 modules/hal_nordic/nrfx/libmodules__hal_nordic__nrfx.a(nrfx_flag32_allocator.c.obj)
                0x00000000000051b0                nrfx_flag32_alloc
 .text.nrfx_flag32_free
                0x00000000000051f0       0x40 modules/hal_nordic/nrfx/libmodules__hal_nordic__nrfx.a(nrfx_flag32_allocator.c.obj)
                0x00000000000051f0                nrfx_flag32_free
 .text.clock_stop
                0x0000000000005230       0xe4 modules/hal_nordic/nrfx/libmodules__hal_nordic__nrfx.a(nrfx_clock.c.obj)
 .text.nrfx_clock_init
                0x0000000000005314       0x4c modules/hal_nordic/nrfx/libmodules__hal_nordic__nrfx.a(nrfx_clock.c.obj)
                0x0000000000005314                nrfx_clock_init
 .text.nrfx_clock_enable
                0x0000000000005360       0x48 modules/hal_nordic/nrfx/libmodules__hal_nordic__nrfx.a(nrfx_clock.c.obj)
                0x0000000000005360                nrfx_clock_enable
 .text.nrfx_clock_start
                0x00000000000053a8       0xc8 modules/hal_nordic/nrfx/libmodules__hal_nordic__nrfx.a(nrfx_clock.c.obj)
                0x00000000000053a8                nrfx_clock_start
 .text.nrfx_clock_stop
                0x0000000000005470       0x3c modules/hal_nordic/nrfx/libmodules__hal_nordic__nrfx.a(nrfx_clock.c.obj)
                0x0000000000005470                nrfx_clock_stop
 .text.nrfx_power_clock_irq_handler
                0x00000000000054ac       0x68 modules/hal_nordic/nrfx/libmodules__hal_nordic__nrfx.a(nrfx_clock.c.obj)
                0x00000000000054ac                nrfx_power_clock_irq_handler
 .text.pin_in_use_by_te
                0x0000000000005514       0x14 modules/hal_nordic/nrfx/libmodules__hal_nordic__nrfx.a(nrfx_gpiote.c.obj)
 .text.pin_has_trigger
                0x0000000000005528       0x18 modules/hal_nordic/nrfx/libmodules__hal_nordic__nrfx.a(nrfx_gpiote.c.obj)
 .text.pin_is_output
                0x0000000000005540       0x14 modules/hal_nordic/nrfx/libmodules__hal_nordic__nrfx.a(nrfx_gpiote.c.obj)
 .text.call_handler
                0x0000000000005554       0x3c modules/hal_nordic/nrfx/libmodules__hal_nordic__nrfx.a(nrfx_gpiote.c.obj)
 .text.release_handler
                0x0000000000005590       0x80 modules/hal_nordic/nrfx/libmodules__hal_nordic__nrfx.a(nrfx_gpiote.c.obj)
 .text.pin_handler_trigger_uninit
                0x0000000000005610       0x38 modules/hal_nordic/nrfx/libmodules__hal_nordic__nrfx.a(nrfx_gpiote.c.obj)
 .text.nrf_gpio_pin_port_decode
                0x0000000000005648       0x6c modules/hal_nordic/nrfx/libmodules__hal_nordic__nrfx.a(nrfx_gpiote.c.obj)
 .text.nrfx_gpiote_input_configure
                0x00000000000056b4      0x15c modules/hal_nordic/nrfx/libmodules__hal_nordic__nrfx.a(nrfx_gpiote.c.obj)
                0x00000000000056b4                nrfx_gpiote_input_configure
 .text.nrfx_gpiote_output_configure
                0x0000000000005810       0xe8 modules/hal_nordic/nrfx/libmodules__hal_nordic__nrfx.a(nrfx_gpiote.c.obj)
                0x0000000000005810                nrfx_gpiote_output_configure
 .text.nrfx_gpiote_global_callback_set
                0x00000000000058f8        0xc modules/hal_nordic/nrfx/libmodules__hal_nordic__nrfx.a(nrfx_gpiote.c.obj)
                0x00000000000058f8                nrfx_gpiote_global_callback_set
 .text.nrfx_gpiote_channel_get
                0x0000000000005904       0x54 modules/hal_nordic/nrfx/libmodules__hal_nordic__nrfx.a(nrfx_gpiote.c.obj)
                0x0000000000005904                nrfx_gpiote_channel_get
 .text.nrfx_gpiote_init
                0x0000000000005958       0x50 modules/hal_nordic/nrfx/libmodules__hal_nordic__nrfx.a(nrfx_gpiote.c.obj)
                0x0000000000005958                nrfx_gpiote_init
 .text.nrfx_gpiote_is_init
                0x00000000000059a8       0x14 modules/hal_nordic/nrfx/libmodules__hal_nordic__nrfx.a(nrfx_gpiote.c.obj)
                0x00000000000059a8                nrfx_gpiote_is_init
 .text.nrfx_gpiote_channel_free
                0x00000000000059bc        0xc modules/hal_nordic/nrfx/libmodules__hal_nordic__nrfx.a(nrfx_gpiote.c.obj)
                0x00000000000059bc                nrfx_gpiote_channel_free
 .text.nrfx_gpiote_channel_alloc
                0x00000000000059c8        0xc modules/hal_nordic/nrfx/libmodules__hal_nordic__nrfx.a(nrfx_gpiote.c.obj)
                0x00000000000059c8                nrfx_gpiote_channel_alloc
 .text.nrfx_gpiote_trigger_enable
                0x00000000000059d4       0xe8 modules/hal_nordic/nrfx/libmodules__hal_nordic__nrfx.a(nrfx_gpiote.c.obj)
                0x00000000000059d4                nrfx_gpiote_trigger_enable
 .text.nrfx_gpiote_trigger_disable
                0x0000000000005abc       0x54 modules/hal_nordic/nrfx/libmodules__hal_nordic__nrfx.a(nrfx_gpiote.c.obj)
                0x0000000000005abc                nrfx_gpiote_trigger_disable
 .text.nrfx_gpiote_pin_uninit
                0x0000000000005b10       0x48 modules/hal_nordic/nrfx/libmodules__hal_nordic__nrfx.a(nrfx_gpiote.c.obj)
                0x0000000000005b10                nrfx_gpiote_pin_uninit
 .text.nrfx_gpiote_irq_handler
                0x0000000000005b58      0x1b0 modules/hal_nordic/nrfx/libmodules__hal_nordic__nrfx.a(nrfx_gpiote.c.obj)
                0x0000000000005b58                nrfx_gpiote_irq_handler
 .text.nrfx_ppi_channel_alloc
                0x0000000000005d08        0xc modules/hal_nordic/nrfx/libmodules__hal_nordic__nrfx.a(nrfx_ppi.c.obj)
                0x0000000000005d08                nrfx_ppi_channel_alloc
 .text._DoInit  0x0000000000005d14       0x60 modules/segger/libmodules__segger.a(SEGGER_RTT.c.obj)
 .text.SEGGER_RTT_WriteSkipNoLock
                0x0000000000005d74       0x9c modules/segger/libmodules__segger.a(SEGGER_RTT.c.obj)
                0x0000000000005d74                SEGGER_RTT_WriteSkipNoLock
 .text.SEGGER_RTT_HasDataUp
                0x0000000000005e10       0x14 modules/segger/libmodules__segger.a(SEGGER_RTT.c.obj)
                0x0000000000005e10                SEGGER_RTT_HasDataUp
 .text.z_sys_init_run_level
                0x0000000000005e24       0x40 zephyr/kernel/libkernel.a(device.c.obj)
                0x0000000000005e24                z_sys_init_run_level
 .text.z_impl_device_get_binding
                0x0000000000005e64       0x54 zephyr/kernel/libkernel.a(device.c.obj)
                0x0000000000005e64                z_impl_device_get_binding
 .text.z_fatal_error
                0x0000000000005eb8       0xf4 zephyr/kernel/libkernel.a(fatal.c.obj)
                0x0000000000005eb8                z_fatal_error
 .text.bg_thread_main
                0x0000000000005fac       0x34 zephyr/kernel/libkernel.a(init.c.obj)
 .text.z_bss_zero
                0x0000000000005fe0       0x18 zephyr/kernel/libkernel.a(init.c.obj)
                0x0000000000005fe0                z_bss_zero
 .text.z_init_cpu
                0x0000000000005ff8       0x70 zephyr/kernel/libkernel.a(init.c.obj)
                0x0000000000005ff8                z_init_cpu
 .text.z_cstart
                0x0000000000006068       0xe0 zephyr/kernel/libkernel.a(init.c.obj)
                0x0000000000006068                z_cstart
 .text.init_mem_slab_module
                0x0000000000006148       0x74 zephyr/kernel/libkernel.a(mem_slab.c.obj)
 .text.k_mem_slab_alloc
                0x00000000000061bc       0xd8 zephyr/kernel/libkernel.a(mem_slab.c.obj)
                0x00000000000061bc                k_mem_slab_alloc
 .text.k_mem_slab_free
                0x0000000000006294       0xc8 zephyr/kernel/libkernel.a(mem_slab.c.obj)
                0x0000000000006294                k_mem_slab_free
 .text.z_setup_new_thread
                0x000000000000635c       0xc8 zephyr/kernel/libkernel.a(thread.c.obj)
                0x000000000000635c                z_setup_new_thread
 .text.z_impl_k_thread_create
                0x0000000000006424       0xa0 zephyr/kernel/libkernel.a(thread.c.obj)
                0x0000000000006424                z_impl_k_thread_create
 .text.z_init_static_threads
                0x00000000000064c4      0x110 zephyr/kernel/libkernel.a(thread.c.obj)
                0x00000000000064c4                z_init_static_threads
 .text.z_spin_lock_valid
                0x00000000000065d4       0x1c zephyr/kernel/libkernel.a(thread.c.obj)
                0x00000000000065d4                z_spin_lock_valid
 .text.z_spin_unlock_valid
                0x00000000000065f0       0x20 zephyr/kernel/libkernel.a(thread.c.obj)
                0x00000000000065f0                z_spin_unlock_valid
 .text.z_spin_lock_set_owner
                0x0000000000006610       0x10 zephyr/kernel/libkernel.a(thread.c.obj)
                0x0000000000006610                z_spin_lock_set_owner
 .text.idle     0x0000000000006620       0x64 zephyr/kernel/libkernel.a(idle.c.obj)
                0x0000000000006620                idle
 .text.z_impl_k_mutex_lock
                0x0000000000006684      0x1f4 zephyr/kernel/libkernel.a(mutex.c.obj)
                0x0000000000006684                z_impl_k_mutex_lock
 .text.z_impl_k_mutex_unlock
                0x0000000000006878      0x188 zephyr/kernel/libkernel.a(mutex.c.obj)
                0x0000000000006878                z_impl_k_mutex_unlock
 .text.z_impl_k_sem_give
                0x0000000000006a00       0x7c zephyr/kernel/libkernel.a(sem.c.obj)
                0x0000000000006a00                z_impl_k_sem_give
 .text.z_impl_k_sem_take
                0x0000000000006a7c      0x114 zephyr/kernel/libkernel.a(sem.c.obj)
                0x0000000000006a7c                z_impl_k_sem_take
 .text.z_reset_time_slice
                0x0000000000006b90       0x28 zephyr/kernel/libkernel.a(sched.c.obj)
                0x0000000000006b90                z_reset_time_slice
 .text.k_sched_time_slice_set
                0x0000000000006bb8       0xcc zephyr/kernel/libkernel.a(sched.c.obj)
                0x0000000000006bb8                k_sched_time_slice_set
 .text.z_unpend_thread_no_timeout
                0x0000000000006c84       0x90 zephyr/kernel/libkernel.a(sched.c.obj)
                0x0000000000006c84                z_unpend_thread_no_timeout
 .text.z_reschedule
                0x0000000000006d14       0x88 zephyr/kernel/libkernel.a(sched.c.obj)
                0x0000000000006d14                z_reschedule
 .text.k_sched_lock
                0x0000000000006d9c       0xe8 zephyr/kernel/libkernel.a(sched.c.obj)
                0x0000000000006d9c                k_sched_lock
 .text.z_priq_dumb_remove
                0x0000000000006e84       0x44 zephyr/kernel/libkernel.a(sched.c.obj)
                0x0000000000006e84                z_priq_dumb_remove
 .text.unpend_thread_no_timeout
                0x0000000000006ec8       0x44 zephyr/kernel/libkernel.a(sched.c.obj)
 .text.update_cache
                0x0000000000006f0c       0x70 zephyr/kernel/libkernel.a(sched.c.obj)
 .text.move_thread_to_end_of_prio_q
                0x0000000000006f7c       0xa4 zephyr/kernel/libkernel.a(sched.c.obj)
 .text.z_time_slice
                0x0000000000007020       0xf0 zephyr/kernel/libkernel.a(sched.c.obj)
                0x0000000000007020                z_time_slice
 .text.ready_thread
                0x0000000000007110       0x98 zephyr/kernel/libkernel.a(sched.c.obj)
 .text.z_ready_thread
                0x00000000000071a8       0x90 zephyr/kernel/libkernel.a(sched.c.obj)
                0x00000000000071a8                z_ready_thread
 .text.z_sched_start
                0x0000000000007238       0xa8 zephyr/kernel/libkernel.a(sched.c.obj)
                0x0000000000007238                z_sched_start
 .text.z_thread_timeout
                0x00000000000072e0       0xb4 zephyr/kernel/libkernel.a(sched.c.obj)
                0x00000000000072e0                z_thread_timeout
 .text.unready_thread
                0x0000000000007394       0x38 zephyr/kernel/libkernel.a(sched.c.obj)
 .text.add_to_waitq_locked
                0x00000000000073cc       0x7c zephyr/kernel/libkernel.a(sched.c.obj)
 .text.pend     0x0000000000007448       0xbc zephyr/kernel/libkernel.a(sched.c.obj)
 .text.z_pend_curr
                0x0000000000007504       0x60 zephyr/kernel/libkernel.a(sched.c.obj)
                0x0000000000007504                z_pend_curr
 .text.z_set_prio
                0x0000000000007564      0x12c zephyr/kernel/libkernel.a(sched.c.obj)
                0x0000000000007564                z_set_prio
 .text.z_impl_k_thread_suspend
                0x0000000000007690       0xd4 zephyr/kernel/libkernel.a(sched.c.obj)
                0x0000000000007690                z_impl_k_thread_suspend
 .text.k_sched_unlock
                0x0000000000007764       0xf8 zephyr/kernel/libkernel.a(sched.c.obj)
                0x0000000000007764                k_sched_unlock
 .text.z_unpend1_no_timeout
                0x000000000000785c       0x98 zephyr/kernel/libkernel.a(sched.c.obj)
                0x000000000000785c                z_unpend1_no_timeout
 .text.z_unpend_first_thread
                0x00000000000078f4       0xa0 zephyr/kernel/libkernel.a(sched.c.obj)
                0x00000000000078f4                z_unpend_first_thread
 .text.z_sched_init
                0x0000000000007994       0x18 zephyr/kernel/libkernel.a(sched.c.obj)
                0x0000000000007994                z_sched_init
 .text.z_impl_k_yield
                0x00000000000079ac      0x140 zephyr/kernel/libkernel.a(sched.c.obj)
                0x00000000000079ac                z_impl_k_yield
 .text.z_tick_sleep
                0x0000000000007aec      0x14c zephyr/kernel/libkernel.a(sched.c.obj)
 .text.z_impl_k_sleep
                0x0000000000007c38       0x70 zephyr/kernel/libkernel.a(sched.c.obj)
                0x0000000000007c38                z_impl_k_sleep
 .text.z_impl_z_current_get
                0x0000000000007ca8        0xc zephyr/kernel/libkernel.a(sched.c.obj)
                0x0000000000007ca8                z_impl_z_current_get
 .text.z_thread_abort
                0x0000000000007cb4      0x168 zephyr/kernel/libkernel.a(sched.c.obj)
                0x0000000000007cb4                z_thread_abort
 .text.z_data_copy
                0x0000000000007e1c       0x34 zephyr/kernel/libkernel.a(xip.c.obj)
                0x0000000000007e1c                z_data_copy
 .text.elapsed  0x0000000000007e50       0x14 zephyr/kernel/libkernel.a(timeout.c.obj)
 .text.next_timeout
                0x0000000000007e64       0x4c zephyr/kernel/libkernel.a(timeout.c.obj)
 .text.remove_timeout
                0x0000000000007eb0       0x34 zephyr/kernel/libkernel.a(timeout.c.obj)
 .text.z_add_timeout
                0x0000000000007ee4      0x190 zephyr/kernel/libkernel.a(timeout.c.obj)
                0x0000000000007ee4                z_add_timeout
 .text.z_abort_timeout
                0x0000000000008074       0x9c zephyr/kernel/libkernel.a(timeout.c.obj)
                0x0000000000008074                z_abort_timeout
 .text.z_get_next_timeout_expiry
                0x0000000000008110       0x90 zephyr/kernel/libkernel.a(timeout.c.obj)
                0x0000000000008110                z_get_next_timeout_expiry
 .text.z_set_timeout_expiry
                0x00000000000081a0       0xa0 zephyr/kernel/libkernel.a(timeout.c.obj)
                0x00000000000081a0                z_set_timeout_expiry
 .text.sys_clock_announce
                0x0000000000008240      0x174 zephyr/kernel/libkernel.a(timeout.c.obj)
                0x0000000000008240                sys_clock_announce
 .text.sys_clock_tick_get
                0x00000000000083b4       0xa0 zephyr/kernel/libkernel.a(timeout.c.obj)
                0x00000000000083b4                sys_clock_tick_get
 .text.z_timer_expiration_handler
                0x0000000000008454      0x16c zephyr/kernel/libkernel.a(timer.c.obj)
                0x0000000000008454                z_timer_expiration_handler
 .text.z_impl_k_timer_start
                0x00000000000085c0       0x98 zephyr/kernel/libkernel.a(timer.c.obj)
                0x00000000000085c0                z_impl_k_timer_start
 .text.k_thread_system_pool_assign
                0x0000000000008658        0xc zephyr/kernel/libkernel.a(mempool.c.obj)
                0x0000000000008658                k_thread_system_pool_assign
 .text.boot_banner
                0x0000000000008664       0x18 zephyr/kernel/libkernel.a(banner.c.obj)
                0x0000000000008664                boot_banner
 .text.statics_init
                0x000000000000867c       0x54 zephyr/kernel/libkernel.a(kheap.c.obj)
 .text.__udivmoddi4
                0x00000000000086d0      0x2c8 /Applications/ArmGNUToolchain/11.3.rel1/arm-none-eabi/bin/../lib/gcc/arm-none-eabi/11.3.1/thumb/v7e-m/nofp/libgcc.a(_udivmoddi4.o)
                0x00000000000086d0                __udivmoddi4
 .text.nrf_cc3xx_platform_init_no_rng
                0x0000000000008998       0x38 /Users/bernardofalle/ncs/nrfxlib/crypto/nrf_cc310_platform/lib/cortex-m4/soft-float/no-interrupts/libnrf_cc310_platform_0.9.14.a(nrf_cc3xx_platform.c.obj)
                0x0000000000008998                nrf_cc3xx_platform_init_no_rng
 .text.nrf_cc3xx_platform_abort
                0x00000000000089d0       0x24 /Users/bernardofalle/ncs/nrfxlib/crypto/nrf_cc310_platform/lib/cortex-m4/soft-float/no-interrupts/libnrf_cc310_platform_0.9.14.a(nrf_cc3xx_platform_abort.c.obj)
 .text.CC_PalAbort
                0x00000000000089f4       0x34 /Users/bernardofalle/ncs/nrfxlib/crypto/nrf_cc310_platform/lib/cortex-m4/soft-float/no-interrupts/libnrf_cc310_platform_0.9.14.a(nrf_cc3xx_platform_abort.c.obj)
                0x00000000000089f4                CC_PalAbort
 .text.nrf_cc3xx_platform_set_abort
                0x0000000000008a28       0x10 /Users/bernardofalle/ncs/nrfxlib/crypto/nrf_cc310_platform/lib/cortex-m4/soft-float/no-interrupts/libnrf_cc310_platform_0.9.14.a(nrf_cc3xx_platform_abort.c.obj)
                0x0000000000008a28                nrf_cc3xx_platform_set_abort
 .text.mutex_free
                0x0000000000008a38       0x28 /Users/bernardofalle/ncs/nrfxlib/crypto/nrf_cc310_platform/lib/cortex-m4/soft-float/no-interrupts/libnrf_cc310_platform_0.9.14.a(nrf_cc3xx_platform_mutex.c.obj)
 .text.mutex_lock
                0x0000000000008a60       0x40 /Users/bernardofalle/ncs/nrfxlib/crypto/nrf_cc310_platform/lib/cortex-m4/soft-float/no-interrupts/libnrf_cc310_platform_0.9.14.a(nrf_cc3xx_platform_mutex.c.obj)
 .text.mutex_unlock
                0x0000000000008aa0       0x2c /Users/bernardofalle/ncs/nrfxlib/crypto/nrf_cc310_platform/lib/cortex-m4/soft-float/no-interrupts/libnrf_cc310_platform_0.9.14.a(nrf_cc3xx_platform_mutex.c.obj)
 .text.mutex_init
                0x0000000000008acc       0x1c /Users/bernardofalle/ncs/nrfxlib/crypto/nrf_cc310_platform/lib/cortex-m4/soft-float/no-interrupts/libnrf_cc310_platform_0.9.14.a(nrf_cc3xx_platform_mutex.c.obj)
 .text.nrf_cc3xx_platform_set_mutexes
                0x0000000000008ae8       0x60 /Users/bernardofalle/ncs/nrfxlib/crypto/nrf_cc310_platform/lib/cortex-m4/soft-float/no-interrupts/libnrf_cc310_platform_0.9.14.a(nrf_cc3xx_platform_mutex.c.obj)
                0x0000000000008ae8                nrf_cc3xx_platform_set_mutexes
 .text.CC_LibInitNoRng
                0x0000000000008b48       0x64 /Users/bernardofalle/ncs/nrfxlib/crypto/nrf_cc310_platform/lib/cortex-m4/soft-float/no-interrupts/libnrf_cc310_platform_0.9.14.a(cc_lib.c.obj)
                0x0000000000008b48                CC_LibInitNoRng
 .text.CC_HalInit
                0x0000000000008bac        0x4 /Users/bernardofalle/ncs/nrfxlib/crypto/nrf_cc310_platform/lib/cortex-m4/soft-float/no-interrupts/libnrf_cc310_platform_0.9.14.a(cc_hal.c.obj)
                0x0000000000008bac                CC_HalInit
 .text.CC_HalTerminate
                0x0000000000008bb0        0x4 /Users/bernardofalle/ncs/nrfxlib/crypto/nrf_cc310_platform/lib/cortex-m4/soft-float/no-interrupts/libnrf_cc310_platform_0.9.14.a(cc_hal.c.obj)
                0x0000000000008bb0                CC_HalTerminate
 .text.CC_HalMaskInterrupt
                0x0000000000008bb4        0xc /Users/bernardofalle/ncs/nrfxlib/crypto/nrf_cc310_platform/lib/cortex-m4/soft-float/no-interrupts/libnrf_cc310_platform_0.9.14.a(cc_hal.c.obj)
                0x0000000000008bb4                CC_HalMaskInterrupt
 .text.CC_PalInit
                0x0000000000008bc0       0x5c /Users/bernardofalle/ncs/nrfxlib/crypto/nrf_cc310_platform/lib/cortex-m4/soft-float/no-interrupts/libnrf_cc310_platform_0.9.14.a(cc_pal.c.obj)
                0x0000000000008bc0                CC_PalInit
 .text.CC_PalTerminate
                0x0000000000008c1c       0x34 /Users/bernardofalle/ncs/nrfxlib/crypto/nrf_cc310_platform/lib/cortex-m4/soft-float/no-interrupts/libnrf_cc310_platform_0.9.14.a(cc_pal.c.obj)
                0x0000000000008c1c                CC_PalTerminate
 .text.CC_PalDmaInit
                0x0000000000008c50        0x4 /Users/bernardofalle/ncs/nrfxlib/crypto/nrf_cc310_platform/lib/cortex-m4/soft-float/no-interrupts/libnrf_cc310_platform_0.9.14.a(cc_pal_dma.c.obj)
                0x0000000000008c50                CC_PalDmaInit
 .text.CC_PalDmaTerminate
                0x0000000000008c54        0x4 /Users/bernardofalle/ncs/nrfxlib/crypto/nrf_cc310_platform/lib/cortex-m4/soft-float/no-interrupts/libnrf_cc310_platform_0.9.14.a(cc_pal_dma.c.obj)
                0x0000000000008c54                CC_PalDmaTerminate
 .text.CC_PalMutexCreate
                0x0000000000008c58       0x14 /Users/bernardofalle/ncs/nrfxlib/crypto/nrf_cc310_platform/lib/cortex-m4/soft-float/no-interrupts/libnrf_cc310_platform_0.9.14.a(cc_pal_mutex.c.obj)
                0x0000000000008c58                CC_PalMutexCreate
 .text.CC_PalMutexDestroy
                0x0000000000008c6c       0x14 /Users/bernardofalle/ncs/nrfxlib/crypto/nrf_cc310_platform/lib/cortex-m4/soft-float/no-interrupts/libnrf_cc310_platform_0.9.14.a(cc_pal_mutex.c.obj)
                0x0000000000008c6c                CC_PalMutexDestroy
 .text.CC_PalPowerSaveModeInit
                0x0000000000008c80       0x3c /Users/bernardofalle/ncs/nrfxlib/crypto/nrf_cc310_platform/lib/cortex-m4/soft-float/no-interrupts/libnrf_cc310_platform_0.9.14.a(cc_pal_pm.c.obj)
                0x0000000000008c80                CC_PalPowerSaveModeInit
 .text.CC_PalPowerSaveModeSelect
                0x0000000000008cbc       0x88 /Users/bernardofalle/ncs/nrfxlib/crypto/nrf_cc310_platform/lib/cortex-m4/soft-float/no-interrupts/libnrf_cc310_platform_0.9.14.a(cc_pal_pm.c.obj)
                0x0000000000008cbc                CC_PalPowerSaveModeSelect
 .text._OffsetAbsSyms
                0x0000000000008d44        0x2 zephyr/CMakeFiles/offsets.dir/./arch/arm/core/offsets/offsets.c.obj
                0x0000000000008d44                _OffsetAbsSyms
 .text.k_uptime_get
                0x0000000000008d46       0x1c app/libapp.a(main.c.obj)
 .text.cbpprintf_external
                0x0000000000008d62       0x5a zephyr/libzephyr.a(cbprintf_packaged.c.obj)
                0x0000000000008d62                cbpprintf_external
 .text.sys_notify_validate
                0x0000000000008dbc       0x22 zephyr/libzephyr.a(notify.c.obj)
                0x0000000000008dbc                sys_notify_validate
 .text.arch_printk_char_out
                0x0000000000008dde        0x4 zephyr/libzephyr.a(printk.c.obj)
                0x0000000000008dde                arch_printk_char_out
 .text.vprintk  0x0000000000008de2        0x4 zephyr/libzephyr.a(printk.c.obj)
                0x0000000000008de2                vprintk
 .text.printk   0x0000000000008de6       0x1a zephyr/libzephyr.a(printk.c.obj)
                0x0000000000008de6                printk
 .text.process_recheck
                0x0000000000008e00       0x38 zephyr/libzephyr.a(onoff.c.obj)
 .text.notify_one
                0x0000000000008e38       0x2c zephyr/libzephyr.a(onoff.c.obj)
 .text.validate_args
                0x0000000000008e64       0x1e zephyr/libzephyr.a(onoff.c.obj)
 .text.onoff_manager_init
                0x0000000000008e82       0x26 zephyr/libzephyr.a(onoff.c.obj)
                0x0000000000008e82                onoff_manager_init
 .text.z_thread_entry
                0x0000000000008ea8       0x14 zephyr/libzephyr.a(thread_entry.c.obj)
                0x0000000000008ea8                z_thread_entry
 .text.chunk_size
                0x0000000000008ebc        0xa zephyr/libzephyr.a(heap.c.obj)
 .text.free_list_add
                0x0000000000008ec6       0x4e zephyr/libzephyr.a(heap.c.obj)
 .text.encode_uint
                0x0000000000008f14       0x8c zephyr/libzephyr.a(cbprintf_complete.c.obj)
 .text.outs     0x0000000000008fa0       0x2c zephyr/libzephyr.a(cbprintf_complete.c.obj)
 .text.assert_post_action
                0x0000000000008fcc        0xe zephyr/libzephyr.a(assert.c.obj)
                0x0000000000008fcc                assert_post_action
 .text.assert_print
                0x0000000000008fda       0x1a zephyr/libzephyr.a(assert.c.obj)
                0x0000000000008fda                assert_print
 .text._ConfigAbsSyms
                0x0000000000008ff4        0x2 zephyr/libzephyr.a(configs.c.obj)
                0x0000000000008ff4                _ConfigAbsSyms
 .text.log_backend_is_active
                0x0000000000008ff6        0x6 zephyr/libzephyr.a(log_core.c.obj)
 .text.default_get_timestamp
                0x0000000000008ffc        0x4 zephyr/libzephyr.a(log_core.c.obj)
 .text.dummy_timestamp
                0x0000000000009000        0x4 zephyr/libzephyr.a(log_core.c.obj)
 .text.z_log_vprintk
                0x0000000000009004       0x1c zephyr/libzephyr.a(log_core.c.obj)
                0x0000000000009004                z_log_vprintk
 .text.enable_logger
                0x0000000000009020        0xa zephyr/libzephyr.a(log_core.c.obj)
 .text.z_log_get_tag
                0x000000000000902a        0x4 zephyr/libzephyr.a(log_core.c.obj)
                0x000000000000902a                z_log_get_tag
 .text.out_func
                0x000000000000902e       0x1c zephyr/libzephyr.a(log_output.c.obj)
 .text.cr_out_func
                0x000000000000904a       0x1a zephyr/libzephyr.a(log_output.c.obj)
 .text.buffer_write
                0x0000000000009064       0x1a zephyr/libzephyr.a(log_output.c.obj)
 .text.log_output_flush
                0x000000000000907e       0x1a zephyr/libzephyr.a(log_output.c.obj)
                0x000000000000907e                log_output_flush
 .text.z_log_msg2_finalize
                0x0000000000009098       0x34 zephyr/libzephyr.a(log_msg2.c.obj)
                0x0000000000009098                z_log_msg2_finalize
 .text.abort_function
                0x00000000000090cc        0x8 zephyr/libzephyr.a(nrf_cc3xx_platform_abort_zephyr.c.obj)
 .text.z_log_msg2_runtime_create.constprop.0
                0x00000000000090d4       0x20 zephyr/arch/arch/arm/core/aarch32/libarch__arm__core__aarch32.a(fatal.c.obj)
 .text.z_do_kernel_oops
                0x00000000000090f4        0x8 zephyr/arch/arch/arm/core/aarch32/libarch__arm__core__aarch32.a(fatal.c.obj)
                0x00000000000090f4                z_do_kernel_oops
 .text.z_irq_spurious
                0x00000000000090fc        0x8 zephyr/arch/arch/arm/core/aarch32/libarch__arm__core__aarch32.a(irq_manage.c.obj)
                0x00000000000090fc                z_irq_spurious
 .text.z_arm_nmi
                0x0000000000009104        0xe zephyr/arch/arch/arm/core/aarch32/libarch__arm__core__aarch32.a(nmi.c.obj)
                0x0000000000009104                z_arm_nmi
 .text.z_log_msg2_runtime_create.constprop.0
                0x0000000000009112       0x20 zephyr/arch/arch/arm/core/aarch32/cortex_m/libarch__arm__core__aarch32__cortex_m.a(fault.c.obj)
 .text.z_log_msg2_runtime_create.constprop.0
                0x0000000000009132       0x20 zephyr/arch/arch/arm/core/aarch32/mpu/libarch__arm__core__aarch32__mpu.a(arm_mpu.c.obj)
 .text.strcpy   0x0000000000009152       0x14 zephyr/lib/libc/minimal/liblib__libc__minimal.a(string.c.obj)
                0x0000000000009152                strcpy
 .text.strlen   0x0000000000009166        0xe zephyr/lib/libc/minimal/liblib__libc__minimal.a(string.c.obj)
                0x0000000000009166                strlen
 .text.strnlen  0x0000000000009174       0x12 zephyr/lib/libc/minimal/liblib__libc__minimal.a(string.c.obj)
                0x0000000000009174                strnlen
 .text.strcmp   0x0000000000009186       0x18 zephyr/lib/libc/minimal/liblib__libc__minimal.a(string.c.obj)
                0x0000000000009186                strcmp
 .text.memcpy   0x000000000000919e       0x16 zephyr/lib/libc/minimal/liblib__libc__minimal.a(string.c.obj)
                0x000000000000919e                memcpy
 .text.memset   0x00000000000091b4       0x12 zephyr/lib/libc/minimal/liblib__libc__minimal.a(string.c.obj)
                0x00000000000091b4                memset
 .text._stdout_hook_default
                0x00000000000091c6        0x6 zephyr/lib/libc/minimal/liblib__libc__minimal.a(stdout_console.c.obj)
 .text.pm_state_set
                0x00000000000091cc       0x18 zephyr/soc/arm/nordic_nrf/nrf52/libsoc__arm__nordic_nrf__nrf52.a(power.c.obj)
                0x00000000000091cc                pm_state_set
 .text.pm_state_exit_post_ops
                0x00000000000091e4        0xc zephyr/soc/arm/nordic_nrf/nrf52/libsoc__arm__nordic_nrf__nrf52.a(power.c.obj)
                0x00000000000091e4                pm_state_exit_post_ops
 .text.z_log_msg2_runtime_create.constprop.0
                0x00000000000091f0       0x20 zephyr/drivers/adc/libdrivers__adc.a(adc_nrfx_saadc.c.obj)
 .text.adc_context_on_timer_expired
                0x0000000000009210       0x32 zephyr/drivers/adc/libdrivers__adc.a(adc_nrfx_saadc.c.obj)
 .text.set_on_state
                0x0000000000009242       0x26 zephyr/drivers/clock_control/libdrivers__clock_control.a(clock_control_nrf.c.obj)
 .text.async_start
                0x0000000000009268       0x60 zephyr/drivers/clock_control/libdrivers__clock_control.a(clock_control_nrf.c.obj)
 .text.api_start
                0x00000000000092c8        0xe zephyr/drivers/clock_control/libdrivers__clock_control.a(clock_control_nrf.c.obj)
 .text.onoff_started_callback
                0x00000000000092d6        0xc zephyr/drivers/clock_control/libdrivers__clock_control.a(clock_control_nrf.c.obj)
 .text.lfclk_start
                0x00000000000092e2        0x6 zephyr/drivers/clock_control/libdrivers__clock_control.a(clock_control_nrf.c.obj)
 .text.lfclk_stop
                0x00000000000092e8        0x6 zephyr/drivers/clock_control/libdrivers__clock_control.a(clock_control_nrf.c.obj)
 .text.api_stop
                0x00000000000092ee        0x6 zephyr/drivers/clock_control/libdrivers__clock_control.a(clock_control_nrf.c.obj)
 .text.blocking_start_callback
                0x00000000000092f4        0x6 zephyr/drivers/clock_control/libdrivers__clock_control.a(clock_control_nrf.c.obj)
 .text.gpio_nrfx_port_get_raw
                0x00000000000092fa        0xe zephyr/drivers/gpio/libdrivers__gpio.a(gpio_nrfx.c.obj)
 .text.gpio_nrfx_port_set_masked_raw
                0x0000000000009308       0x16 zephyr/drivers/gpio/libdrivers__gpio.a(gpio_nrfx.c.obj)
 .text.gpio_nrfx_port_set_bits_raw
                0x000000000000931e        0xc zephyr/drivers/gpio/libdrivers__gpio.a(gpio_nrfx.c.obj)
 .text.gpio_nrfx_port_clear_bits_raw
                0x000000000000932a        0xc zephyr/drivers/gpio/libdrivers__gpio.a(gpio_nrfx.c.obj)
 .text.gpio_nrfx_port_toggle_bits
                0x0000000000009336       0x12 zephyr/drivers/gpio/libdrivers__gpio.a(gpio_nrfx.c.obj)
 .text.uarte_nrfx_config_get
                0x0000000000009348       0x10 zephyr/drivers/serial/libdrivers__serial.a(uart_nrfx_uarte.c.obj)
 .text.uarte_nrfx_err_check
                0x0000000000009358        0xe zephyr/drivers/serial/libdrivers__serial.a(uart_nrfx_uarte.c.obj)
 .text.uarte_nrfx_poll_in
                0x0000000000009366       0x26 zephyr/drivers/serial/libdrivers__serial.a(uart_nrfx_uarte.c.obj)
 .text.is_tx_ready.isra.0
                0x000000000000938c       0x20 zephyr/drivers/serial/libdrivers__serial.a(uart_nrfx_uarte.c.obj)
 .text.uarte_nrfx_isr_int
                0x00000000000093ac       0x72 zephyr/drivers/serial/libdrivers__serial.a(uart_nrfx_uarte.c.obj)
 .text.uarte_1_init
                0x000000000000941e       0x1e zephyr/drivers/serial/libdrivers__serial.a(uart_nrfx_uarte.c.obj)
 .text.uarte_0_init
                0x000000000000943c       0x1e zephyr/drivers/serial/libdrivers__serial.a(uart_nrfx_uarte.c.obj)
 .text.sys_clock_idle_exit
                0x000000000000945a        0x2 zephyr/drivers/timer/libdrivers__timer.a(sys_clock_init.c.obj)
                0x000000000000945a                sys_clock_idle_exit
 .text.sys_clock_cycle_get_32
                0x000000000000945c        0x8 zephyr/drivers/timer/libdrivers__timer.a(nrf_rtc_timer.c.obj)
                0x000000000000945c                sys_clock_cycle_get_32
 .text.pinctrl_lookup_state
                0x0000000000009464       0x30 zephyr/drivers/pinctrl/libdrivers__pinctrl.a(common.c.obj)
                0x0000000000009464                pinctrl_lookup_state
 .text.nrf_gpio_pin_clear
                0x0000000000009494       0x1a zephyr/drivers/pinctrl/libdrivers__pinctrl.a(pinctrl_nrf.c.obj)
 .text.nrf_gpio_pin_set
                0x00000000000094ae       0x1a zephyr/drivers/pinctrl/libdrivers__pinctrl.a(pinctrl_nrf.c.obj)
 .text.nrf_gpio_pin_write
                0x00000000000094c8        0xa zephyr/drivers/pinctrl/libdrivers__pinctrl.a(pinctrl_nrf.c.obj)
 .text.nrf_pin_configure
                0x00000000000094d2       0x40 zephyr/drivers/pinctrl/libdrivers__pinctrl.a(pinctrl_nrf.c.obj)
 .text.pinctrl_configure_pins
                0x0000000000009512      0x13e zephyr/drivers/pinctrl/libdrivers__pinctrl.a(pinctrl_nrf.c.obj)
                0x0000000000009512                pinctrl_configure_pins
 .text.hw_cc3xx_init_internal
                0x0000000000009650        0x4 modules/nrf/drivers/hw_cc310/lib..__nrf__drivers__hw_cc310.a(hw_cc310.c.obj)
 .text.hw_cc3xx_init
                0x0000000000009654       0x12 modules/nrf/drivers/hw_cc310/lib..__nrf__drivers__hw_cc310.a(hw_cc310.c.obj)
 .text.nrf52_errata_36
                0x0000000000009666       0x12 modules/hal_nordic/nrfx/libmodules__hal_nordic__nrfx.a(system_nrf52840.c.obj)
 .text.nrfx_isr
                0x0000000000009678        0x2 modules/hal_nordic/nrfx/libmodules__hal_nordic__nrfx.a(nrfx_glue.c.obj)
                0x0000000000009678                nrfx_isr
 .text.nrfx_busy_wait
                0x000000000000967a        0x4 modules/hal_nordic/nrfx/libmodules__hal_nordic__nrfx.a(nrfx_glue.c.obj)
                0x000000000000967a                nrfx_busy_wait
 .text.nrf_gpio_pin_present_check
                0x000000000000967e       0x22 modules/hal_nordic/nrfx/libmodules__hal_nordic__nrfx.a(nrfx_gpiote.c.obj)
 .text.pin_is_task_output
                0x00000000000096a0       0x16 modules/hal_nordic/nrfx/libmodules__hal_nordic__nrfx.a(nrfx_gpiote.c.obj)
 .text.nrf_gpiote_in_event_get
                0x00000000000096b6        0x8 modules/hal_nordic/nrfx/libmodules__hal_nordic__nrfx.a(nrfx_gpiote.c.obj)
 .text.nrf_gpio_reconfigure
                0x00000000000096be       0x9a modules/hal_nordic/nrfx/libmodules__hal_nordic__nrfx.a(nrfx_gpiote.c.obj)
 .text.nrf_gpio_cfg_sense_set
                0x0000000000009758       0x1e modules/hal_nordic/nrfx/libmodules__hal_nordic__nrfx.a(nrfx_gpiote.c.obj)
 .text.SEGGER_RTT_Init
                0x0000000000009776        0x4 modules/segger/libmodules__segger.a(SEGGER_RTT.c.obj)
                0x0000000000009776                SEGGER_RTT_Init
 .text.rtt_init
                0x000000000000977a        0xa modules/segger/libmodules__segger.a(SEGGER_RTT_zephyr.c.obj)
 .text.z_device_state_init
                0x0000000000009784        0x2 zephyr/kernel/libkernel.a(device.c.obj)
                0x0000000000009784                z_device_state_init
 .text.z_device_is_ready
                0x0000000000009786       0x14 zephyr/kernel/libkernel.a(device.c.obj)
                0x0000000000009786                z_device_is_ready
 .text.z_log_msg2_runtime_create.constprop.0
                0x000000000000979a       0x20 zephyr/kernel/libkernel.a(fatal.c.obj)
 .text.z_early_memset
                0x00000000000097ba        0x4 zephyr/kernel/libkernel.a(init.c.obj)
                0x00000000000097ba                z_early_memset
 .text.z_early_memcpy
                0x00000000000097be        0x4 zephyr/kernel/libkernel.a(init.c.obj)
                0x00000000000097be                z_early_memcpy
 .text.k_mem_slab_init
                0x00000000000097c2       0x38 zephyr/kernel/libkernel.a(mem_slab.c.obj)
                0x00000000000097c2                k_mem_slab_init
 .text.k_is_in_isr
                0x00000000000097fa        0xc zephyr/kernel/libkernel.a(thread.c.obj)
                0x00000000000097fa                k_is_in_isr
 .text.k_thread_name_get
                0x0000000000009806        0x4 zephyr/kernel/libkernel.a(thread.c.obj)
                0x0000000000009806                k_thread_name_get
 .text.z_pm_save_idle_exit
                0x000000000000980a        0xe zephyr/kernel/libkernel.a(idle.c.obj)
                0x000000000000980a                z_pm_save_idle_exit
 .text.adjust_owner_prio.isra.0
                0x0000000000009818       0x10 zephyr/kernel/libkernel.a(mutex.c.obj)
 .text.z_impl_k_mutex_init
                0x0000000000009828        0xe zephyr/kernel/libkernel.a(mutex.c.obj)
                0x0000000000009828                z_impl_k_mutex_init
 .text.z_impl_k_sem_init
                0x0000000000009836       0x18 zephyr/kernel/libkernel.a(sem.c.obj)
                0x0000000000009836                z_impl_k_sem_init
 .text.z_reschedule_irqlock
                0x000000000000984e       0x18 zephyr/kernel/libkernel.a(sched.c.obj)
                0x000000000000984e                z_reschedule_irqlock
 .text.z_reschedule_unlocked
                0x0000000000009866       0x14 zephyr/kernel/libkernel.a(sched.c.obj)
 .text.z_priq_dumb_best
                0x000000000000987a        0xc zephyr/kernel/libkernel.a(sched.c.obj)
                0x000000000000987a                z_priq_dumb_best
 .text.sys_clock_tick_get_32
                0x0000000000009886        0x8 zephyr/kernel/libkernel.a(timeout.c.obj)
                0x0000000000009886                sys_clock_tick_get_32
 .text.z_impl_k_uptime_ticks
                0x000000000000988e        0x4 zephyr/kernel/libkernel.a(timeout.c.obj)
                0x000000000000988e                z_impl_k_uptime_ticks
 .text.z_impl_k_busy_wait
                0x0000000000009892        0x8 zephyr/kernel/libkernel.a(timeout.c.obj)
                0x0000000000009892                z_impl_k_busy_wait
 .text.z_impl_k_timer_stop
                0x000000000000989a       0x3a zephyr/kernel/libkernel.a(timer.c.obj)
                0x000000000000989a                z_impl_k_timer_stop
 .text.k_heap_init
                0x00000000000098d4       0x10 zephyr/kernel/libkernel.a(kheap.c.obj)
                0x00000000000098d4                k_heap_init
 *(SORT_BY_ALIGNMENT(.TEXT.*))
 .TEXT.z_arm_platform_init
                0x00000000000098e4        0x4 zephyr/libzephyr.a(soc_nrf_common.S.obj)
                0x00000000000098e4                z_arm_platform_init
 *(SORT_BY_ALIGNMENT(.gnu.linkonce.t.*))
 *(SORT_BY_ALIGNMENT(.glue_7t))
 .glue_7t       0x00000000000098e8        0x0 linker stubs
 *(SORT_BY_ALIGNMENT(.glue_7))
 .glue_7        0x00000000000098e8        0x0 linker stubs
 *(SORT_BY_ALIGNMENT(.vfp11_veneer))
 .vfp11_veneer  0x00000000000098e8        0x0 linker stubs
 *(SORT_BY_ALIGNMENT(.v4_bx))
 .v4_bx         0x00000000000098e8        0x0 linker stubs
                0x00000000000098e8                __text_region_end = .

.ARM.exidx      0x00000000000098e8        0x8
                0x00000000000098e8                __exidx_start = .
 *(SORT_BY_ALIGNMENT(.ARM.exidx*) SORT_BY_ALIGNMENT(gnu.linkonce.armexidx.*))
 .ARM.exidx.text.__udivmoddi4
                0x00000000000098e8        0x8 /Applications/ArmGNUToolchain/11.3.rel1/arm-none-eabi/bin/../lib/gcc/arm-none-eabi/11.3.1/thumb/v7e-m/nofp/libgcc.a(_udivmoddi4.o)
                0x00000000000098f0                __exidx_end = .
                0x00000000000098f0                __rodata_region_start = .

initlevel       0x00000000000098f0       0x78
                0x00000000000098f0                __init_start = .
                0x00000000000098f0                __init_PRE_KERNEL_1_start = .
 *(SORT_BY_NAME(SORT_BY_ALIGNMENT(.z_init_PRE_KERNEL_1[0-9]_*)))
 .z_init_PRE_KERNEL_10_
                0x00000000000098f0        0x8 zephyr/soc/arm/nordic_nrf/nrf52/libsoc__arm__nordic_nrf__nrf52.a(soc.c.obj)
 *(SORT_BY_NAME(SORT_BY_ALIGNMENT(.z_init_PRE_KERNEL_1[1-9][0-9]_*)))
 .z_init_PRE_KERNEL_130_
                0x00000000000098f8        0x8 zephyr/drivers/clock_control/libdrivers__clock_control.a(clock_control_nrf.c.obj)
 .z_init_PRE_KERNEL_130_
                0x0000000000009900        0x8 modules/segger/libmodules__segger.a(SEGGER_RTT_zephyr.c.obj)
 .z_init_PRE_KERNEL_130_
                0x0000000000009908        0x8 zephyr/kernel/libkernel.a(mem_slab.c.obj)
 .z_init_PRE_KERNEL_130_
                0x0000000000009910        0x8 zephyr/kernel/libkernel.a(kheap.c.obj)
 .z_init_PRE_KERNEL_140_
                0x0000000000009918       0x10 zephyr/drivers/gpio/libdrivers__gpio.a(gpio_nrfx.c.obj)
 .z_init_PRE_KERNEL_140_
                0x0000000000009928        0x8 modules/nrf/drivers/hw_cc310/lib..__nrf__drivers__hw_cc310.a(hw_cc310.c.obj)
 .z_init_PRE_KERNEL_155_
                0x0000000000009930       0x10 zephyr/drivers/serial/libdrivers__serial.a(uart_nrfx_uarte.c.obj)
 .z_init_PRE_KERNEL_160_
                0x0000000000009940        0x8 zephyr/drivers/console/libdrivers__console.a(uart_console.c.obj)
                0x0000000000009948                __init_PRE_KERNEL_2_start = .
 *(SORT_BY_NAME(SORT_BY_ALIGNMENT(.z_init_PRE_KERNEL_2[0-9]_*)))
 .z_init_PRE_KERNEL_20_
                0x0000000000009948        0x8 zephyr/drivers/timer/libdrivers__timer.a(nrf_rtc_timer.c.obj)
 *(SORT_BY_NAME(SORT_BY_ALIGNMENT(.z_init_PRE_KERNEL_2[1-9][0-9]_*)))
                0x0000000000009950                __init_POST_KERNEL_start = .
 *(SORT_BY_NAME(SORT_BY_ALIGNMENT(.z_init_POST_KERNEL[0-9]_*)))
 .z_init_POST_KERNEL0_
                0x0000000000009950        0x8 zephyr/libzephyr.a(log_core.c.obj)
 *(SORT_BY_NAME(SORT_BY_ALIGNMENT(.z_init_POST_KERNEL[1-9][0-9]_*)))
 .z_init_POST_KERNEL40_
                0x0000000000009958        0x8 modules/nrf/drivers/hw_cc310/lib..__nrf__drivers__hw_cc310.a(hw_cc310.c.obj)
 .z_init_POST_KERNEL50_
                0x0000000000009960        0x8 zephyr/drivers/adc/libdrivers__adc.a(adc_nrfx_saadc.c.obj)
                0x0000000000009968                __init_APPLICATION_start = .
 *(SORT_BY_NAME(SORT_BY_ALIGNMENT(.z_init_APPLICATION[0-9]_*)))
 *(SORT_BY_NAME(SORT_BY_ALIGNMENT(.z_init_APPLICATION[1-9][0-9]_*)))
                0x0000000000009968                __init_SMP_start = .
 *(SORT_BY_NAME(SORT_BY_ALIGNMENT(.z_init_SMP[0-9]_*)))
 *(SORT_BY_NAME(SORT_BY_ALIGNMENT(.z_init_SMP[1-9][0-9]_*)))
                0x0000000000009968                __init_end = .

devices         0x0000000000009968       0x90
                0x0000000000009968                __device_start = .
                0x0000000000009968                __device_PRE_KERNEL_1_start = .
 *(SORT_BY_NAME(SORT_BY_ALIGNMENT(.z_device_PRE_KERNEL_1[0-9]_*)))
 *(SORT_BY_NAME(SORT_BY_ALIGNMENT(.z_device_PRE_KERNEL_1[1-9][0-9]_*)))
 .z_device_PRE_KERNEL_130_
                0x0000000000009968       0x18 zephyr/drivers/clock_control/libdrivers__clock_control.a(clock_control_nrf.c.obj)
                0x0000000000009968                __device_dts_ord_72
 .z_device_PRE_KERNEL_140_
                0x0000000000009980       0x30 zephyr/drivers/gpio/libdrivers__gpio.a(gpio_nrfx.c.obj)
                0x0000000000009980                __device_dts_ord_104
                0x0000000000009998                __device_dts_ord_11
 .z_device_PRE_KERNEL_155_
                0x00000000000099b0       0x30 zephyr/drivers/serial/libdrivers__serial.a(uart_nrfx_uarte.c.obj)
                0x00000000000099b0                __device_dts_ord_113
                0x00000000000099c8                __device_dts_ord_112
                0x00000000000099e0                __device_PRE_KERNEL_2_start = .
 *(SORT_BY_NAME(SORT_BY_ALIGNMENT(.z_device_PRE_KERNEL_2[0-9]_*)))
 *(SORT_BY_NAME(SORT_BY_ALIGNMENT(.z_device_PRE_KERNEL_2[1-9][0-9]_*)))
                0x00000000000099e0                __device_POST_KERNEL_start = .
 *(SORT_BY_NAME(SORT_BY_ALIGNMENT(.z_device_POST_KERNEL[0-9]_*)))
 *(SORT_BY_NAME(SORT_BY_ALIGNMENT(.z_device_POST_KERNEL[1-9][0-9]_*)))
 .z_device_POST_KERNEL50_
                0x00000000000099e0       0x18 zephyr/drivers/adc/libdrivers__adc.a(adc_nrfx_saadc.c.obj)
                0x00000000000099e0                __device_dts_ord_70
                0x00000000000099f8                __device_APPLICATION_start = .
 *(SORT_BY_NAME(SORT_BY_ALIGNMENT(.z_device_APPLICATION[0-9]_*)))
 *(SORT_BY_NAME(SORT_BY_ALIGNMENT(.z_device_APPLICATION[1-9][0-9]_*)))
                0x00000000000099f8                __device_SMP_start = .
 *(SORT_BY_NAME(SORT_BY_ALIGNMENT(.z_device_SMP[0-9]_*)))
 *(SORT_BY_NAME(SORT_BY_ALIGNMENT(.z_device_SMP[1-9][0-9]_*)))
                0x00000000000099f8                __device_end = .

sw_isr_table    0x00000000000099f8      0x180
                0x00000000000099f8                . = ALIGN (0x0)
 *(SORT_BY_ALIGNMENT(.gnu.linkonce.sw_isr_table*))
 .gnu.linkonce.sw_isr_table
                0x00000000000099f8      0x180 zephyr/arch/common/libisr_tables.a(isr_tables.c.obj)
                0x00000000000099f8                _sw_isr_table

initlevel_error
                0x00000000000098f0        0x0
 *(SORT_BY_NAME(SORT_BY_ALIGNMENT(.z_init_[_A-Z0-9]*)))
                0x0000000000000001                ASSERT ((SIZEOF (initlevel_error) == 0x0), Undefined initialization levels used.)

app_shmem_regions
                0x0000000000009b78        0x0
                0x0000000000009b78                __app_shmem_regions_start = .
 *(SORT_BY_NAME(SORT_BY_ALIGNMENT(.app_regions.*)))
                0x0000000000009b78                __app_shmem_regions_end = .

bt_l2cap_fixed_chan_area
                0x0000000000009b78        0x0
                0x0000000000009b78                _bt_l2cap_fixed_chan_list_start = .
 *(SORT_BY_NAME(SORT_BY_ALIGNMENT(._bt_l2cap_fixed_chan.static.*)))
                0x0000000000009b78                _bt_l2cap_fixed_chan_list_end = .

bt_gatt_service_static_area
                0x0000000000009b78        0x0
                0x0000000000009b78                _bt_gatt_service_static_list_start = .
 *(SORT_BY_NAME(SORT_BY_ALIGNMENT(._bt_gatt_service_static.static.*)))
                0x0000000000009b78                _bt_gatt_service_static_list_end = .

k_p4wq_initparam_area
                0x0000000000009b78        0x0
                0x0000000000009b78                _k_p4wq_initparam_list_start = .
 *(SORT_BY_NAME(SORT_BY_ALIGNMENT(._k_p4wq_initparam.static.*)))
                0x0000000000009b78                _k_p4wq_initparam_list_end = .

log_strings_sections
                0x0000000000009b78        0x0
                0x0000000000009b78                __log_strings_start = .
 *(SORT_BY_NAME(SORT_BY_ALIGNMENT(.log_strings*)))
                0x0000000000009b78                __log_strings_end = .

log_const_sections
                0x0000000000009b78       0x50
                0x0000000000009b78                __log_const_start = .
 *(SORT_BY_NAME(SORT_BY_ALIGNMENT(.log_const_*)))
 .log_const_adc_nrfx_saadc
                0x0000000000009b78        0x8 zephyr/drivers/adc/libdrivers__adc.a(adc_nrfx_saadc.c.obj)
                0x0000000000009b78                log_const_adc_nrfx_saadc
 .log_const_clock_control
                0x0000000000009b80        0x8 zephyr/drivers/clock_control/libdrivers__clock_control.a(clock_control_nrf.c.obj)
                0x0000000000009b80                log_const_clock_control
 .log_const_fatal_error
                0x0000000000009b88        0x8 modules/nrf/lib/fatal_error/lib..__nrf__lib__fatal_error.a(fatal_error.c.obj)
                0x0000000000009b88                log_const_fatal_error
 .log_const_log
                0x0000000000009b90        0x8 zephyr/libzephyr.a(log_core.c.obj)
                0x0000000000009b90                log_const_log
 .log_const_log_uart
                0x0000000000009b98        0x8 zephyr/libzephyr.a(log_backend_uart.c.obj)
                0x0000000000009b98                log_const_log_uart
 .log_const_mpu
                0x0000000000009ba0        0x8 zephyr/arch/arch/arm/core/aarch32/mpu/libarch__arm__core__aarch32__mpu.a(arm_core_mpu.c.obj)
                0x0000000000009ba0                log_const_mpu
 .log_const_os  0x0000000000009ba8        0x8 zephyr/kernel/libkernel.a(init.c.obj)
                0x0000000000009ba8                log_const_os
 .log_const_pm  0x0000000000009bb0        0x8 zephyr/libzephyr.a(pm.c.obj)
                0x0000000000009bb0                log_const_pm
 .log_const_soc
                0x0000000000009bb8        0x8 zephyr/soc/arm/nordic_nrf/nrf52/libsoc__arm__nordic_nrf__nrf52.a(soc.c.obj)
                0x0000000000009bb8                log_const_soc
 .log_const_uart_nrfx_uarte
                0x0000000000009bc0        0x8 zephyr/drivers/serial/libdrivers__serial.a(uart_nrfx_uarte.c.obj)
                0x0000000000009bc0                log_const_uart_nrfx_uarte
                0x0000000000009bc8                __log_const_end = .

log_backends_sections
                0x0000000000009bc8       0x20
                0x0000000000009bc8                __log_backends_start = .
 *(SORT_BY_ALIGNMENT(._log_backend.*))
 ._log_backend.static.log_backend_uart
                0x0000000000009bc8       0x10 zephyr/libzephyr.a(log_backend_uart.c.obj)
 ._log_backend.static.log_backend_rtt
                0x0000000000009bd8       0x10 zephyr/libzephyr.a(log_backend_rtt.c.obj)
                0x0000000000009be8                __log_backends_end = .

shell_area      0x0000000000009be8        0x0
                0x0000000000009be8                _shell_list_start = .
 *(SORT_BY_NAME(SORT_BY_ALIGNMENT(._shell.static.*)))
                0x0000000000009be8                _shell_list_end = .

shell_root_cmds_sections
                0x0000000000009be8        0x0
                0x0000000000009be8                __shell_root_cmds_start = .
 *(SORT_BY_NAME(SORT_BY_ALIGNMENT(.shell_root_cmd_*)))
                0x0000000000009be8                __shell_root_cmds_end = .

font_entry_sections
                0x0000000000009be8        0x0
                0x0000000000009be8                __font_entry_start = .
 *(SORT_BY_NAME(SORT_BY_ALIGNMENT(._cfb_font.*)))
                0x0000000000009be8                __font_entry_end = .

tracing_backend_area
                0x0000000000009be8        0x0
                0x0000000000009be8                _tracing_backend_list_start = .
 *(SORT_BY_NAME(SORT_BY_ALIGNMENT(._tracing_backend.static.*)))
                0x0000000000009be8                _tracing_backend_list_end = .

zephyr_dbg_info
 *(SORT_BY_ALIGNMENT(.dbg_thread_info))

device_handles  0x0000000000009be8       0x24
                0x0000000000009be8                __device_handles_start = .
 *(SORT_BY_NAME(SORT_BY_ALIGNMENT(.__device_handles_pass2*)))
 .__device_handles_pass2
                0x0000000000009be8       0x24 zephyr/CMakeFiles/zephyr_pre1.dir/dev_handles.c.obj
                0x0000000000009be8                __devicehdl_DT_N_S_soc_S_adc_40007000
                0x0000000000009bee                __devicehdl_DT_N_S_soc_S_uart_40002000
                0x0000000000009bf4                __devicehdl_DT_N_S_soc_S_uart_40028000
                0x0000000000009bfa                __devicehdl_DT_N_S_soc_S_gpio_50000000
                0x0000000000009c00                __devicehdl_DT_N_S_soc_S_gpio_50000300
                0x0000000000009c06                __devicehdl_DT_N_S_soc_S_clock_40000000
                0x0000000000009c0c                __device_handles_end = .

rodata          0x0000000000009c10     0x1f64
 *(SORT_BY_ALIGNMENT(.rodata))
 *(SORT_BY_ALIGNMENT(.rodata.*))
 .rodata.delay_machine_code.0
                0x0000000000009c10        0x6 zephyr/soc/arm/nordic_nrf/nrf52/libsoc__arm__nordic_nrf__nrf52.a(soc.c.obj)
 *fill*         0x0000000000009c16        0x2 
 .rodata.button
                0x0000000000009c18        0x8 app/libapp.a(main.c.obj)
 .rodata.led1   0x0000000000009c20        0x8 app/libapp.a(main.c.obj)
 .rodata.led2   0x0000000000009c28        0x8 app/libapp.a(main.c.obj)
 .rodata.led3   0x0000000000009c30        0x8 app/libapp.a(main.c.obj)
 .rodata.led4   0x0000000000009c38        0x8 app/libapp.a(main.c.obj)
 .rodata.my_sequence_options
                0x0000000000009c40       0x10 app/libapp.a(main.c.obj)
 .rodata.format_table
                0x0000000000009c50        0xc zephyr/libzephyr.a(log_core.c.obj)
 .rodata.colors
                0x0000000000009c5c       0x14 zephyr/libzephyr.a(log_output.c.obj)
 .rodata.severity
                0x0000000000009c70       0x14 zephyr/libzephyr.a(log_output.c.obj)
 .rodata.log_backend_uart_api
                0x0000000000009c84       0x20 zephyr/libzephyr.a(log_backend_uart.c.obj)
                0x0000000000009c84                log_backend_uart_api
 .rodata.log_output_uart
                0x0000000000009ca4       0x10 zephyr/libzephyr.a(log_backend_uart.c.obj)
 .rodata.log_backend_rtt_api
                0x0000000000009cb4       0x20 zephyr/libzephyr.a(log_backend_rtt.c.obj)
                0x0000000000009cb4                log_backend_rtt_api
 .rodata.log_output_rtt
                0x0000000000009cd4       0x10 zephyr/libzephyr.a(log_backend_rtt.c.obj)
 .rodata.pmstates_DT_N_S_cpus_S_cpu_0
                0x0000000000009ce4        0x0 zephyr/libzephyr.a(state.c.obj)
 .rodata.apis   0x0000000000009ce4        0x8 zephyr/libzephyr.a(nrf_cc3xx_platform_abort_zephyr.c.obj)
 .rodata.mutex_apis
                0x0000000000009cec       0x10 zephyr/libzephyr.a(nrf_cc3xx_platform_mutex_zephyr.c.obj)
 .rodata.mutexes
                0x0000000000009cfc       0x14 zephyr/libzephyr.a(nrf_cc3xx_platform_mutex_zephyr.c.obj)
 .rodata.static_regions
                0x0000000000009d10        0xc zephyr/arch/arch/arm/core/aarch32/mpu/libarch__arm__core__aarch32__mpu.a(arm_core_mpu.c.obj)
 .rodata.mpu_config
                0x0000000000009d1c        0x8 zephyr/soc/arm/common/cortex_m/libsoc__arm__common__cortex_m.a(arm_mpu_regions.c.obj)
                0x0000000000009d1c                mpu_config
 .rodata.mpu_regions
                0x0000000000009d24       0x18 zephyr/soc/arm/common/cortex_m/libsoc__arm__common__cortex_m.a(arm_mpu_regions.c.obj)
 .rodata.adc_nrfx_driver_api
                0x0000000000009d3c        0xc zephyr/drivers/adc/libdrivers__adc.a(adc_nrfx_saadc.c.obj)
 .rodata.clock_control_api
                0x0000000000009d48       0x18 zephyr/drivers/clock_control/libdrivers__clock_control.a(clock_control_nrf.c.obj)
 .rodata.config
                0x0000000000009d60       0x18 zephyr/drivers/clock_control/libdrivers__clock_control.a(clock_control_nrf.c.obj)
 .rodata.transitions.0
                0x0000000000009d78        0xc zephyr/drivers/clock_control/libdrivers__clock_control.a(clock_control_nrf.c.obj)
 .rodata.gpio_nrfx_drv_api_funcs
                0x0000000000009d84       0x24 zephyr/drivers/gpio/libdrivers__gpio.a(gpio_nrfx.c.obj)
 .rodata.gpio_nrfx_p0_cfg
                0x0000000000009da8       0x10 zephyr/drivers/gpio/libdrivers__gpio.a(gpio_nrfx.c.obj)
 .rodata.gpio_nrfx_p1_cfg
                0x0000000000009db8       0x10 zephyr/drivers/gpio/libdrivers__gpio.a(gpio_nrfx.c.obj)
 .rodata.__pinctrl_dev_config__device_dts_ord_112
                0x0000000000009dc8        0xc zephyr/drivers/serial/libdrivers__serial.a(uart_nrfx_uarte.c.obj)
 .rodata.__pinctrl_dev_config__device_dts_ord_113
                0x0000000000009dd4        0xc zephyr/drivers/serial/libdrivers__serial.a(uart_nrfx_uarte.c.obj)
 .rodata.__pinctrl_state_pins_0__device_dts_ord_112
                0x0000000000009de0       0x10 zephyr/drivers/serial/libdrivers__serial.a(uart_nrfx_uarte.c.obj)
 .rodata.__pinctrl_state_pins_0__device_dts_ord_113
                0x0000000000009df0        0x8 zephyr/drivers/serial/libdrivers__serial.a(uart_nrfx_uarte.c.obj)
 .rodata.__pinctrl_states__device_dts_ord_112
                0x0000000000009df8        0x8 zephyr/drivers/serial/libdrivers__serial.a(uart_nrfx_uarte.c.obj)
 .rodata.__pinctrl_states__device_dts_ord_113
                0x0000000000009e00        0x8 zephyr/drivers/serial/libdrivers__serial.a(uart_nrfx_uarte.c.obj)
 .rodata.uart_nrfx_uarte_driver_api
                0x0000000000009e08       0x14 zephyr/drivers/serial/libdrivers__serial.a(uart_nrfx_uarte.c.obj)
 .rodata.uarte_0z_config
                0x0000000000009e1c       0x10 zephyr/drivers/serial/libdrivers__serial.a(uart_nrfx_uarte.c.obj)
 .rodata.uarte_1z_config
                0x0000000000009e2c       0x10 zephyr/drivers/serial/libdrivers__serial.a(uart_nrfx_uarte.c.obj)
 .rodata.levels.0
                0x0000000000009e3c       0x14 zephyr/kernel/libkernel.a(device.c.obj)
 .rodata._k_neg_eagain
                0x0000000000009e50        0x4 zephyr/kernel/libkernel.a(errno.c.obj)
                0x0000000000009e50                _k_neg_eagain
 .rodata.CSWTCH.16
                0x0000000000009e54       0x14 zephyr/kernel/libkernel.a(fatal.c.obj)
 .rodata.CSWTCH.12
                0x0000000000009e68       0x1c /Users/bernardofalle/ncs/nrfxlib/crypto/nrf_cc310_platform/lib/cortex-m4/soft-float/no-interrupts/libnrf_cc310_platform_0.9.14.a(nrf_cc3xx_platform.c.obj)
 .rodata.mutex_free.str1.4
                0x0000000000009e84       0x26 /Users/bernardofalle/ncs/nrfxlib/crypto/nrf_cc310_platform/lib/cortex-m4/soft-float/no-interrupts/libnrf_cc310_platform_0.9.14.a(nrf_cc3xx_platform_mutex.c.obj)
 *fill*         0x0000000000009eaa        0x2 
 .rodata.mutex_init.str1.4
                0x0000000000009eac       0x23 /Users/bernardofalle/ncs/nrfxlib/crypto/nrf_cc310_platform/lib/cortex-m4/soft-float/no-interrupts/libnrf_cc310_platform_0.9.14.a(nrf_cc3xx_platform_mutex.c.obj)
 *fill*         0x0000000000009ecf        0x1 
 .rodata.CC_PalPowerSaveModeInit.str1.4
                0x0000000000009ed0       0x20 /Users/bernardofalle/ncs/nrfxlib/crypto/nrf_cc310_platform/lib/cortex-m4/soft-float/no-interrupts/libnrf_cc310_platform_0.9.14.a(cc_pal_pm.c.obj)
 .rodata.my_channel_cfg
                0x0000000000009ef0        0x8 app/libapp.a(main.c.obj)
 .rodata.gpio_pin_toggle_dt.str1.1
                0x0000000000009ef8       0x9e app/libapp.a(main.c.obj)
 .rodata.gpio_pin_configure_dt.str1.1
                0x0000000000009f96      0x1b1 app/libapp.a(main.c.obj)
 .rodata.button_pressed.str1.1
                0x000000000000a147        0x7 app/libapp.a(main.c.obj)
 .rodata.thread_OUTPUT_code.str1.1
                0x000000000000a14e       0x50 app/libapp.a(main.c.obj)
 .rodata.thread_SENSOR_code.str1.1
                0x000000000000a19e       0x90 app/libapp.a(main.c.obj)
 .rodata.main.str1.1
                0x000000000000a22e       0x7c app/libapp.a(main.c.obj)
 .rodata.thread_FILTER_code.str1.1
                0x000000000000a2aa       0x60 app/libapp.a(main.c.obj)
 .rodata.cbvprintf_package.str1.1
                0x000000000000a30a       0x95 zephyr/libzephyr.a(cbprintf_packaged.c.obj)
                                         0xb4 (size before relaxing)
 .rodata.sys_notify_finalize.str1.1
                0x000000000000a39f       0x23 zephyr/libzephyr.a(notify.c.obj)
                                         0x42 (size before relaxing)
 .rodata.process_event.str1.1
                0x000000000000a3c2      0x129 zephyr/libzephyr.a(onoff.c.obj)
                                        0x148 (size before relaxing)
 .rodata.sys_heap_free.str1.1
                0x000000000000a4eb       0xcc zephyr/libzephyr.a(heap.c.obj)
                                         0xe9 (size before relaxing)
 .rodata.sys_heap_init.str1.1
                0x000000000000a5b7       0xbb zephyr/libzephyr.a(heap.c.obj)
 .rodata.cbvprintf.str1.1
                0x000000000000a672        0x6 zephyr/libzephyr.a(cbprintf_complete.c.obj)
 .rodata.sys_reboot.str1.1
                0x000000000000a678       0x29 zephyr/libzephyr.a(reboot.c.obj)
 .rodata.msg_process.str1.1
                0x000000000000a6a1       0x4b zephyr/libzephyr.a(log_core.c.obj)
                                         0x68 (size before relaxing)
 .rodata.z_log_get_s_mask.str1.1
                0x000000000000a6ec       0x45 zephyr/libzephyr.a(log_core.c.obj)
 .rodata.log_init.str1.1
                0x000000000000a731       0x24 zephyr/libzephyr.a(log_core.c.obj)
 .rodata.str1.1
                0x000000000000a755        0x4 zephyr/libzephyr.a(log_core.c.obj)
 .rodata.z_impl_log_filter_set.str1.1
                0x000000000000a759       0x58 zephyr/libzephyr.a(log_mgmt.c.obj)
                                         0x75 (size before relaxing)
 .rodata.log_backend_enable.str1.1
                0x000000000000a7b1       0x38 zephyr/libzephyr.a(log_mgmt.c.obj)
 .rodata.prefix_print.str1.1
                0x000000000000a7e9       0x40 zephyr/libzephyr.a(log_output.c.obj)
 .rodata.hexdump_line_print.str1.1
                0x000000000000a829       0x12 zephyr/libzephyr.a(log_output.c.obj)
                                         0x16 (size before relaxing)
 .rodata.log_output_msg_process.str1.1
                0x000000000000a83b       0x3c zephyr/libzephyr.a(log_output.c.obj)
                                         0x5b (size before relaxing)
 .rodata.log_output_msg2_process.str1.1
                0x000000000000a877        0x9 zephyr/libzephyr.a(log_output.c.obj)
 .rodata.str1.1
                0x000000000000a880       0x20 zephyr/libzephyr.a(log_output.c.obj)
 .rodata.z_impl_z_log_msg2_static_create.str1.1
                0x000000000000a8a0       0x2d zephyr/libzephyr.a(log_msg2.c.obj)
                                         0x53 (size before relaxing)
 .rodata.z_impl_z_log_msg2_runtime_vcreate.str1.1
                0x000000000000a8cd        0xa zephyr/libzephyr.a(log_msg2.c.obj)
 .rodata.log_backend_uart_init.str1.1
                0x000000000000a8d7       0x4f zephyr/libzephyr.a(log_backend_uart.c.obj)
                                         0x6c (size before relaxing)
 .rodata.str1.1
                0x000000000000a926       0x1a zephyr/libzephyr.a(log_backend_uart.c.obj)
 .rodata.str1.1
                0x000000000000a940       0x10 zephyr/libzephyr.a(log_backend_rtt.c.obj)
 .rodata.pm_state_notify.str1.1
                0x000000000000a950       0xa3 zephyr/libzephyr.a(pm.c.obj)
 .rodata.str1.1
                0x000000000000a950        0x3 zephyr/libzephyr.a(pm.c.obj)
 .rodata.mutex_free_platform.str1.1
                0x000000000000a953       0x26 zephyr/libzephyr.a(nrf_cc3xx_platform_mutex_zephyr.c.obj)
 .rodata.mutex_init_platform.str1.1
                0x000000000000a979       0x2d zephyr/libzephyr.a(nrf_cc3xx_platform_mutex_zephyr.c.obj)
 .rodata.z_arm_fatal_error.str1.1
                0x000000000000a9a6       0x9b zephyr/arch/arch/arm/core/aarch32/libarch__arm__core__aarch32.a(fatal.c.obj)
 .rodata.z_arm_irq_priority_set.str1.1
                0x000000000000aa41       0x91 zephyr/arch/arch/arm/core/aarch32/libarch__arm__core__aarch32.a(irq_manage.c.obj)
                                         0xae (size before relaxing)
 .rodata.bus_fault.constprop.0.str1.1
                0x000000000000aad2       0xca zephyr/arch/arch/arm/core/aarch32/cortex_m/libarch__arm__core__aarch32__cortex_m.a(fault.c.obj)
 .rodata.usage_fault.constprop.0.str1.1
                0x000000000000ab9c       0xcd zephyr/arch/arch/arm/core/aarch32/cortex_m/libarch__arm__core__aarch32__cortex_m.a(fault.c.obj)
 .rodata.mem_manage_fault.str1.1
                0x000000000000ac69      0x13d zephyr/arch/arch/arm/core/aarch32/cortex_m/libarch__arm__core__aarch32__cortex_m.a(fault.c.obj)
                                        0x15a (size before relaxing)
 .rodata.z_arm_fault.str1.1
                0x000000000000ada6      0x1b6 zephyr/arch/arch/arm/core/aarch32/cortex_m/libarch__arm__core__aarch32__cortex_m.a(fault.c.obj)
                                        0x1b8 (size before relaxing)
 .rodata.str1.1
                0x000000000000af5c        0x4 zephyr/arch/arch/arm/core/aarch32/mpu/libarch__arm__core__aarch32__mpu.a(arm_core_mpu.c.obj)
 .rodata.mpu_configure_regions.str1.1
                0x000000000000af60       0x49 zephyr/arch/arch/arm/core/aarch32/mpu/libarch__arm__core__aarch32__mpu.a(arm_mpu.c.obj)
 .rodata.arm_core_mpu_configure_static_mpu_regions.str1.1
                0x000000000000afa9       0x63 zephyr/arch/arch/arm/core/aarch32/mpu/libarch__arm__core__aarch32__mpu.a(arm_mpu.c.obj)
                                         0x82 (size before relaxing)
 .rodata.arm_core_mpu_configure_dynamic_mpu_regions.str1.1
                0x000000000000b00c       0x2d zephyr/arch/arch/arm/core/aarch32/mpu/libarch__arm__core__aarch32__mpu.a(arm_mpu.c.obj)
 .rodata.z_arm_mpu_init.str1.1