Archive member included to satisfy reference by file (symbol)

app/libapp.a(main.c.obj)      (--whole-archive)
zephyr/libzephyr.a(cbprintf.c.obj)
                              (--whole-archive)
zephyr/libzephyr.a(cbprintf_packaged.c.obj)
                              (--whole-archive)
zephyr/libzephyr.a(crc32c_sw.c.obj)
                              (--whole-archive)
zephyr/libzephyr.a(crc32_sw.c.obj)
                              (--whole-archive)
zephyr/libzephyr.a(crc16_sw.c.obj)
                              (--whole-archive)
zephyr/libzephyr.a(crc8_sw.c.obj)
                              (--whole-archive)
zephyr/libzephyr.a(crc7_sw.c.obj)
                              (--whole-archive)
zephyr/libzephyr.a(dec.c.obj)
                              (--whole-archive)
zephyr/libzephyr.a(fdtable.c.obj)
                              (--whole-archive)
zephyr/libzephyr.a(hex.c.obj)
                              (--whole-archive)
zephyr/libzephyr.a(notify.c.obj)
                              (--whole-archive)
zephyr/libzephyr.a(printk.c.obj)
                              (--whole-archive)
zephyr/libzephyr.a(onoff.c.obj)
                              (--whole-archive)
zephyr/libzephyr.a(rb.c.obj)  (--whole-archive)
zephyr/libzephyr.a(sem.c.obj)
                              (--whole-archive)
zephyr/libzephyr.a(thread_entry.c.obj)
                              (--whole-archive)
zephyr/libzephyr.a(timeutil.c.obj)
                              (--whole-archive)
zephyr/libzephyr.a(heap.c.obj)
                              (--whole-archive)
zephyr/libzephyr.a(heap-validate.c.obj)
                              (--whole-archive)
zephyr/libzephyr.a(bitarray.c.obj)
                              (--whole-archive)
zephyr/libzephyr.a(multi_heap.c.obj)
                              (--whole-archive)
zephyr/libzephyr.a(cbprintf_complete.c.obj)
                              (--whole-archive)
zephyr/libzephyr.a(assert.c.obj)
                              (--whole-archive)
zephyr/libzephyr.a(mpsc_pbuf.c.obj)
                              (--whole-archive)
zephyr/libzephyr.a(reboot.c.obj)
                              (--whole-archive)
zephyr/libzephyr.a(configs.c.obj)
                              (--whole-archive)
zephyr/libzephyr.a(soc_nrf_common.S.obj)
                              (--whole-archive)
zephyr/libzephyr.a(validate_base_addresses.c.obj)
                              (--whole-archive)
zephyr/libzephyr.a(validate_enabled_instances.c.obj)
                              (--whole-archive)
zephyr/libzephyr.a(log_list.c.obj)
                              (--whole-archive)
zephyr/libzephyr.a(log_core.c.obj)
                              (--whole-archive)
zephyr/libzephyr.a(log_mgmt.c.obj)
                              (--whole-archive)
zephyr/libzephyr.a(log_msg.c.obj)
                              (--whole-archive)
zephyr/libzephyr.a(log_output.c.obj)
                              (--whole-archive)
zephyr/libzephyr.a(log_msg2.c.obj)
                              (--whole-archive)
zephyr/libzephyr.a(log_backend_uart.c.obj)
                              (--whole-archive)
zephyr/libzephyr.a(log_backend_rtt.c.obj)
                              (--whole-archive)
zephyr/libzephyr.a(pm.c.obj)  (--whole-archive)
zephyr/libzephyr.a(policy.c.obj)
                              (--whole-archive)
zephyr/libzephyr.a(state.c.obj)
                              (--whole-archive)
zephyr/libzephyr.a(tracing_none.c.obj)
                              (--whole-archive)
zephyr/libzephyr.a(nrf_cc3xx_platform_abort_zephyr.c.obj)
                              (--whole-archive)
zephyr/libzephyr.a(nrf_cc3xx_platform_mutex_zephyr.c.obj)
                              (--whole-archive)
zephyr/arch/common/libarch__common.a(sw_isr_common.c.obj)
                              (--whole-archive)
zephyr/arch/arch/arm/core/aarch32/libarch__arm__core__aarch32.a(cpu_idle.S.obj)
                              (--whole-archive)
zephyr/arch/arch/arm/core/aarch32/libarch__arm__core__aarch32.a(fatal.c.obj)
                              (--whole-archive)
zephyr/arch/arch/arm/core/aarch32/libarch__arm__core__aarch32.a(irq_manage.c.obj)
                              (--whole-archive)
zephyr/arch/arch/arm/core/aarch32/libarch__arm__core__aarch32.a(nmi.c.obj)
                              (--whole-archive)
zephyr/arch/arch/arm/core/aarch32/libarch__arm__core__aarch32.a(nmi_on_reset.S.obj)
                              (--whole-archive)
zephyr/arch/arch/arm/core/aarch32/libarch__arm__core__aarch32.a(prep_c.c.obj)
                              (--whole-archive)
zephyr/arch/arch/arm/core/aarch32/libarch__arm__core__aarch32.a(swap.c.obj)
                              (--whole-archive)
zephyr/arch/arch/arm/core/aarch32/libarch__arm__core__aarch32.a(swap_helper.S.obj)
                              (--whole-archive)
zephyr/arch/arch/arm/core/aarch32/libarch__arm__core__aarch32.a(thread.c.obj)
                              (--whole-archive)
[...]
Memory Configuration

Name             Origin             Length             Attributes
FLASH            0x0000000000000000 0x0000000000100000 xr
SRAM             0x0000000020000000 0x0000000000040000 xw
IDT_LIST         0x00000000fffff7ff 0x0000000000000800 xw
*default*        0x0000000000000000 0xffffffffffffffff

Linker script and memory map

LOAD zephyr/CMakeFiles/zephyr_pre1.dir/misc/empty_file.c.obj
LOAD zephyr/CMakeFiles/zephyr_pre1.dir/dev_handles.c.obj
LOAD zephyr/CMakeFiles/offsets.dir/./arch/arm/core/offsets/offsets.c.obj
                0x0000000000000020                _region_min_align = 0x20

.rel.plt        0x0000000000000000        0x0
 *(SORT_BY_ALIGNMENT(.rel.plt))
                [!provide]                        PROVIDE (__rel_iplt_start = .)
 *(SORT_BY_ALIGNMENT(.rel.iplt))
 .rel.iplt      0x0000000000000000        0x0 app/libapp.a(main.c.obj)
                [!provide]                        PROVIDE (__rel_iplt_end = .)

.rela.plt       0x0000000000000000        0x0
 *(SORT_BY_ALIGNMENT(.rela.plt))
                [!provide]                        PROVIDE (__rela_iplt_start = .)
 *(SORT_BY_ALIGNMENT(.rela.iplt))
                [!provide]                        PROVIDE (__rela_iplt_end = .)

.rel.dyn
 *(SORT_BY_ALIGNMENT(.rel.*))

.rela.dyn
 *(SORT_BY_ALIGNMENT(.rela.*))

/DISCARD/
 *(SORT_BY_ALIGNMENT(.plt))

/DISCARD/
 *(SORT_BY_ALIGNMENT(.iplt))
                0x0000000000000000                __rom_region_start = 0x0

rom_start       0x0000000000000000      0x100
                0x0000000000000000                . = 0x0
                0x0000000000000000                . = ALIGN (0x4)
                0x0000000000000000                . = ALIGN (0x80)
                0x0000000000000000                . = ALIGN (0x100)
                0x0000000000000000                _vector_start = .
 *(SORT_BY_ALIGNMENT(.exc_vector_table))
 *(SORT_BY_ALIGNMENT(.exc_vector_table.*))
 .exc_vector_table._vector_table_section
                0x0000000000000000       0x40 zephyr/arch/arch/arm/core/aarch32/cortex_m/libarch__arm__core__aarch32__cortex_m.a(vector_table.S.obj)
                0x0000000000000000                _vector_table
 *(SORT_BY_ALIGNMENT(.gnu.linkonce.irq_vector_table*))
 .gnu.linkonce.irq_vector_table
                0x0000000000000040       0xc0 zephyr/arch/common/libisr_tables.a(isr_tables.c.obj)
                0x0000000000000040                _irq_vector_table
 *(SORT_BY_ALIGNMENT(.vectors))
                0x0000000000000100                _vector_end = .

text            0x0000000000000100     0xbf38
                0x0000000000000100                __text_region_start = .
 *(SORT_BY_ALIGNMENT(.text))
 .text          0x0000000000000100       0xa0 /Users/bernardofalle/zephyr-sdk-0.15.1/arm-zephyr-eabi/arm-zephyr-eabi/lib/thumb/v7e-m/nofp/libc_nano.a(lib_a-memchr.o)
                0x0000000000000100                memchr
 .text          0x00000000000001a0      0x378 /Users/bernardofalle/zephyr-sdk-0.15.1/arm-zephyr-eabi/bin/../lib/gcc/arm-zephyr-eabi/12.1.0/thumb/v7e-m/nofp/libgcc.a(_arm_addsubdf3.o)
                0x00000000000001a0                __aeabi_drsub
                0x00000000000001a8                __subdf3
                0x00000000000001a8                __aeabi_dsub
                0x00000000000001ac                __aeabi_dadd
                0x00000000000001ac                __adddf3
                0x0000000000000424                __aeabi_ui2d
                0x0000000000000424                __floatunsidf
                0x0000000000000444                __floatsidf
                0x0000000000000444                __aeabi_i2d
                0x0000000000000468                __extendsfdf2
                0x0000000000000468                __aeabi_f2d
                0x00000000000004ac                __aeabi_ul2d
                0x00000000000004ac                __floatundidf
                0x00000000000004bc                __aeabi_l2d
                0x00000000000004bc                __floatdidf
 .text          0x0000000000000518      0x424 /Users/bernardofalle/zephyr-sdk-0.15.1/arm-zephyr-eabi/bin/../lib/gcc/arm-zephyr-eabi/12.1.0/thumb/v7e-m/nofp/libgcc.a(_arm_muldivdf3.o)
                0x0000000000000518                __aeabi_dmul
                0x0000000000000518                __muldf3
                0x000000000000076c                __aeabi_ddiv
                0x000000000000076c                __divdf3
 .text          0x000000000000093c       0xa0 /Users/bernardofalle/zephyr-sdk-0.15.1/arm-zephyr-eabi/bin/../lib/gcc/arm-zephyr-eabi/12.1.0/thumb/v7e-m/nofp/libgcc.a(_arm_truncdfsf2.o)
                0x000000000000093c                __aeabi_d2f
                0x000000000000093c                __truncdfsf2
 .text          0x00000000000009dc      0x21c /Users/bernardofalle/zephyr-sdk-0.15.1/arm-zephyr-eabi/bin/../lib/gcc/arm-zephyr-eabi/12.1.0/thumb/v7e-m/nofp/libgcc.a(_arm_addsubsf3.o)
                0x00000000000009dc                __aeabi_frsub
                0x00000000000009e4                __aeabi_fsub
                0x00000000000009e4                __subsf3
                0x00000000000009e8                __aeabi_fadd
                0x00000000000009e8                __addsf3
                0x0000000000000b48                __aeabi_ui2f
                0x0000000000000b48                __floatunsisf
                0x0000000000000b50                __floatsisf
                0x0000000000000b50                __aeabi_i2f
                0x0000000000000b6c                __aeabi_ul2f
                0x0000000000000b6c                __floatundisf
                0x0000000000000b7c                __aeabi_l2f
                0x0000000000000b7c                __floatdisf
 .text          0x0000000000000bf8       0x40 /Users/bernardofalle/zephyr-sdk-0.15.1/arm-zephyr-eabi/bin/../lib/gcc/arm-zephyr-eabi/12.1.0/thumb/v7e-m/nofp/libgcc.a(_arm_fixunssfsi.o)
                0x0000000000000bf8                __aeabi_f2uiz
                0x0000000000000bf8                __fixunssfsi
 .text          0x0000000000000c38       0x30 /Users/bernardofalle/zephyr-sdk-0.15.1/arm-zephyr-eabi/bin/../lib/gcc/arm-zephyr-eabi/12.1.0/thumb/v7e-m/nofp/libgcc.a(_aeabi_uldivmod.o)
                0x0000000000000c38                __aeabi_uldivmod
 .text          0x0000000000000c68        0x4 /Users/bernardofalle/zephyr-sdk-0.15.1/arm-zephyr-eabi/bin/../lib/gcc/arm-zephyr-eabi/12.1.0/thumb/v7e-m/nofp/libgcc.a(_dvmd_tls.o)
                0x0000000000000c68                __aeabi_ldiv0
                0x0000000000000c68                __aeabi_idiv0
 .text          0x0000000000000c6c      0x110 /Users/bernardofalle/zephyr-sdk-0.15.1/arm-zephyr-eabi/bin/../lib/gcc/arm-zephyr-eabi/12.1.0/thumb/v7e-m/nofp/libgcc.a(_arm_cmpdf2.o)
                0x0000000000000c6c                __gedf2
                0x0000000000000c6c                __gtdf2
                0x0000000000000c74                __ledf2
                0x0000000000000c74                __ltdf2
                0x0000000000000c7c                __cmpdf2
                0x0000000000000c7c                __eqdf2
                0x0000000000000c7c                __nedf2
                0x0000000000000cf8                __aeabi_cdrcmple
                0x0000000000000d08                __aeabi_cdcmple
                0x0000000000000d08                __aeabi_cdcmpeq
                0x0000000000000d18                __aeabi_dcmpeq
                0x0000000000000d2c                __aeabi_dcmplt
                0x0000000000000d40                __aeabi_dcmple
                0x0000000000000d54                __aeabi_dcmpge
                0x0000000000000d68                __aeabi_dcmpgt
 .text          0x0000000000000d7c      0x2a0 /Users/bernardofalle/zephyr-sdk-0.15.1/arm-zephyr-eabi/bin/../lib/gcc/arm-zephyr-eabi/12.1.0/thumb/v7e-m/nofp/libgcc.a(_udivmoddi4.o)
                0x0000000000000d7c                __udivmoddi4
 .text          0x000000000000101c       0x14 /Users/bernardofalle/zephyr-sdk-0.15.1/arm-zephyr-eabi/arm-zephyr-eabi/lib/thumb/v7e-m/nofp/libc_nano.a(lib_a-strcmp.o)
                0x000000000000101c                strcmp
 .text          0x0000000000001030       0x10 /Users/bernardofalle/zephyr-sdk-0.15.1/arm-zephyr-eabi/arm-zephyr-eabi/lib/thumb/v7e-m/nofp/libc_nano.a(lib_a-strlen.o)
                0x0000000000001030                strlen
 *(SORT_BY_ALIGNMENT(.text.*))
 .text.guideLineSearch
                0x0000000000001040       0x60 img_algo/libimg_algo.a(img_algo.c.obj)
                0x0000000000001040                guideLineSearch
 .text.__ieee754_atan2
                0x00000000000010a0      0x1a4 /Users/bernardofalle/zephyr-sdk-0.15.1/arm-zephyr-eabi/arm-zephyr-eabi/lib/thumb/v7e-m/nofp/libm_nano.a(lib_a-e_atan2.o)
                0x00000000000010a0                __ieee754_atan2
 *fill*         0x0000000000001244        0x4 
 .text.atan     0x0000000000001248      0x320 /Users/bernardofalle/zephyr-sdk-0.15.1/arm-zephyr-eabi/arm-zephyr-eabi/lib/thumb/v7e-m/nofp/libm_nano.a(lib_a-s_atan.o)
                0x0000000000001248                atan
 .text.thread_OBSC_code
                0x0000000000001568       0x10 app/libapp.a(main.c.obj)
                0x0000000000001568                thread_OBSC_code
 .text.thread_OUTPUT_code
                0x0000000000001578       0xb0 app/libapp.a(main.c.obj)
                0x0000000000001578                thread_OUTPUT_code
 .text.uart_cb  0x0000000000001628       0xa8 app/libapp.a(main.c.obj)
 .text.thread_OAP_code
                0x00000000000016d0       0x94 app/libapp.a(main.c.obj)
                0x00000000000016d0                thread_OAP_code
 .text.thread_NOD_code
                0x0000000000001764       0x8c app/libapp.a(main.c.obj)
                0x0000000000001764                thread_NOD_code
 .text.thread_RXDATA_code
                0x00000000000017f0       0xc0 app/libapp.a(main.c.obj)
                0x00000000000017f0                thread_RXDATA_code
 .text.main     0x00000000000018b0      0x230 app/libapp.a(main.c.obj)
                0x00000000000018b0                main
 .text.cbvprintf_package
                0x0000000000001ae0      0x48c zephyr/libzephyr.a(cbprintf_packaged.c.obj)
                0x0000000000001ae0                cbvprintf_package
 .text.sys_notify_finalize
                0x0000000000001f6c       0x40 zephyr/libzephyr.a(notify.c.obj)
                0x0000000000001f6c                sys_notify_finalize
 .text.__printk_hook_install
                0x0000000000001fac        0xc zephyr/libzephyr.a(printk.c.obj)
                0x0000000000001fac                __printk_hook_install
 .text.process_event
                0x0000000000001fb8      0x438 zephyr/libzephyr.a(onoff.c.obj)
 .text.transition_complete
                0x00000000000023f0       0x64 zephyr/libzephyr.a(onoff.c.obj)
 .text.onoff_request
                0x0000000000002454      0x134 zephyr/libzephyr.a(onoff.c.obj)
                0x0000000000002454                onoff_request
 .text.sys_heap_aligned_alloc
                0x0000000000002588      0x108 zephyr/libzephyr.a(heap.c.obj)
                0x0000000000002588                sys_heap_aligned_alloc
 .text.sys_heap_init
                0x0000000000002690      0x128 zephyr/libzephyr.a(heap.c.obj)
                0x0000000000002690                sys_heap_init
 .text.extract_decimal
                0x00000000000027b8       0x2c zephyr/libzephyr.a(cbprintf_complete.c.obj)
 .text.encode_uint
                0x00000000000027e4       0x98 zephyr/libzephyr.a(cbprintf_complete.c.obj)
 .text.cbvprintf
                0x000000000000287c      0x748 zephyr/libzephyr.a(cbprintf_complete.c.obj)
                0x000000000000287c                cbvprintf
 .text.sys_reboot
                0x0000000000002fc4       0x28 zephyr/libzephyr.a(reboot.c.obj)
                0x0000000000002fc4                sys_reboot
 .text.msg_process
                0x0000000000002fec       0x58 zephyr/libzephyr.a(log_core.c.obj)
 .text.log_format_func_t_get
                0x0000000000003044        0xc zephyr/libzephyr.a(log_core.c.obj)
                0x0000000000003044                log_format_func_t_get
 .text.log_core_init
                0x0000000000003050       0x28 zephyr/libzephyr.a(log_core.c.obj)
                0x0000000000003050                log_core_init
 .text.log_init
                0x0000000000003078       0x80 zephyr/libzephyr.a(log_core.c.obj)
                0x0000000000003078                log_init
 .text.z_impl_log_panic
                0x00000000000030f8       0x40 zephyr/libzephyr.a(log_core.c.obj)
                0x00000000000030f8                z_impl_log_panic
 .text.z_log_notify_backend_enabled
                0x0000000000003138        0xc zephyr/libzephyr.a(log_core.c.obj)
                0x0000000000003138                z_log_notify_backend_enabled
 .text.z_log_dropped
                0x0000000000003144       0x3c zephyr/libzephyr.a(log_core.c.obj)
                0x0000000000003144                z_log_dropped
 .text.z_log_msg2_commit
                0x0000000000003180       0x1c zephyr/libzephyr.a(log_core.c.obj)
                0x0000000000003180                z_log_msg2_commit
 .text.log_source_name_get
                0x000000000000319c       0x1c zephyr/libzephyr.a(log_mgmt.c.obj)
                0x000000000000319c                log_source_name_get
 .text.log_backend_enable
                0x00000000000031b8       0x58 zephyr/libzephyr.a(log_mgmt.c.obj)
                0x00000000000031b8                log_backend_enable
 .text.print_formatted
                0x0000000000003210       0x24 zephyr/libzephyr.a(log_output.c.obj)
 .text.prefix_print
                0x0000000000003234      0x13c zephyr/libzephyr.a(log_output.c.obj)
 .text.newline_print
                0x0000000000003370       0x1c zephyr/libzephyr.a(log_output.c.obj)
 .text.hexdump_line_print
                0x000000000000338c       0xdc zephyr/libzephyr.a(log_output.c.obj)
 .text.postfix_print
                0x0000000000003468       0x28 zephyr/libzephyr.a(log_output.c.obj)
 .text.log_output_msg2_process
                0x0000000000003490      0x104 zephyr/libzephyr.a(log_output.c.obj)
                0x0000000000003490                log_output_msg2_process
 .text.log_output_timestamp_freq_set
                0x0000000000003594       0x2c zephyr/libzephyr.a(log_output.c.obj)
                0x0000000000003594                log_output_timestamp_freq_set
 .text.z_impl_z_log_msg2_runtime_vcreate
                0x00000000000035c0       0xd0 zephyr/libzephyr.a(log_msg2.c.obj)
                0x00000000000035c0                z_impl_z_log_msg2_runtime_vcreate
 .text.char_out
                0x0000000000003690       0x24 zephyr/libzephyr.a(log_backend_uart.c.obj)
 .text.format_set
                0x00000000000036b4        0xc zephyr/libzephyr.a(log_backend_uart.c.obj)
 .text.panic    0x00000000000036c0       0x14 zephyr/libzephyr.a(log_backend_uart.c.obj)
 .text.process  0x00000000000036d4       0x24 zephyr/libzephyr.a(log_backend_uart.c.obj)
 .text.log_backend_uart_init
                0x00000000000036f8       0x3c zephyr/libzephyr.a(log_backend_uart.c.obj)
 .text.log_backend_rtt_init
                0x0000000000003734        0xc zephyr/libzephyr.a(log_backend_rtt.c.obj)
 .text.format_set
                0x0000000000003740        0xc zephyr/libzephyr.a(log_backend_rtt.c.obj)
 .text.panic    0x000000000000374c       0x14 zephyr/libzephyr.a(log_backend_rtt.c.obj)
 .text.process  0x0000000000003760       0x24 zephyr/libzephyr.a(log_backend_rtt.c.obj)
 .text.data_out_block_mode
                0x0000000000003784       0x70 zephyr/libzephyr.a(log_backend_rtt.c.obj)
 .text.pm_state_notify
                0x00000000000037f4       0xc4 zephyr/libzephyr.a(pm.c.obj)
 .text.atomic_clear_bit.constprop.0
                0x00000000000038b8       0x30 zephyr/libzephyr.a(pm.c.obj)
 .text.pm_system_resume
                0x00000000000038e8       0x78 zephyr/libzephyr.a(pm.c.obj)
                0x00000000000038e8                pm_system_resume
 .text.pm_system_suspend
                0x0000000000003960       0xec zephyr/libzephyr.a(pm.c.obj)
                0x0000000000003960                pm_system_suspend
 .text.pm_policy_state_lock_is_active
                0x0000000000003a4c       0x1c zephyr/libzephyr.a(policy.c.obj)
                0x0000000000003a4c                pm_policy_state_lock_is_active
 .text.pm_policy_next_state
                0x0000000000003a68       0x90 zephyr/libzephyr.a(policy.c.obj)
                0x0000000000003a68                pm_policy_next_state
 .text.pm_state_cpu_get_all
                0x0000000000003af8       0x10 zephyr/libzephyr.a(state.c.obj)
                0x0000000000003af8                pm_state_cpu_get_all
 .text.nrf_cc3xx_platform_abort_init
                0x0000000000003b08        0xc zephyr/libzephyr.a(nrf_cc3xx_platform_abort_zephyr.c.obj)
                0x0000000000003b08                nrf_cc3xx_platform_abort_init
 .text.mutex_free_platform
                0x0000000000003b14       0x48 zephyr/libzephyr.a(nrf_cc3xx_platform_mutex_zephyr.c.obj)
 .text.mutex_lock_platform
                0x0000000000003b5c       0x58 zephyr/libzephyr.a(nrf_cc3xx_platform_mutex_zephyr.c.obj)
 .text.mutex_unlock_platform
                0x0000000000003bb4       0x4c zephyr/libzephyr.a(nrf_cc3xx_platform_mutex_zephyr.c.obj)
 .text.mutex_init_platform
                0x0000000000003c00       0x70 zephyr/libzephyr.a(nrf_cc3xx_platform_mutex_zephyr.c.obj)
 .text.nrf_cc3xx_platform_mutex_init
                0x0000000000003c70       0x2c zephyr/libzephyr.a(nrf_cc3xx_platform_mutex_zephyr.c.obj)
                0x0000000000003c70                nrf_cc3xx_platform_mutex_init
 .text.z_arm_cpu_idle_init
                0x0000000000003c9c        0xc zephyr/arch/arch/arm/core/aarch32/libarch__arm__core__aarch32.a(cpu_idle.S.obj)
                0x0000000000003c9c                z_arm_cpu_idle_init
 .text.arch_cpu_idle
                0x0000000000003ca8       0x1c zephyr/arch/arch/arm/core/aarch32/libarch__arm__core__aarch32.a(cpu_idle.S.obj)
                0x0000000000003ca8                arch_cpu_idle
 .text.arch_cpu_atomic_idle
                0x0000000000003cc4       0x14 zephyr/arch/arch/arm/core/aarch32/libarch__arm__core__aarch32.a(cpu_idle.S.obj)
                0x0000000000003cc4                arch_cpu_atomic_idle
 .text.z_arm_fatal_error
                0x0000000000003cd8       0xa0 zephyr/arch/arch/arm/core/aarch32/libarch__arm__core__aarch32.a(fatal.c.obj)
                0x0000000000003cd8                z_arm_fatal_error
 .text.arch_irq_enable
                0x0000000000003d78       0x1c zephyr/arch/arch/arm/core/aarch32/libarch__arm__core__aarch32.a(irq_manage.c.obj)
                0x0000000000003d78                arch_irq_enable
 .text.arch_irq_is_enabled
                0x0000000000003d94       0x1c zephyr/arch/arch/arm/core/aarch32/libarch__arm__core__aarch32.a(irq_manage.c.obj)
                0x0000000000003d94                arch_irq_is_enabled
 .text.z_arm_irq_priority_set
                0x0000000000003db0       0x68 zephyr/arch/arch/arm/core/aarch32/libarch__arm__core__aarch32.a(irq_manage.c.obj)
                0x0000000000003db0                z_arm_irq_priority_set
 .text.z_SysNmiOnReset
                0x0000000000003e18        0x8 zephyr/arch/arch/arm/core/aarch32/libarch__arm__core__aarch32.a(nmi_on_reset.S.obj)
                0x0000000000003e18                z_SysNmiOnReset
 .text.z_arm_prep_c
                0x0000000000003e20       0x38 zephyr/arch/arch/arm/core/aarch32/libarch__arm__core__aarch32.a(prep_c.c.obj)
                0x0000000000003e20                z_arm_prep_c
 .text.arch_swap
                0x0000000000003e58       0x34 zephyr/arch/arch/arm/core/aarch32/libarch__arm__core__aarch32.a(swap.c.obj)
                0x0000000000003e58                arch_swap
 .text.z_arm_pendsv
                0x0000000000003e8c       0x54 zephyr/arch/arch/arm/core/aarch32/libarch__arm__core__aarch32.a(swap_helper.S.obj)
                0x0000000000003e8c                z_arm_pendsv
 .text.z_arm_svc
                0x0000000000003ee0       0x20 zephyr/arch/arch/arm/core/aarch32/libarch__arm__core__aarch32.a(swap_helper.S.obj)
                0x0000000000003ee0                z_arm_svc
 .text.arch_new_thread
                0x0000000000003f00       0x38 zephyr/arch/arch/arm/core/aarch32/libarch__arm__core__aarch32.a(thread.c.obj)
                0x0000000000003f00                arch_new_thread
 .text.z_check_thread_stack_fail
                0x0000000000003f38       0x2c zephyr/arch/arch/arm/core/aarch32/libarch__arm__core__aarch32.a(thread.c.obj)
                0x0000000000003f38                z_check_thread_stack_fail
 .text.arch_switch_to_main_thread
                0x0000000000003f64       0x2c zephyr/arch/arch/arm/core/aarch32/libarch__arm__core__aarch32.a(thread.c.obj)
                0x0000000000003f64                arch_switch_to_main_thread
 .text._isr_wrapper
                0x0000000000003f90       0x40 zephyr/arch/arch/arm/core/aarch32/libarch__arm__core__aarch32.a(isr_wrapper.S.obj)
                0x0000000000003f90                _isr_wrapper
 .text._HandlerModeExit
                0x0000000000003fd0       0x1c zephyr/arch/arch/arm/core/aarch32/cortex_m/libarch__arm__core__aarch32__cortex_m.a(exc_exit.S.obj)
                0x0000000000003fd0                z_arm_exc_exit
                0x0000000000003fd0                z_arm_int_exit
 .text.bus_fault.constprop.0
                0x0000000000003fec      0x11c zephyr/arch/arch/arm/core/aarch32/cortex_m/libarch__arm__core__aarch32__cortex_m.a(fault.c.obj)
 .text.usage_fault.constprop.0
                0x0000000000004108       0xf8 zephyr/arch/arch/arm/core/aarch32/cortex_m/libarch__arm__core__aarch32__cortex_m.a(fault.c.obj)
 .text.mem_manage_fault
                0x0000000000004200      0x188 zephyr/arch/arch/arm/core/aarch32/cortex_m/libarch__arm__core__aarch32__cortex_m.a(fault.c.obj)
 .text.z_arm_fault
                0x0000000000004388      0x260 zephyr/arch/arch/arm/core/aarch32/cortex_m/libarch__arm__core__aarch32__cortex_m.a(fault.c.obj)
                0x0000000000004388                z_arm_fault
 .text.z_arm_fault_init
                0x00000000000045e8       0x10 zephyr/arch/arch/arm/core/aarch32/cortex_m/libarch__arm__core__aarch32__cortex_m.a(fault.c.obj)
                0x00000000000045e8                z_arm_fault_init
 .text.__fault  0x00000000000045f8       0x14 zephyr/arch/arch/arm/core/aarch32/cortex_m/libarch__arm__core__aarch32__cortex_m.a(fault_s.S.obj)
                0x00000000000045f8                z_arm_bus_fault
                0x00000000000045f8                z_arm_usage_fault
                0x00000000000045f8                z_arm_mpu_fault
                0x00000000000045f8                z_arm_exc_spurious
                0x00000000000045f8                z_arm_debug_monitor
                0x00000000000045f8                z_arm_hard_fault
 .text.z_arm_interrupt_init
                0x000000000000460c       0x18 zephyr/arch/arch/arm/core/aarch32/cortex_m/libarch__arm__core__aarch32__cortex_m.a(irq_init.c.obj)
                0x000000000000460c                z_arm_interrupt_init
 .text._reset_section
                0x0000000000004624       0x54 zephyr/arch/arch/arm/core/aarch32/cortex_m/libarch__arm__core__aarch32__cortex_m.a(reset.S.obj)
                0x0000000000004624                z_arm_reset
                0x0000000000004624                __start
 .text.z_arm_clear_arm_mpu_config
                0x0000000000004678       0x24 zephyr/arch/arch/arm/core/aarch32/cortex_m/libarch__arm__core__aarch32__cortex_m.a(scb.c.obj)
                0x0000000000004678                z_arm_clear_arm_mpu_config
 .text.z_arm_init_arch_hw_at_boot
                0x000000000000469c       0x64 zephyr/arch/arch/arm/core/aarch32/cortex_m/libarch__arm__core__aarch32__cortex_m.a(scb.c.obj)
                0x000000000000469c                z_arm_init_arch_hw_at_boot
 .text.z_impl_k_thread_abort
                0x0000000000004700       0x2c zephyr/arch/arch/arm/core/aarch32/cortex_m/libarch__arm__core__aarch32__cortex_m.a(thread_abort.c.obj)
                0x0000000000004700                z_impl_k_thread_abort
 .text.z_arm_configure_static_mpu_regions
                0x000000000000472c       0x18 zephyr/arch/arch/arm/core/aarch32/mpu/libarch__arm__core__aarch32__mpu.a(arm_core_mpu.c.obj)
                0x000000000000472c                z_arm_configure_static_mpu_regions
 .text.z_arm_configure_dynamic_mpu_regions
                0x0000000000004744       0x20 zephyr/arch/arch/arm/core/aarch32/mpu/libarch__arm__core__aarch32__mpu.a(arm_core_mpu.c.obj)
                0x0000000000004744                z_arm_configure_dynamic_mpu_regions
 .text.mpu_configure_regions
                0x0000000000004764       0xb4 zephyr/arch/arch/arm/core/aarch32/mpu/libarch__arm__core__aarch32__mpu.a(arm_mpu.c.obj)
 .text.arm_core_mpu_enable
                0x0000000000004818       0x18 zephyr/arch/arch/arm/core/aarch32/mpu/libarch__arm__core__aarch32__mpu.a(arm_mpu.c.obj)
                0x0000000000004818                arm_core_mpu_enable
 .text.arm_core_mpu_disable
                0x0000000000004830       0x14 zephyr/arch/arch/arm/core/aarch32/mpu/libarch__arm__core__aarch32__mpu.a(arm_mpu.c.obj)
                0x0000000000004830                arm_core_mpu_disable
 .text.arm_core_mpu_configure_static_mpu_regions
                0x0000000000004844       0x50 zephyr/arch/arch/arm/core/aarch32/mpu/libarch__arm__core__aarch32__mpu.a(arm_mpu.c.obj)
                0x0000000000004844                arm_core_mpu_configure_static_mpu_regions
 .text.arm_core_mpu_configure_dynamic_mpu_regions
                0x0000000000004894       0x68 zephyr/arch/arch/arm/core/aarch32/mpu/libarch__arm__core__aarch32__mpu.a(arm_mpu.c.obj)
                0x0000000000004894                arm_core_mpu_configure_dynamic_mpu_regions
 .text.z_arm_mpu_init
                0x00000000000048fc       0xc8 zephyr/arch/arch/arm/core/aarch32/mpu/libarch__arm__core__aarch32__mpu.a(arm_mpu.c.obj)
                0x00000000000048fc                z_arm_mpu_init
 .text.malloc_prepare
                0x00000000000049c4       0x44 zephyr/lib/libc/newlib/liblib__libc__newlib.a(libc-hooks.c.obj)
 .text.__stdout_hook_install
                0x0000000000004a08        0xc zephyr/lib/libc/newlib/liblib__libc__newlib.a(libc-hooks.c.obj)
                0x0000000000004a08                __stdout_hook_install
 .text.z_impl_zephyr_read_stdin
                0x0000000000004a14       0x28 zephyr/lib/libc/newlib/liblib__libc__newlib.a(libc-hooks.c.obj)
                0x0000000000004a14                z_impl_zephyr_read_stdin
 .text.z_impl_zephyr_write_stdout
                0x0000000000004a3c       0x30 zephyr/lib/libc/newlib/liblib__libc__newlib.a(libc-hooks.c.obj)
                0x0000000000004a3c                z_impl_zephyr_write_stdout
 .text._exit    0x0000000000004a6c       0x10 zephyr/lib/libc/newlib/liblib__libc__newlib.a(libc-hooks.c.obj)
                0x0000000000004a6c                _exit
 .text._sbrk    0x0000000000004a7c       0x28 zephyr/lib/libc/newlib/liblib__libc__newlib.a(libc-hooks.c.obj)
                0x0000000000004a7c                _sbrk
                0x0000000000004a7c                sbrk
 .text.__retarget_lock_init_recursive
                0x0000000000004aa4       0x64 zephyr/lib/libc/newlib/liblib__libc__newlib.a(libc-hooks.c.obj)
                0x0000000000004aa4                __retarget_lock_init_recursive
 .text.__retarget_lock_acquire_recursive
                0x0000000000004b08       0x3c zephyr/lib/libc/newlib/liblib__libc__newlib.a(libc-hooks.c.obj)
                0x0000000000004b08                __retarget_lock_acquire_recursive
 .text.__retarget_lock_release_recursive
                0x0000000000004b44       0x34 zephyr/lib/libc/newlib/liblib__libc__newlib.a(libc-hooks.c.obj)
                0x0000000000004b44                __retarget_lock_release_recursive
 .text.__chk_fail
                0x0000000000004b78       0x1c zephyr/lib/libc/newlib/liblib__libc__newlib.a(libc-hooks.c.obj)
                0x0000000000004b78                __chk_fail
 .text.nordicsemi_nrf52_init
                0x0000000000004b94       0x60 zephyr/soc/arm/nordic_nrf/nrf52/libsoc__arm__nordic_nrf__nrf52.a(soc.c.obj)
 .text.sys_arch_reboot
                0x0000000000004bf4       0x2c zephyr/soc/arm/nordic_nrf/nrf52/libsoc__arm__nordic_nrf__nrf52.a(soc.c.obj)
                0x0000000000004bf4                sys_arch_reboot
 .text.arch_busy_wait
                0x0000000000004c20       0x14 zephyr/soc/arm/nordic_nrf/nrf52/libsoc__arm__nordic_nrf__nrf52.a(soc.c.obj)
                0x0000000000004c20                arch_busy_wait
 .text.onoff_start
                0x0000000000004c34       0x3c zephyr/drivers/clock_control/libdrivers__clock_control.a(clock_control_nrf.c.obj)
 .text.get_status
                0x0000000000004c70       0x3c zephyr/drivers/clock_control/libdrivers__clock_control.a(clock_control_nrf.c.obj)
 .text.stop     0x0000000000004cac       0x80 zephyr/drivers/clock_control/libdrivers__clock_control.a(clock_control_nrf.c.obj)
 .text.onoff_stop
                0x0000000000004d2c       0x28 zephyr/drivers/clock_control/libdrivers__clock_control.a(clock_control_nrf.c.obj)
 .text.clk_init
                0x0000000000004d54       0x58 zephyr/drivers/clock_control/libdrivers__clock_control.a(clock_control_nrf.c.obj)
 .text.clkstarted_handle.constprop.0
                0x0000000000004dac       0x34 zephyr/drivers/clock_control/libdrivers__clock_control.a(clock_control_nrf.c.obj)
 .text.clock_event_handler
                0x0000000000004de0       0x60 zephyr/drivers/clock_control/libdrivers__clock_control.a(clock_control_nrf.c.obj)
 .text.generic_hfclk_start
                0x0000000000004e40       0x64 zephyr/drivers/clock_control/libdrivers__clock_control.a(clock_control_nrf.c.obj)
 .text.api_blocking_start
                0x0000000000004ea4       0x34 zephyr/drivers/clock_control/libdrivers__clock_control.a(clock_control_nrf.c.obj)
 .text.generic_hfclk_stop
                0x0000000000004ed8       0x2c zephyr/drivers/clock_control/libdrivers__clock_control.a(clock_control_nrf.c.obj)
 .text.z_nrf_clock_control_lf_on
                0x0000000000004f04      0x148 zephyr/drivers/clock_control/libdrivers__clock_control.a(clock_control_nrf.c.obj)
                0x0000000000004f04                z_nrf_clock_control_lf_on
 .text.uart_console_init
                0x000000000000504c       0x30 zephyr/drivers/console/libdrivers__console.a(uart_console.c.obj)
 .text.console_out
                0x000000000000507c       0x28 zephyr/drivers/console/libdrivers__console.a(uart_console.c.obj)
 .text.gpio_nrfx_manage_callback
                0x00000000000050a4       0xac zephyr/drivers/gpio/libdrivers__gpio.a(gpio_nrfx.c.obj)
 .text.gpio_nrfx_pin_interrupt_configure
                0x0000000000005150      0x134 zephyr/drivers/gpio/libdrivers__gpio.a(gpio_nrfx.c.obj)
 .text.gpio_nrfx_init
                0x0000000000005284       0x38 zephyr/drivers/gpio/libdrivers__gpio.a(gpio_nrfx.c.obj)
 .text.nrfx_gpio_handler
                0x00000000000052bc       0x90 zephyr/drivers/gpio/libdrivers__gpio.a(gpio_nrfx.c.obj)
 .text.gpio_nrfx_pin_configure
                0x000000000000534c      0x148 zephyr/drivers/gpio/libdrivers__gpio.a(gpio_nrfx.c.obj)
 .text.z_log_msg2_runtime_create.constprop.0
                0x0000000000005494       0x24 zephyr/drivers/serial/libdrivers__serial.a(uart_nrfx_uarte.c.obj)
 .text.uarte_nrfx_tx
                0x00000000000054b8       0xb0 zephyr/drivers/serial/libdrivers__serial.a(uart_nrfx_uarte.c.obj)
 .text.uarte_nrfx_configure
                0x0000000000005568      0x164 zephyr/drivers/serial/libdrivers__serial.a(uart_nrfx_uarte.c.obj)
 .text.uarte_instance_init.constprop.0
                0x00000000000056cc      0x19c zephyr/drivers/serial/libdrivers__serial.a(uart_nrfx_uarte.c.obj)
 .text.uarte_nrfx_poll_out
                0x0000000000005868       0xb4 zephyr/drivers/serial/libdrivers__serial.a(uart_nrfx_uarte.c.obj)
 .text.uarte_nrfx_rx_enable
                0x000000000000591c      0x13c zephyr/drivers/serial/libdrivers__serial.a(uart_nrfx_uarte.c.obj)
 .text.uarte_nrfx_isr_async
                0x0000000000005a58      0x354 zephyr/drivers/serial/libdrivers__serial.a(uart_nrfx_uarte.c.obj)
 .text.compare_int_lock
                0x0000000000005dac       0x48 zephyr/drivers/timer/libdrivers__timer.a(nrf_rtc_timer.c.obj)
 .text.sys_clock_timeout_handler
                0x0000000000005df4       0x80 zephyr/drivers/timer/libdrivers__timer.a(nrf_rtc_timer.c.obj)
 .text.compare_int_unlock
                0x0000000000005e74       0x5c zephyr/drivers/timer/libdrivers__timer.a(nrf_rtc_timer.c.obj)
 .text.z_nrf_rtc_timer_read
                0x0000000000005ed0       0x44 zephyr/drivers/timer/libdrivers__timer.a(nrf_rtc_timer.c.obj)
                0x0000000000005ed0                z_nrf_rtc_timer_read
 .text.compare_set
                0x0000000000005f14      0x148 zephyr/drivers/timer/libdrivers__timer.a(nrf_rtc_timer.c.obj)
 .text.sys_clock_driver_init
                0x000000000000605c       0x80 zephyr/drivers/timer/libdrivers__timer.a(nrf_rtc_timer.c.obj)
 .text.rtc_nrf_isr
                0x00000000000060dc       0xe4 zephyr/drivers/timer/libdrivers__timer.a(nrf_rtc_timer.c.obj)
                0x00000000000060dc                rtc_nrf_isr
 .text.sys_clock_set_timeout
                0x00000000000061c0       0x64 zephyr/drivers/timer/libdrivers__timer.a(nrf_rtc_timer.c.obj)
                0x00000000000061c0                sys_clock_set_timeout
 .text.sys_clock_elapsed
                0x0000000000006224       0x14 zephyr/drivers/timer/libdrivers__timer.a(nrf_rtc_timer.c.obj)
                0x0000000000006224                sys_clock_elapsed
 .text.nrf_gpio_pin_port_decode
                0x0000000000006238       0x84 zephyr/drivers/pinctrl/libdrivers__pinctrl.a(pinctrl_nrf.c.obj)
 .text.z_log_msg2_runtime_create.constprop.0
                0x00000000000062bc       0x24 modules/nrf/lib/fatal_error/lib..__nrf__lib__fatal_error.a(fatal_error.c.obj)
 .text.k_sys_fatal_error_handler
                0x00000000000062e0       0x2c modules/nrf/lib/fatal_error/lib..__nrf__lib__fatal_error.a(fatal_error.c.obj)
                0x00000000000062e0                k_sys_fatal_error_handler
 .text.nrf52_errata_98
                0x000000000000630c       0x24 modules/hal_nordic/nrfx/libmodules__hal_nordic__nrfx.a(system_nrf52840.c.obj)
 .text.nvmc_wait
                0x0000000000006330       0x10 modules/hal_nordic/nrfx/libmodules__hal_nordic__nrfx.a(system_nrf52840.c.obj)
                0x0000000000006330                nvmc_wait
 .text.SystemInit
                0x0000000000006340      0x1c8 modules/hal_nordic/nrfx/libmodules__hal_nordic__nrfx.a(system_nrf52840.c.obj)
                0x0000000000006340                SystemInit
 .text.nrfx_flag32_alloc
                0x0000000000006508       0x40 modules/hal_nordic/nrfx/libmodules__hal_nordic__nrfx.a(nrfx_flag32_allocator.c.obj)
                0x0000000000006508                nrfx_flag32_alloc
 .text.nrfx_flag32_free
                0x0000000000006548       0x40 modules/hal_nordic/nrfx/libmodules__hal_nordic__nrfx.a(nrfx_flag32_allocator.c.obj)
                0x0000000000006548                nrfx_flag32_free
 .text.clock_stop
                0x0000000000006588      0x104 modules/hal_nordic/nrfx/libmodules__hal_nordic__nrfx.a(nrfx_clock.c.obj)
 .text.nrfx_clock_init
                0x000000000000668c       0x4c modules/hal_nordic/nrfx/libmodules__hal_nordic__nrfx.a(nrfx_clock.c.obj)
                0x000000000000668c                nrfx_clock_init
 .text.nrfx_clock_enable
                0x00000000000066d8       0x48 modules/hal_nordic/nrfx/libmodules__hal_nordic__nrfx.a(nrfx_clock.c.obj)
                0x00000000000066d8                nrfx_clock_enable
 .text.nrfx_clock_start
                0x0000000000006720       0xc8 modules/hal_nordic/nrfx/libmodules__hal_nordic__nrfx.a(nrfx_clock.c.obj)
                0x0000000000006720                nrfx_clock_start
 .text.nrfx_clock_stop
                0x00000000000067e8       0x3c modules/hal_nordic/nrfx/libmodules__hal_nordic__nrfx.a(nrfx_clock.c.obj)
                0x00000000000067e8                nrfx_clock_stop
 .text.nrfx_power_clock_irq_handler
                0x0000000000006824       0x68 modules/hal_nordic/nrfx/libmodules__hal_nordic__nrfx.a(nrfx_clock.c.obj)
                0x0000000000006824                nrfx_power_clock_irq_handler
 .text.pin_in_use_by_te
                0x000000000000688c       0x14 modules/hal_nordic/nrfx/libmodules__hal_nordic__nrfx.a(nrfx_gpiote.c.obj)
 .text.pin_has_trigger
                0x00000000000068a0       0x18 modules/hal_nordic/nrfx/libmodules__hal_nordic__nrfx.a(nrfx_gpiote.c.obj)
 .text.pin_is_output
                0x00000000000068b8       0x14 modules/hal_nordic/nrfx/libmodules__hal_nordic__nrfx.a(nrfx_gpiote.c.obj)
 .text.call_handler
                0x00000000000068cc       0x3c modules/hal_nordic/nrfx/libmodules__hal_nordic__nrfx.a(nrfx_gpiote.c.obj)
 .text.nrf_gpio_pin_port_decode
                0x0000000000006908       0x6c modules/hal_nordic/nrfx/libmodules__hal_nordic__nrfx.a(nrfx_gpiote.c.obj)
 .text.release_handler
                0x0000000000006974       0x80 modules/hal_nordic/nrfx/libmodules__hal_nordic__nrfx.a(nrfx_gpiote.c.obj)
 .text.pin_handler_trigger_uninit
                0x00000000000069f4       0x38 modules/hal_nordic/nrfx/libmodules__hal_nordic__nrfx.a(nrfx_gpiote.c.obj)
 .text.nrfx_gpiote_input_configure
                0x0000000000006a2c      0x150 modules/hal_nordic/nrfx/libmodules__hal_nordic__nrfx.a(nrfx_gpiote.c.obj)
                0x0000000000006a2c                nrfx_gpiote_input_configure
 .text.nrfx_gpiote_output_configure
                0x0000000000006b7c       0xe8 modules/hal_nordic/nrfx/libmodules__hal_nordic__nrfx.a(nrfx_gpiote.c.obj)
                0x0000000000006b7c                nrfx_gpiote_output_configure
 .text.nrfx_gpiote_global_callback_set
                0x0000000000006c64        0xc modules/hal_nordic/nrfx/libmodules__hal_nordic__nrfx.a(nrfx_gpiote.c.obj)
                0x0000000000006c64                nrfx_gpiote_global_callback_set
 .text.nrfx_gpiote_channel_get
                0x0000000000006c70       0x54 modules/hal_nordic/nrfx/libmodules__hal_nordic__nrfx.a(nrfx_gpiote.c.obj)
                0x0000000000006c70                nrfx_gpiote_channel_get
 .text.nrfx_gpiote_init
                0x0000000000006cc4       0x50 modules/hal_nordic/nrfx/libmodules__hal_nordic__nrfx.a(nrfx_gpiote.c.obj)
                0x0000000000006cc4                nrfx_gpiote_init
 .text.nrfx_gpiote_is_init
                0x0000000000006d14       0x14 modules/hal_nordic/nrfx/libmodules__hal_nordic__nrfx.a(nrfx_gpiote.c.obj)
                0x0000000000006d14                nrfx_gpiote_is_init
 .text.nrfx_gpiote_channel_free
                0x0000000000006d28        0xc modules/hal_nordic/nrfx/libmodules__hal_nordic__nrfx.a(nrfx_gpiote.c.obj)
                0x0000000000006d28                nrfx_gpiote_channel_free
 .text.nrfx_gpiote_channel_alloc
                0x0000000000006d34        0xc modules/hal_nordic/nrfx/libmodules__hal_nordic__nrfx.a(nrfx_gpiote.c.obj)
                0x0000000000006d34                nrfx_gpiote_channel_alloc
 .text.nrfx_gpiote_trigger_enable
                0x0000000000006d40       0xe0 modules/hal_nordic/nrfx/libmodules__hal_nordic__nrfx.a(nrfx_gpiote.c.obj)
                0x0000000000006d40                nrfx_gpiote_trigger_enable
 .text.nrfx_gpiote_trigger_disable
                0x0000000000006e20       0x54 modules/hal_nordic/nrfx/libmodules__hal_nordic__nrfx.a(nrfx_gpiote.c.obj)
                0x0000000000006e20                nrfx_gpiote_trigger_disable
 .text.nrfx_gpiote_pin_uninit
                0x0000000000006e74       0x48 modules/hal_nordic/nrfx/libmodules__hal_nordic__nrfx.a(nrfx_gpiote.c.obj)
                0x0000000000006e74                nrfx_gpiote_pin_uninit
 .text.nrfx_gpiote_irq_handler
                0x0000000000006ebc      0x1c0 modules/hal_nordic/nrfx/libmodules__hal_nordic__nrfx.a(nrfx_gpiote.c.obj)
                0x0000000000006ebc                nrfx_gpiote_irq_handler
 .text.nrfx_ppi_channel_alloc
                0x000000000000707c        0xc modules/hal_nordic/nrfx/libmodules__hal_nordic__nrfx.a(nrfx_ppi.c.obj)
                0x000000000000707c                nrfx_ppi_channel_alloc
 .text._DoInit  0x0000000000007088       0x60 modules/segger/libmodules__segger.a(SEGGER_RTT.c.obj)
 .text.SEGGER_RTT_WriteSkipNoLock
                0x00000000000070e8       0x90 modules/segger/libmodules__segger.a(SEGGER_RTT.c.obj)
                0x00000000000070e8                SEGGER_RTT_WriteSkipNoLock
 .text.SEGGER_RTT_HasDataUp
                0x0000000000007178       0x14 modules/segger/libmodules__segger.a(SEGGER_RTT.c.obj)
                0x0000000000007178                SEGGER_RTT_HasDataUp
 .text.z_sys_init_run_level
                0x000000000000718c       0x40 zephyr/kernel/libkernel.a(device.c.obj)
                0x000000000000718c                z_sys_init_run_level
 .text.z_impl_device_get_binding
                0x00000000000071cc       0x54 zephyr/kernel/libkernel.a(device.c.obj)
                0x00000000000071cc                z_impl_device_get_binding
 .text.z_fatal_error
                0x0000000000007220       0xf4 zephyr/kernel/libkernel.a(fatal.c.obj)
                0x0000000000007220                z_fatal_error
 .text.bg_thread_main
                0x0000000000007314       0x34 zephyr/kernel/libkernel.a(init.c.obj)
 .text.z_bss_zero
                0x0000000000007348       0x18 zephyr/kernel/libkernel.a(init.c.obj)
                0x0000000000007348                z_bss_zero
 .text.z_init_cpu
                0x0000000000007360       0x70 zephyr/kernel/libkernel.a(init.c.obj)
                0x0000000000007360                z_init_cpu
 .text.z_cstart
                0x00000000000073d0       0xdc zephyr/kernel/libkernel.a(init.c.obj)
                0x00000000000073d0                z_cstart
 .text.init_mem_slab_module
                0x00000000000074ac       0x74 zephyr/kernel/libkernel.a(mem_slab.c.obj)
 .text.k_mem_slab_alloc
                0x0000000000007520       0xd8 zephyr/kernel/libkernel.a(mem_slab.c.obj)
                0x0000000000007520                k_mem_slab_alloc
 .text.k_mem_slab_free
                0x00000000000075f8       0xc8 zephyr/kernel/libkernel.a(mem_slab.c.obj)
                0x00000000000075f8                k_mem_slab_free
 .text.z_setup_new_thread
                0x00000000000076c0       0xc8 zephyr/kernel/libkernel.a(thread.c.obj)
                0x00000000000076c0                z_setup_new_thread
 .text.z_impl_k_thread_create
                0x0000000000007788       0xa0 zephyr/kernel/libkernel.a(thread.c.obj)
                0x0000000000007788                z_impl_k_thread_create
 .text.z_init_static_threads
                0x0000000000007828      0x110 zephyr/kernel/libkernel.a(thread.c.obj)
                0x0000000000007828                z_init_static_threads
 .text.z_spin_lock_valid
                0x0000000000007938       0x1c zephyr/kernel/libkernel.a(thread.c.obj)
                0x0000000000007938                z_spin_lock_valid
 .text.z_spin_unlock_valid
                0x0000000000007954       0x20 zephyr/kernel/libkernel.a(thread.c.obj)
                0x0000000000007954                z_spin_unlock_valid
 .text.z_spin_lock_set_owner
                0x0000000000007974       0x10 zephyr/kernel/libkernel.a(thread.c.obj)
                0x0000000000007974                z_spin_lock_set_owner
 .text.idle     0x0000000000007984       0x64 zephyr/kernel/libkernel.a(idle.c.obj)
                0x0000000000007984                idle
 .text.z_impl_k_mutex_lock
                0x00000000000079e8      0x1f4 zephyr/kernel/libkernel.a(mutex.c.obj)
                0x00000000000079e8                z_impl_k_mutex_lock
 .text.z_impl_k_mutex_unlock
                0x0000000000007bdc      0x188 zephyr/kernel/libkernel.a(mutex.c.obj)
                0x0000000000007bdc                z_impl_k_mutex_unlock
 .text.z_impl_k_sem_give
                0x0000000000007d64       0x7c zephyr/kernel/libkernel.a(sem.c.obj)
                0x0000000000007d64                z_impl_k_sem_give
 .text.z_impl_k_sem_take
                0x0000000000007de0      0x114 zephyr/kernel/libkernel.a(sem.c.obj)
                0x0000000000007de0                z_impl_k_sem_take
 .text.z_reset_time_slice
                0x0000000000007ef4       0x28 zephyr/kernel/libkernel.a(sched.c.obj)
                0x0000000000007ef4                z_reset_time_slice
 .text.update_cache
                0x0000000000007f1c       0x70 zephyr/kernel/libkernel.a(sched.c.obj)
 .text.ready_thread
                0x0000000000007f8c       0x98 zephyr/kernel/libkernel.a(sched.c.obj)
 .text.k_sched_time_slice_set
                0x0000000000008024       0xcc zephyr/kernel/libkernel.a(sched.c.obj)
                0x0000000000008024                k_sched_time_slice_set
 .text.z_ready_thread
                0x00000000000080f0       0x90 zephyr/kernel/libkernel.a(sched.c.obj)
                0x00000000000080f0                z_ready_thread
 .text.z_unpend_thread_no_timeout
                0x0000000000008180       0x90 zephyr/kernel/libkernel.a(sched.c.obj)
                0x0000000000008180                z_unpend_thread_no_timeout
 .text.z_reschedule
                0x0000000000008210       0x88 zephyr/kernel/libkernel.a(sched.c.obj)
                0x0000000000008210                z_reschedule
 .text.z_sched_start
                0x0000000000008298       0xa8 zephyr/kernel/libkernel.a(sched.c.obj)
                0x0000000000008298                z_sched_start
 .text.k_sched_lock
                0x0000000000008340       0xe8 zephyr/kernel/libkernel.a(sched.c.obj)
                0x0000000000008340                k_sched_lock
 .text.k_sched_unlock
                0x0000000000008428       0xf8 zephyr/kernel/libkernel.a(sched.c.obj)
                0x0000000000008428                k_sched_unlock
 .text.z_priq_dumb_remove
                0x0000000000008520       0x44 zephyr/kernel/libkernel.a(sched.c.obj)
                0x0000000000008520                z_priq_dumb_remove
 .text.move_thread_to_end_of_prio_q
                0x0000000000008564       0xa4 zephyr/kernel/libkernel.a(sched.c.obj)
 .text.z_time_slice
                0x0000000000008608       0xf0 zephyr/kernel/libkernel.a(sched.c.obj)
                0x0000000000008608                z_time_slice
 .text.unready_thread
                0x00000000000086f8       0x38 zephyr/kernel/libkernel.a(sched.c.obj)
 .text.add_to_waitq_locked
                0x0000000000008730       0x7c zephyr/kernel/libkernel.a(sched.c.obj)
 .text.pend     0x00000000000087ac       0xbc zephyr/kernel/libkernel.a(sched.c.obj)
 .text.z_pend_curr
                0x0000000000008868       0x60 zephyr/kernel/libkernel.a(sched.c.obj)
                0x0000000000008868                z_pend_curr
 .text.z_set_prio
                0x00000000000088c8      0x12c zephyr/kernel/libkernel.a(sched.c.obj)
                0x00000000000088c8                z_set_prio
 .text.z_impl_k_thread_suspend
                0x00000000000089f4       0xd4 zephyr/kernel/libkernel.a(sched.c.obj)
                0x00000000000089f4                z_impl_k_thread_suspend
 .text.unpend_thread_no_timeout
                0x0000000000008ac8       0x44 zephyr/kernel/libkernel.a(sched.c.obj)
 .text.z_thread_timeout
                0x0000000000008b0c       0xb4 zephyr/kernel/libkernel.a(sched.c.obj)
                0x0000000000008b0c                z_thread_timeout
 .text.z_unpend1_no_timeout
                0x0000000000008bc0       0x9c zephyr/kernel/libkernel.a(sched.c.obj)
                0x0000000000008bc0                z_unpend1_no_timeout
 .text.z_unpend_first_thread
                0x0000000000008c5c       0xa4 zephyr/kernel/libkernel.a(sched.c.obj)
                0x0000000000008c5c                z_unpend_first_thread
 .text.z_sched_init
                0x0000000000008d00       0x18 zephyr/kernel/libkernel.a(sched.c.obj)
                0x0000000000008d00                z_sched_init
 .text.z_impl_k_yield
                0x0000000000008d18      0x140 zephyr/kernel/libkernel.a(sched.c.obj)
                0x0000000000008d18                z_impl_k_yield
 .text.z_tick_sleep
                0x0000000000008e58      0x14c zephyr/kernel/libkernel.a(sched.c.obj)
 .text.z_impl_k_sleep
                0x0000000000008fa4       0x70 zephyr/kernel/libkernel.a(sched.c.obj)
                0x0000000000008fa4                z_impl_k_sleep
 .text.z_impl_k_usleep
                0x0000000000009014       0x34 zephyr/kernel/libkernel.a(sched.c.obj)
                0x0000000000009014                z_impl_k_usleep
 .text.z_impl_z_current_get
                0x0000000000009048        0xc zephyr/kernel/libkernel.a(sched.c.obj)
                0x0000000000009048                z_impl_z_current_get
 .text.z_thread_abort
                0x0000000000009054      0x168 zephyr/kernel/libkernel.a(sched.c.obj)
                0x0000000000009054                z_thread_abort
 .text.z_data_copy
                0x00000000000091bc       0x34 zephyr/kernel/libkernel.a(xip.c.obj)
                0x00000000000091bc                z_data_copy
 .text.elapsed  0x00000000000091f0       0x14 zephyr/kernel/libkernel.a(timeout.c.obj)
 .text.next_timeout
                0x0000000000009204       0x50 zephyr/kernel/libkernel.a(timeout.c.obj)
 .text.remove_timeout
                0x0000000000009254       0x34 zephyr/kernel/libkernel.a(timeout.c.obj)
 .text.z_add_timeout
                0x0000000000009288      0x194 zephyr/kernel/libkernel.a(timeout.c.obj)
                0x0000000000009288                z_add_timeout
 .text.z_abort_timeout
                0x000000000000941c       0x9c zephyr/kernel/libkernel.a(timeout.c.obj)
                0x000000000000941c                z_abort_timeout
 .text.z_get_next_timeout_expiry
                0x00000000000094b8       0x90 zephyr/kernel/libkernel.a(timeout.c.obj)
                0x00000000000094b8                z_get_next_timeout_expiry
 .text.z_set_timeout_expiry
                0x0000000000009548       0xa4 zephyr/kernel/libkernel.a(timeout.c.obj)
                0x0000000000009548                z_set_timeout_expiry
 .text.sys_clock_announce
                0x00000000000095ec      0x174 zephyr/kernel/libkernel.a(timeout.c.obj)
                0x00000000000095ec                sys_clock_announce
 .text.sys_clock_tick_get
                0x0000000000009760       0xa0 zephyr/kernel/libkernel.a(timeout.c.obj)
                0x0000000000009760                sys_clock_tick_get
 .text.z_timer_expiration_handler
                0x0000000000009800      0x16c zephyr/kernel/libkernel.a(timer.c.obj)
                0x0000000000009800                z_timer_expiration_handler
 .text.z_impl_k_timer_start
                0x000000000000996c       0x98 zephyr/kernel/libkernel.a(timer.c.obj)
                0x000000000000996c                z_impl_k_timer_start
 .text.z_heap_aligned_alloc
                0x0000000000009a04       0x6c zephyr/kernel/libkernel.a(mempool.c.obj)
 .text.k_aligned_alloc
                0x0000000000009a70       0x74 zephyr/kernel/libkernel.a(mempool.c.obj)
                0x0000000000009a70                k_aligned_alloc
 .text.k_thread_system_pool_assign
                0x0000000000009ae4        0xc zephyr/kernel/libkernel.a(mempool.c.obj)
                0x0000000000009ae4                k_thread_system_pool_assign
 .text.boot_banner
                0x0000000000009af0       0x18 zephyr/kernel/libkernel.a(banner.c.obj)
                0x0000000000009af0                boot_banner
 .text.statics_init
                0x0000000000009b08       0x54 zephyr/kernel/libkernel.a(kheap.c.obj)
 .text.k_heap_aligned_alloc
                0x0000000000009b5c      0x150 zephyr/kernel/libkernel.a(kheap.c.obj)
                0x0000000000009b5c                k_heap_aligned_alloc
 .text.reserve  0x0000000000009cac       0x5c cab/libcab.a(cab.c.obj)
                0x0000000000009cac                reserve
 .text.exit     0x0000000000009d08       0x28 /Users/bernardofalle/zephyr-sdk-0.15.1/arm-zephyr-eabi/arm-zephyr-eabi/lib/thumb/v7e-m/nofp/libc_nano.a(lib_a-exit.o)
                0x0000000000009d08                exit
 .text.malloc   0x0000000000009d30       0x10 /Users/bernardofalle/zephyr-sdk-0.15.1/arm-zephyr-eabi/arm-zephyr-eabi/lib/thumb/v7e-m/nofp/libc_nano.a(lib_a-malloc.o)
                0x0000000000009d30                malloc
 .text._free_r  0x0000000000009d40       0x94 /Users/bernardofalle/zephyr-sdk-0.15.1/arm-zephyr-eabi/arm-zephyr-eabi/lib/thumb/v7e-m/nofp/libc_nano.a(lib_a-nano-freer.o)
                0x0000000000009d40                _free_r
 .text._malloc_r
                0x0000000000009dd4       0xb4 /Users/bernardofalle/zephyr-sdk-0.15.1/arm-zephyr-eabi/arm-zephyr-eabi/lib/thumb/v7e-m/nofp/libc_nano.a(lib_a-nano-mallocr.o)
                0x0000000000009dd4                _malloc_r
 .text.printf   0x0000000000009e88       0x30 /Users/bernardofalle/zephyr-sdk-0.15.1/arm-zephyr-eabi/arm-zephyr-eabi/lib/thumb/v7e-m/nofp/libc_nano.a(lib_a-printf.o)
                0x0000000000009e88                printf
                0x0000000000009e88                iprintf
 .text._sbrk_r  0x0000000000009eb8       0x20 /Users/bernardofalle/zephyr-sdk-0.15.1/arm-zephyr-eabi/arm-zephyr-eabi/lib/thumb/v7e-m/nofp/libc_nano.a(lib_a-sbrkr.o)
                0x0000000000009eb8                _sbrk_r
 .text.std      0x0000000000009ed8       0x48 /Users/bernardofalle/zephyr-sdk-0.15.1/arm-zephyr-eabi/arm-zephyr-eabi/lib/thumb/v7e-m/nofp/libc_nano.a(lib_a-findfp.o)
 .text._cleanup_r
                0x0000000000009f20        0xc /Users/bernardofalle/zephyr-sdk-0.15.1/arm-zephyr-eabi/arm-zephyr-eabi/lib/thumb/v7e-m/nofp/libc_nano.a(lib_a-findfp.o)
                0x0000000000009f20                _cleanup_r
 .text.__sfp_lock_acquire
                0x0000000000009f2c        0xc /Users/bernardofalle/zephyr-sdk-0.15.1/arm-zephyr-eabi/arm-zephyr-eabi/lib/thumb/v7e-m/nofp/libc_nano.a(lib_a-findfp.o)
                0x0000000000009f2c                __sfp_lock_acquire
 .text.__sfp_lock_release
                0x0000000000009f38        0xc /Users/bernardofalle/zephyr-sdk-0.15.1/arm-zephyr-eabi/arm-zephyr-eabi/lib/thumb/v7e-m/nofp/libc_nano.a(lib_a-findfp.o)
                0x0000000000009f38                __sfp_lock_release
 .text.__sinit_lock_acquire
                0x0000000000009f44        0xc /Users/bernardofalle/zephyr-sdk-0.15.1/arm-zephyr-eabi/arm-zephyr-eabi/lib/thumb/v7e-m/nofp/libc_nano.a(lib_a-findfp.o)
                0x0000000000009f44                __sinit_lock_acquire
 .text.__sinit_lock_release
                0x0000000000009f50        0xc /Users/bernardofalle/zephyr-sdk-0.15.1/arm-zephyr-eabi/arm-zephyr-eabi/lib/thumb/v7e-m/nofp/libc_nano.a(lib_a-findfp.o)
                0x0000000000009f50                __sinit_lock_release
 .text.__sinit  0x0000000000009f5c       0x70 /Users/bernardofalle/zephyr-sdk-0.15.1/arm-zephyr-eabi/arm-zephyr-eabi/lib/thumb/v7e-m/nofp/libc_nano.a(lib_a-findfp.o)
                0x0000000000009f5c                __sinit
 .text.__sfp    0x0000000000009fcc       0x8c /Users/bernardofalle/zephyr-sdk-0.15.1/arm-zephyr-eabi/arm-zephyr-eabi/lib/thumb/v7e-m/nofp/libc_nano.a(lib_a-findfp.o)
                0x0000000000009fcc                __sfp
 .text.__malloc_lock
                0x000000000000a058        0xc /Users/bernardofalle/zephyr-sdk-0.15.1/arm-zephyr-eabi/arm-zephyr-eabi/lib/thumb/v7e-m/nofp/libc_nano.a(lib_a-mlock.o)
                0x000000000000a058                __malloc_lock
 .text.__malloc_unlock
                0x000000000000a064        0xc /Users/bernardofalle/zephyr-sdk-0.15.1/arm-zephyr-eabi/arm-zephyr-eabi/lib/thumb/v7e-m/nofp/libc_nano.a(lib_a-mlock.o)
                0x000000000000a064                __malloc_unlock
 .text._vfprintf_r
                0x000000000000a070      0x258 /Users/bernardofalle/zephyr-sdk-0.15.1/arm-zephyr-eabi/arm-zephyr-eabi/lib/thumb/v7e-m/nofp/libc_nano.a(lib_a-nano-vfprintf.o)
                0x000000000000a070                _vfiprintf_r
                0x000000000000a070                _vfprintf_r
 .text._printf_i
                0x000000000000a2c8      0x25c /Users/bernardofalle/zephyr-sdk-0.15.1/arm-zephyr-eabi/arm-zephyr-eabi/lib/thumb/v7e-m/nofp/libc_nano.a(lib_a-nano-vfprintf_i.o)
                0x000000000000a2c8                _printf_i
 .text.__swbuf_r
                0x000000000000a524       0xa4 /Users/bernardofalle/zephyr-sdk-0.15.1/arm-zephyr-eabi/arm-zephyr-eabi/lib/thumb/v7e-m/nofp/libc_nano.a(lib_a-wbuf.o)
                0x000000000000a524                __swbuf_r
 .text._write_r
                0x000000000000a5c8       0x24 /Users/bernardofalle/zephyr-sdk-0.15.1/arm-zephyr-eabi/arm-zephyr-eabi/lib/thumb/v7e-m/nofp/libc_nano.a(lib_a-writer.o)
                0x000000000000a5c8                _write_r
 .text.__swsetup_r
                0x000000000000a5ec       0xd8 /Users/bernardofalle/zephyr-sdk-0.15.1/arm-zephyr-eabi/arm-zephyr-eabi/lib/thumb/v7e-m/nofp/libc_nano.a(lib_a-wsetup.o)
                0x000000000000a5ec                __swsetup_r
 .text._close_r
                0x000000000000a6c4       0x20 /Users/bernardofalle/zephyr-sdk-0.15.1/arm-zephyr-eabi/arm-zephyr-eabi/lib/thumb/v7e-m/nofp/libc_nano.a(lib_a-closer.o)
                0x000000000000a6c4                _close_r
 .text._fflush_r
                0x000000000000a6e4       0x78 /Users/bernardofalle/zephyr-sdk-0.15.1/arm-zephyr-eabi/arm-zephyr-eabi/lib/thumb/v7e-m/nofp/libc_nano.a(lib_a-fflush.o)
                0x000000000000a6e4                _fflush_r
 .text._lseek_r
                0x000000000000a75c       0x24 /Users/bernardofalle/zephyr-sdk-0.15.1/arm-zephyr-eabi/arm-zephyr-eabi/lib/thumb/v7e-m/nofp/libc_nano.a(lib_a-lseekr.o)
                0x000000000000a75c                _lseek_r
 .text.__smakebuf_r
                0x000000000000a780       0x80 /Users/bernardofalle/zephyr-sdk-0.15.1/arm-zephyr-eabi/arm-zephyr-eabi/lib/thumb/v7e-m/nofp/libc_nano.a(lib_a-makebuf.o)
                0x000000000000a780                __smakebuf_r
 .text._read_r  0x000000000000a800       0x24 /Users/bernardofalle/zephyr-sdk-0.15.1/arm-zephyr-eabi/arm-zephyr-eabi/lib/thumb/v7e-m/nofp/libc_nano.a(lib_a-readr.o)
                0x000000000000a800                _read_r
 .text._fstat_r
                0x000000000000a824       0x24 /Users/bernardofalle/zephyr-sdk-0.15.1/arm-zephyr-eabi/arm-zephyr-eabi/lib/thumb/v7e-m/nofp/libc_nano.a(lib_a-fstatr.o)
                0x000000000000a824                _fstat_r
 .text._isatty_r
                0x000000000000a848       0x20 /Users/bernardofalle/zephyr-sdk-0.15.1/arm-zephyr-eabi/arm-zephyr-eabi/lib/thumb/v7e-m/nofp/libc_nano.a(lib_a-isattyr.o)
                0x000000000000a848                _isatty_r
 .text.nrf_cc3xx_platform_init_no_rng
                0x000000000000a868       0x38 /Users/bernardofalle/ncs/nrfxlib/crypto/nrf_cc310_platform/lib/cortex-m4/soft-float/no-interrupts/libnrf_cc310_platform_0.9.14.a(nrf_cc3xx_platform.c.obj)
                0x000000000000a868                nrf_cc3xx_platform_init_no_rng
 .text.nrf_cc3xx_platform_abort
                0x000000000000a8a0       0x24 /Users/bernardofalle/ncs/nrfxlib/crypto/nrf_cc310_platform/lib/cortex-m4/soft-float/no-interrupts/libnrf_cc310_platform_0.9.14.a(nrf_cc3xx_platform_abort.c.obj)
 .text.CC_PalAbort
                0x000000000000a8c4       0x34 /Users/bernardofalle/ncs/nrfxlib/crypto/nrf_cc310_platform/lib/cortex-m4/soft-float/no-interrupts/libnrf_cc310_platform_0.9.14.a(nrf_cc3xx_platform_abort.c.obj)
                0x000000000000a8c4                CC_PalAbort
 .text.nrf_cc3xx_platform_set_abort
                0x000000000000a8f8       0x10 /Users/bernardofalle/ncs/nrfxlib/crypto/nrf_cc310_platform/lib/cortex-m4/soft-float/no-interrupts/libnrf_cc310_platform_0.9.14.a(nrf_cc3xx_platform_abort.c.obj)
                0x000000000000a8f8                nrf_cc3xx_platform_set_abort
 .text.mutex_free
                0x000000000000a908       0x28 /Users/bernardofalle/ncs/nrfxlib/crypto/nrf_cc310_platform/lib/cortex-m4/soft-float/no-interrupts/libnrf_cc310_platform_0.9.14.a(nrf_cc3xx_platform_mutex.c.obj)
 .text.mutex_lock
                0x000000000000a930       0x40 /Users/bernardofalle/ncs/nrfxlib/crypto/nrf_cc310_platform/lib/cortex-m4/soft-float/no-interrupts/libnrf_cc310_platform_0.9.14.a(nrf_cc3xx_platform_mutex.c.obj)
 .text.mutex_unlock
                0x000000000000a970       0x2c /Users/bernardofalle/ncs/nrfxlib/crypto/nrf_cc310_platform/lib/cortex-m4/soft-float/no-interrupts/libnrf_cc310_platform_0.9.14.a(nrf_cc3xx_platform_mutex.c.obj)
 .text.mutex_init
                0x000000000000a99c       0x1c /Users/bernardofalle/ncs/nrfxlib/crypto/nrf_cc310_platform/lib/cortex-m4/soft-float/no-interrupts/libnrf_cc310_platform_0.9.14.a(nrf_cc3xx_platform_mutex.c.obj)
 .text.nrf_cc3xx_platform_set_mutexes
                0x000000000000a9b8       0x60 /Users/bernardofalle/ncs/nrfxlib/crypto/nrf_cc310_platform/lib/cortex-m4/soft-float/no-interrupts/libnrf_cc310_platform_0.9.14.a(nrf_cc3xx_platform_mutex.c.obj)
                0x000000000000a9b8                nrf_cc3xx_platform_set_mutexes
 .text.CC_LibInitNoRng
                0x000000000000aa18       0x64 /Users/bernardofalle/ncs/nrfxlib/crypto/nrf_cc310_platform/lib/cortex-m4/soft-float/no-interrupts/libnrf_cc310_platform_0.9.14.a(cc_lib.c.obj)
                0x000000000000aa18                CC_LibInitNoRng
 .text.CC_HalInit
                0x000000000000aa7c        0x4 /Users/bernardofalle/ncs/nrfxlib/crypto/nrf_cc310_platform/lib/cortex-m4/soft-float/no-interrupts/libnrf_cc310_platform_0.9.14.a(cc_hal.c.obj)
                0x000000000000aa7c                CC_HalInit
 .text.CC_HalTerminate
                0x000000000000aa80        0x4 /Users/bernardofalle/ncs/nrfxlib/crypto/nrf_cc310_platform/lib/cortex-m4/soft-float/no-interrupts/libnrf_cc310_platform_0.9.14.a(cc_hal.c.obj)
                0x000000000000aa80                CC_HalTerminate
 .text.CC_HalMaskInterrupt
                0x000000000000aa84        0xc /Users/bernardofalle/ncs/nrfxlib/crypto/nrf_cc310_platform/lib/cortex-m4/soft-float/no-interrupts/libnrf_cc310_platform_0.9.14.a(cc_hal.c.obj)
                0x000000000000aa84                CC_HalMaskInterrupt
 .text.CC_PalInit
                0x000000000000aa90       0x5c /Users/bernardofalle/ncs/nrfxlib/crypto/nrf_cc310_platform/lib/cortex-m4/soft-float/no-interrupts/libnrf_cc310_platform_0.9.14.a(cc_pal.c.obj)
                0x000000000000aa90                CC_PalInit
 .text.CC_PalTerminate
                0x000000000000aaec       0x34 /Users/bernardofalle/ncs/nrfxlib/crypto/nrf_cc310_platform/lib/cortex-m4/soft-float/no-interrupts/libnrf_cc310_platform_0.9.14.a(cc_pal.c.obj)
                0x000000000000aaec                CC_PalTerminate
 .text.CC_PalDmaInit
                0x000000000000ab20        0x4 /Users/bernardofalle/ncs/nrfxlib/crypto/nrf_cc310_platform/lib/cortex-m4/soft-float/no-interrupts/libnrf_cc310_platform_0.9.14.a(cc_pal_dma.c.obj)
                0x000000000000ab20                CC_PalDmaInit
 .text.CC_PalDmaTerminate
                0x000000000000ab24        0x4 /Users/bernardofalle/ncs/nrfxlib/crypto/nrf_cc310_platform/lib/cortex-m4/soft-float/no-interrupts/libnrf_cc310_platform_0.9.14.a(cc_pal_dma.c.obj)
                0x000000000000ab24                CC_PalDmaTerminate
 .text.CC_PalMutexCreate
                0x000000000000ab28       0x14 /Users/bernardofalle/ncs/nrfxlib/crypto/nrf_cc310_platform/lib/cortex-m4/soft-float/no-interrupts/libnrf_cc310_platform_0.9.14.a(cc_pal_mutex.c.obj)
                0x000000000000ab28                CC_PalMutexCreate
 .text.CC_PalMutexDestroy
                0x000000000000ab3c       0x14 /Users/bernardofalle/ncs/nrfxlib/crypto/nrf_cc310_platform/lib/cortex-m4/soft-float/no-interrupts/libnrf_cc310_platform_0.9.14.a(cc_pal_mutex.c.obj)
                0x000000000000ab3c                CC_PalMutexDestroy
 .text.CC_PalPowerSaveModeInit
                0x000000000000ab50       0x3c /Users/bernardofalle/ncs/nrfxlib/crypto/nrf_cc310_platform/lib/cortex-m4/soft-float/no-interrupts/libnrf_cc310_platform_0.9.14.a(cc_pal_pm.c.obj)
                0x000000000000ab50                CC_PalPowerSaveModeInit
 .text.CC_PalPowerSaveModeSelect
                0x000000000000ab8c       0x88 /Users/bernardofalle/ncs/nrfxlib/crypto/nrf_cc310_platform/lib/cortex-m4/soft-float/no-interrupts/libnrf_cc310_platform_0.9.14.a(cc_pal_pm.c.obj)
                0x000000000000ab8c                CC_PalPowerSaveModeSelect
 .text._OffsetAbsSyms
                0x000000000000ac14        0x2 zephyr/CMakeFiles/offsets.dir/./arch/arm/core/offsets/offsets.c.obj
                0x000000000000ac14                _OffsetAbsSyms
 .text.cbpprintf_external
                0x000000000000ac16       0x5a zephyr/libzephyr.a(cbprintf_packaged.c.obj)
                0x000000000000ac16                cbpprintf_external
 .text.sys_notify_validate
                0x000000000000ac70       0x22 zephyr/libzephyr.a(notify.c.obj)
                0x000000000000ac70                sys_notify_validate
 .text.arch_printk_char_out
                0x000000000000ac92        0x4 zephyr/libzephyr.a(printk.c.obj)
                0x000000000000ac92                arch_printk_char_out
 .text.vprintk  0x000000000000ac96        0x4 zephyr/libzephyr.a(printk.c.obj)
                0x000000000000ac96                vprintk
 .text.printk   0x000000000000ac9a       0x1a zephyr/libzephyr.a(printk.c.obj)
                0x000000000000ac9a                printk
 .text.process_recheck
                0x000000000000acb4       0x38 zephyr/libzephyr.a(onoff.c.obj)
 .text.validate_args
                0x000000000000acec       0x20 zephyr/libzephyr.a(onoff.c.obj)
 .text.notify_one
                0x000000000000ad0c       0x2c zephyr/libzephyr.a(onoff.c.obj)
 .text.onoff_manager_init
                0x000000000000ad38       0x26 zephyr/libzephyr.a(onoff.c.obj)
                0x000000000000ad38                onoff_manager_init
 .text.z_thread_entry
                0x000000000000ad5e       0x14 zephyr/libzephyr.a(thread_entry.c.obj)
                0x000000000000ad5e                z_thread_entry
 .text.chunk_size
                0x000000000000ad72        0xa zephyr/libzephyr.a(heap.c.obj)
 .text.free_list_add
                0x000000000000ad7c       0x4e zephyr/libzephyr.a(heap.c.obj)
 .text.free_list_remove_bidx
                0x000000000000adca       0x3a zephyr/libzephyr.a(heap.c.obj)
 .text.alloc_chunk
                0x000000000000ae04       0x6e zephyr/libzephyr.a(heap.c.obj)
 .text.split_chunks
                0x000000000000ae72       0x34 zephyr/libzephyr.a(heap.c.obj)
 .text.sys_heap_alloc
                0x000000000000aea6       0x52 zephyr/libzephyr.a(heap.c.obj)
                0x000000000000aea6                sys_heap_alloc
 .text.outs     0x000000000000aef8       0x2e zephyr/libzephyr.a(cbprintf_complete.c.obj)
 .text.assert_post_action
                0x000000000000af26        0xe zephyr/libzephyr.a(assert.c.obj)
                0x000000000000af26                assert_post_action
 .text.assert_print
                0x000000000000af34       0x1a zephyr/libzephyr.a(assert.c.obj)
                0x000000000000af34                assert_print
 .text._ConfigAbsSyms
                0x000000000000af4e        0x2 zephyr/libzephyr.a(configs.c.obj)
                0x000000000000af4e                _ConfigAbsSyms
 .text.default_get_timestamp
                0x000000000000af50        0x4 zephyr/libzephyr.a(log_core.c.obj)
 .text.dummy_timestamp
                0x000000000000af54        0x4 zephyr/libzephyr.a(log_core.c.obj)
 .text.z_log_vprintk
                0x000000000000af58       0x1c zephyr/libzephyr.a(log_core.c.obj)
                0x000000000000af58                z_log_vprintk
 .text.enable_logger
                0x000000000000af74        0xa zephyr/libzephyr.a(log_core.c.obj)
 .text.z_log_get_tag
                0x000000000000af7e        0x4 zephyr/libzephyr.a(log_core.c.obj)
                0x000000000000af7e                z_log_get_tag
 .text.out_func
                0x000000000000af82       0x1c zephyr/libzephyr.a(log_output.c.obj)
 .text.cr_out_func
                0x000000000000af9e       0x1a zephyr/libzephyr.a(log_output.c.obj)
 .text.buffer_write
                0x000000000000afb8       0x1a zephyr/libzephyr.a(log_output.c.obj)
 .text.log_output_flush
                0x000000000000afd2       0x1a zephyr/libzephyr.a(log_output.c.obj)
                0x000000000000afd2                log_output_flush
 .text.z_log_msg2_finalize
                0x000000000000afec       0x34 zephyr/libzephyr.a(log_msg2.c.obj)
                0x000000000000afec                z_log_msg2_finalize
 .text.abort_function
                0x000000000000b020        0x8 zephyr/libzephyr.a(nrf_cc3xx_platform_abort_zephyr.c.obj)
 .text.z_log_msg2_runtime_create.constprop.0
                0x000000000000b028       0x20 zephyr/arch/arch/arm/core/aarch32/libarch__arm__core__aarch32.a(fatal.c.obj)
 .text.z_do_kernel_oops
                0x000000000000b048        0x8 zephyr/arch/arch/arm/core/aarch32/libarch__arm__core__aarch32.a(fatal.c.obj)
                0x000000000000b048                z_do_kernel_oops
 .text.z_irq_spurious
                0x000000000000b050        0x8 zephyr/arch/arch/arm/core/aarch32/libarch__arm__core__aarch32.a(irq_manage.c.obj)
                0x000000000000b050                z_irq_spurious
 .text.z_arm_nmi
                0x000000000000b058        0xe zephyr/arch/arch/arm/core/aarch32/libarch__arm__core__aarch32.a(nmi.c.obj)
                0x000000000000b058                z_arm_nmi
 .text.z_log_msg2_runtime_create.constprop.0
                0x000000000000b066       0x20 zephyr/arch/arch/arm/core/aarch32/cortex_m/libarch__arm__core__aarch32__cortex_m.a(fault.c.obj)
 .text.z_log_msg2_runtime_create.constprop.0
                0x000000000000b086       0x20 zephyr/arch/arch/arm/core/aarch32/mpu/libarch__arm__core__aarch32__mpu.a(arm_mpu.c.obj)
 .text._stdout_hook_default
                0x000000000000b0a6        0x6 zephyr/lib/libc/newlib/liblib__libc__newlib.a(libc-hooks.c.obj)
 .text._stdin_hook_default
                0x000000000000b0ac        0x4 zephyr/lib/libc/newlib/liblib__libc__newlib.a(libc-hooks.c.obj)
 .text._read    0x000000000000b0b0        0x8 zephyr/lib/libc/newlib/liblib__libc__newlib.a(libc-hooks.c.obj)
                0x000000000000b0b0                read
                0x000000000000b0b0                _read
 .text._write   0x000000000000b0b8        0x8 zephyr/lib/libc/newlib/liblib__libc__newlib.a(libc-hooks.c.obj)
                0x000000000000b0b8                write
                0x000000000000b0b8                _write
 .text._close   0x000000000000b0c0        0x6 zephyr/lib/libc/newlib/liblib__libc__newlib.a(libc-hooks.c.obj)
                0x000000000000b0c0                close
                0x000000000000b0c0                _close
 .text._lseek   0x000000000000b0c6        0x4 zephyr/lib/libc/newlib/liblib__libc__newlib.a(libc-hooks.c.obj)
                0x000000000000b0c6                lseek
                0x000000000000b0c6                _lseek
 .text._isatty  0x000000000000b0ca        0xa zephyr/lib/libc/newlib/liblib__libc__newlib.a(libc-hooks.c.obj)
                0x000000000000b0ca                isatty
                0x000000000000b0ca                _isatty
 .text._fstat   0x000000000000b0d4        0xa zephyr/lib/libc/newlib/liblib__libc__newlib.a(libc-hooks.c.obj)
                0x000000000000b0d4                _fstat
                0x000000000000b0d4                fstat
 .text.pm_state_set
                0x000000000000b0de       0x18 zephyr/soc/arm/nordic_nrf/nrf52/libsoc__arm__nordic_nrf__nrf52.a(power.c.obj)
                0x000000000000b0de                pm_state_set
 .text.pm_state_exit_post_ops
                0x000000000000b0f6        0xc zephyr/soc/arm/nordic_nrf/nrf52/libsoc__arm__nordic_nrf__nrf52.a(power.c.obj)
                0x000000000000b0f6                pm_state_exit_post_ops
 .text.set_on_state
                0x000000000000b102       0x26 zephyr/drivers/clock_control/libdrivers__clock_control.a(clock_control_nrf.c.obj)
 .text.async_start
                0x000000000000b128       0x5c zephyr/drivers/clock_control/libdrivers__clock_control.a(clock_control_nrf.c.obj)
 .text.api_start
                0x000000000000b184        0xe zephyr/drivers/clock_control/libdrivers__clock_control.a(clock_control_nrf.c.obj)
 .text.onoff_started_callback
                0x000000000000b192        0xc zephyr/drivers/clock_control/libdrivers__clock_control.a(clock_control_nrf.c.obj)
 .text.lfclk_start
                0x000000000000b19e        0x6 zephyr/drivers/clock_control/libdrivers__clock_control.a(clock_control_nrf.c.obj)
 .text.lfclk_stop
                0x000000000000b1a4        0x6 zephyr/drivers/clock_control/libdrivers__clock_control.a(clock_control_nrf.c.obj)
 .text.api_stop
                0x000000000000b1aa        0x6 zephyr/drivers/clock_control/libdrivers__clock_control.a(clock_control_nrf.c.obj)
 .text.blocking_start_callback
                0x000000000000b1b0        0x6 zephyr/drivers/clock_control/libdrivers__clock_control.a(clock_control_nrf.c.obj)
 .text.gpio_nrfx_port_get_raw
                0x000000000000b1b6        0xe zephyr/drivers/gpio/libdrivers__gpio.a(gpio_nrfx.c.obj)
 .text.gpio_nrfx_port_set_masked_raw
                0x000000000000b1c4       0x16 zephyr/drivers/gpio/libdrivers__gpio.a(gpio_nrfx.c.obj)
 .text.gpio_nrfx_port_set_bits_raw
                0x000000000000b1da        0xc zephyr/drivers/gpio/libdrivers__gpio.a(gpio_nrfx.c.obj)
 .text.gpio_nrfx_port_clear_bits_raw
                0x000000000000b1e6        0xc zephyr/drivers/gpio/libdrivers__gpio.a(gpio_nrfx.c.obj)
 .text.gpio_nrfx_port_toggle_bits
                0x000000000000b1f2       0x12 zephyr/drivers/gpio/libdrivers__gpio.a(gpio_nrfx.c.obj)
 .text.uarte_nrfx_config_get
                0x000000000000b204       0x10 zephyr/drivers/serial/libdrivers__serial.a(uart_nrfx_uarte.c.obj)
 .text.uarte_nrfx_err_check
                0x000000000000b214        0xe zephyr/drivers/serial/libdrivers__serial.a(uart_nrfx_uarte.c.obj)
 .text.tx_start
                0x000000000000b222       0x4c zephyr/drivers/serial/libdrivers__serial.a(uart_nrfx_uarte.c.obj)
 .text.user_callback
                0x000000000000b26e        0xe zephyr/drivers/serial/libdrivers__serial.a(uart_nrfx_uarte.c.obj)
 .text.notify_uart_rx_rdy
                0x000000000000b27c       0x32 zephyr/drivers/serial/libdrivers__serial.a(uart_nrfx_uarte.c.obj)
 .text.rx_buf_release
                0x000000000000b2ae       0x30 zephyr/drivers/serial/libdrivers__serial.a(uart_nrfx_uarte.c.obj)
 .text.notify_rx_disable
                0x000000000000b2de       0x22 zephyr/drivers/serial/libdrivers__serial.a(uart_nrfx_uarte.c.obj)
 .text.uarte_nrfx_rx_buf_rsp
                0x000000000000b300       0x50 zephyr/drivers/serial/libdrivers__serial.a(uart_nrfx_uarte.c.obj)
 .text.uarte_nrfx_callback_set
                0x000000000000b350       0x14 zephyr/drivers/serial/libdrivers__serial.a(uart_nrfx_uarte.c.obj)
 .text.uarte_nrfx_poll_in
                0x000000000000b364       0x30 zephyr/drivers/serial/libdrivers__serial.a(uart_nrfx_uarte.c.obj)
 .text.uarte_nrfx_rx_disable
                0x000000000000b394       0x42 zephyr/drivers/serial/libdrivers__serial.a(uart_nrfx_uarte.c.obj)
 .text.rx_flush.isra.0
                0x000000000000b3d6       0x6a zephyr/drivers/serial/libdrivers__serial.a(uart_nrfx_uarte.c.obj)
 .text.setup_tx_cache.isra.0
                0x000000000000b440       0x28 zephyr/drivers/serial/libdrivers__serial.a(uart_nrfx_uarte.c.obj)
 .text.async_uart_release
                0x000000000000b468       0x4e zephyr/drivers/serial/libdrivers__serial.a(uart_nrfx_uarte.c.obj)
 .text.is_tx_ready.isra.0
                0x000000000000b4b6       0x20 zephyr/drivers/serial/libdrivers__serial.a(uart_nrfx_uarte.c.obj)
 .text.start_tx_locked
                0x000000000000b4d6       0x32 zephyr/drivers/serial/libdrivers__serial.a(uart_nrfx_uarte.c.obj)
 .text.uarte_1_init
                0x000000000000b508       0x1e zephyr/drivers/serial/libdrivers__serial.a(uart_nrfx_uarte.c.obj)
 .text.uarte_0_init
                0x000000000000b526       0x1e zephyr/drivers/serial/libdrivers__serial.a(uart_nrfx_uarte.c.obj)
 .text.rx_timeout
                0x000000000000b544       0x9c zephyr/drivers/serial/libdrivers__serial.a(uart_nrfx_uarte.c.obj)
 .text.uarte_nrfx_tx_abort
                0x000000000000b5e0       0x28 zephyr/drivers/serial/libdrivers__serial.a(uart_nrfx_uarte.c.obj)
 .text.tx_timeout
                0x000000000000b608        0x8 zephyr/drivers/serial/libdrivers__serial.a(uart_nrfx_uarte.c.obj)
 .text.sys_clock_idle_exit
                0x000000000000b610        0x2 zephyr/drivers/timer/libdrivers__timer.a(sys_clock_init.c.obj)
                0x000000000000b610                sys_clock_idle_exit
 .text.sys_clock_cycle_get_32
                0x000000000000b612        0x8 zephyr/drivers/timer/libdrivers__timer.a(nrf_rtc_timer.c.obj)
                0x000000000000b612                sys_clock_cycle_get_32
 .text.pinctrl_lookup_state
                0x000000000000b61a       0x30 zephyr/drivers/pinctrl/libdrivers__pinctrl.a(common.c.obj)
                0x000000000000b61a                pinctrl_lookup_state
 .text.nrf_gpio_pin_clear
                0x000000000000b64a       0x1a zephyr/drivers/pinctrl/libdrivers__pinctrl.a(pinctrl_nrf.c.obj)
 .text.nrf_gpio_pin_set
                0x000000000000b664       0x1a zephyr/drivers/pinctrl/libdrivers__pinctrl.a(pinctrl_nrf.c.obj)
 .text.nrf_gpio_pin_write
                0x000000000000b67e        0xa zephyr/drivers/pinctrl/libdrivers__pinctrl.a(pinctrl_nrf.c.obj)
 .text.nrf_pin_configure
                0x000000000000b688       0x40 zephyr/drivers/pinctrl/libdrivers__pinctrl.a(pinctrl_nrf.c.obj)
 .text.pinctrl_configure_pins
                0x000000000000b6c8      0x13e zephyr/drivers/pinctrl/libdrivers__pinctrl.a(pinctrl_nrf.c.obj)
                0x000000000000b6c8                pinctrl_configure_pins
 .text.hw_cc3xx_init_internal
                0x000000000000b806        0x4 modules/nrf/drivers/hw_cc310/lib..__nrf__drivers__hw_cc310.a(hw_cc310.c.obj)
 .text.hw_cc3xx_init
                0x000000000000b80a       0x12 modules/nrf/drivers/hw_cc310/lib..__nrf__drivers__hw_cc310.a(hw_cc310.c.obj)
 .text.nrfx_isr
                0x000000000000b81c        0x2 modules/hal_nordic/nrfx/libmodules__hal_nordic__nrfx.a(nrfx_glue.c.obj)
                0x000000000000b81c                nrfx_isr
 .text.nrfx_busy_wait
                0x000000000000b81e        0x4 modules/hal_nordic/nrfx/libmodules__hal_nordic__nrfx.a(nrfx_glue.c.obj)
                0x000000000000b81e                nrfx_busy_wait
 .text.nrf_gpio_pin_present_check
                0x000000000000b822       0x22 modules/hal_nordic/nrfx/libmodules__hal_nordic__nrfx.a(nrfx_gpiote.c.obj)
 .text.pin_is_task_output
                0x000000000000b844       0x16 modules/hal_nordic/nrfx/libmodules__hal_nordic__nrfx.a(nrfx_gpiote.c.obj)
 .text.nrf_gpio_reconfigure
                0x000000000000b85a       0x9a modules/hal_nordic/nrfx/libmodules__hal_nordic__nrfx.a(nrfx_gpiote.c.obj)
 .text.nrf_gpio_cfg_sense_set
                0x000000000000b8f4       0x1e modules/hal_nordic/nrfx/libmodules__hal_nordic__nrfx.a(nrfx_gpiote.c.obj)
 .text.SEGGER_RTT_Init
                0x000000000000b912        0x4 modules/segger/libmodules__segger.a(SEGGER_RTT.c.obj)
                0x000000000000b912                SEGGER_RTT_Init
 .text.rtt_init
                0x000000000000b916        0xa modules/segger/libmodules__segger.a(SEGGER_RTT_zephyr.c.obj)
 .text.z_device_state_init
                0x000000000000b920        0x2 zephyr/kernel/libkernel.a(device.c.obj)
                0x000000000000b920                z_device_state_init
 .text.z_device_is_ready
                0x000000000000b922       0x14 zephyr/kernel/libkernel.a(device.c.obj)
                0x000000000000b922                z_device_is_ready
 .text.z_log_msg2_runtime_create.constprop.0
                0x000000000000b936       0x20 zephyr/kernel/libkernel.a(fatal.c.obj)
 .text.z_early_memset
                0x000000000000b956        0x4 zephyr/kernel/libkernel.a(init.c.obj)
                0x000000000000b956                z_early_memset
 .text.z_early_memcpy
                0x000000000000b95a        0x4 zephyr/kernel/libkernel.a(init.c.obj)
                0x000000000000b95a                z_early_memcpy
 .text.k_mem_slab_init
                0x000000000000b95e       0x38 zephyr/kernel/libkernel.a(mem_slab.c.obj)
                0x000000000000b95e                k_mem_slab_init
 .text.k_is_in_isr
                0x000000000000b996        0xc zephyr/kernel/libkernel.a(thread.c.obj)
                0x000000000000b996                k_is_in_isr
 .text.k_thread_name_get
                0x000000000000b9a2        0x4 zephyr/kernel/libkernel.a(thread.c.obj)
                0x000000000000b9a2                k_thread_name_get
 .text.z_pm_save_idle_exit
                0x000000000000b9a6        0xe zephyr/kernel/libkernel.a(idle.c.obj)
                0x000000000000b9a6                z_pm_save_idle_exit
 .text.adjust_owner_prio.isra.0
                0x000000000000b9b4       0x10 zephyr/kernel/libkernel.a(mutex.c.obj)
 .text.z_impl_k_mutex_init
                0x000000000000b9c4        0xe zephyr/kernel/libkernel.a(mutex.c.obj)
                0x000000000000b9c4                z_impl_k_mutex_init
 .text.z_impl_k_sem_init
                0x000000000000b9d2       0x18 zephyr/kernel/libkernel.a(sem.c.obj)
                0x000000000000b9d2                z_impl_k_sem_init
 .text.z_reschedule_irqlock
                0x000000000000b9ea       0x18 zephyr/kernel/libkernel.a(sched.c.obj)
                0x000000000000b9ea                z_reschedule_irqlock
 .text.z_reschedule_unlocked
                0x000000000000ba02       0x14 zephyr/kernel/libkernel.a(sched.c.obj)
 .text.sys_clock_tick_get_32
                0x000000000000ba16        0x8 zephyr/kernel/libkernel.a(timeout.c.obj)
                0x000000000000ba16                sys_clock_tick_get_32
 .text.z_impl_k_busy_wait
                0x000000000000ba1e        0x8 zephyr/kernel/libkernel.a(timeout.c.obj)
                0x000000000000ba1e                z_impl_k_busy_wait
 .text.sys_clock_timeout_end_calc
                0x000000000000ba26       0x44 zephyr/kernel/libkernel.a(timeout.c.obj)
                0x000000000000ba26                sys_clock_timeout_end_calc
 .text.k_timer_init
                0x000000000000ba6a       0x18 zephyr/kernel/libkernel.a(timer.c.obj)
                0x000000000000ba6a                k_timer_init
 .text.z_impl_k_timer_stop
                0x000000000000ba82       0x3a zephyr/kernel/libkernel.a(timer.c.obj)
                0x000000000000ba82                z_impl_k_timer_stop
 .text.k_malloc
                0x000000000000babc        0x8 zephyr/kernel/libkernel.a(mempool.c.obj)
                0x000000000000babc                k_malloc
 .text.k_heap_init
                0x000000000000bac4       0x10 zephyr/kernel/libkernel.a(kheap.c.obj)
                0x000000000000bac4                k_heap_init
 .text.k_mutex_unlock.isra.0
                0x000000000000bad4        0x4 cab/libcab.a(cab.c.obj)
 .text.open_cab
                0x000000000000bad8       0x5c cab/libcab.a(cab.c.obj)
                0x000000000000bad8                open_cab
 .text.put_mes  0x000000000000bb34       0x36 cab/libcab.a(cab.c.obj)
                0x000000000000bb34                put_mes
 .text.get_mes  0x000000000000bb6a       0x36 cab/libcab.a(cab.c.obj)
                0x000000000000bb6a                get_mes
 .text.unget    0x000000000000bba0       0x36 cab/libcab.a(cab.c.obj)
                0x000000000000bba0                unget
 .text.nearObstSearch
                0x000000000000bbd6       0x2e img_algo/libimg_algo.a(img_algo.c.obj)
                0x000000000000bbd6                nearObstSearch
 .text.obstCount
                0x000000000000bc04       0x44 img_algo/libimg_algo.a(img_algo.c.obj)
                0x000000000000bc04                obstCount
 .text.atan2    0x000000000000bc48        0x4 /Users/bernardofalle/zephyr-sdk-0.15.1/arm-zephyr-eabi/arm-zephyr-eabi/lib/thumb/v7e-m/nofp/libm_nano.a(lib_a-w_atan2.o)
                0x000000000000bc48                atan2
 .text.fabs     0x000000000000bc4c        0x8 /Users/bernardofalle/zephyr-sdk-0.15.1/arm-zephyr-eabi/arm-zephyr-eabi/lib/thumb/v7e-m/nofp/libm_nano.a(lib_a-s_fabs.o)
                0x000000000000bc4c                fabs
 .text.memcpy   0x000000000000bc54       0x1c /Users/bernardofalle/zephyr-sdk-0.15.1/arm-zephyr-eabi/arm-zephyr-eabi/lib/thumb/v7e-m/nofp/libc_nano.a(lib_a-memcpy-stub.o)
                0x000000000000bc54                memcpy
 .text.__memcpy_chk
                0x000000000000bc70       0x26 /Users/bernardofalle/zephyr-sdk-0.15.1/arm-zephyr-eabi/arm-zephyr-eabi/lib/thumb/v7e-m/nofp/libc_nano.a(lib_a-memcpy_chk.o)
                0x000000000000bc70                __memcpy_chk
 .text.memset   0x000000000000bc96       0x10 /Users/bernardofalle/zephyr-sdk-0.15.1/arm-zephyr-eabi/arm-zephyr-eabi/lib/thumb/v7e-m/nofp/libc_nano.a(lib_a-memset.o)
                0x000000000000bc96                memset
 .text.strcpy   0x000000000000bca6       0x10 /Users/bernardofalle/zephyr-sdk-0.15.1/arm-zephyr-eabi/arm-zephyr-eabi/lib/thumb/v7e-m/nofp/libc_nano.a(lib_a-strcpy.o)
                0x000000000000bca6                strcpy
 .text.strnlen  0x000000000000bcb6       0x18 /Users/bernardofalle/zephyr-sdk-0.15.1/arm-zephyr-eabi/arm-zephyr-eabi/lib/thumb/v7e-m/nofp/libc_nano.a(lib_a-strnlen.o)
                0x000000000000bcb6                strnlen
 .text.__sfmoreglue
                0x000000000000bcce       0x2c /Users/bernardofalle/zephyr-sdk-0.15.1/arm-zephyr-eabi/arm-zephyr-eabi/lib/thumb/v7e-m/nofp/libc_nano.a(lib_a-findfp.o)
                0x000000000000bcce                __sfmoreglue
 .text._fwalk_reent
                0x000000000000bcfa       0x3e /Users/bernardofalle/zephyr-sdk-0.15.1/arm-zephyr-eabi/arm-zephyr-eabi/lib/thumb/v7e-m/nofp/libc_nano.a(lib_a-fwalk.o)
                0x000000000000bcfa                _fwalk_reent
 .text.__sfputc_r
                0x000000000000bd38       0x2a /Users/bernardofalle/zephyr-sdk-0.15.1/arm-zephyr-eabi/arm-zephyr-eabi/lib/thumb/v7e-m/nofp/libc_nano.a(lib_a-nano-vfprintf.o)
 .text.__sfputs_r
                0x000000000000bd62       0x24 /Users/bernardofalle/zephyr-sdk-0.15.1/arm-zephyr-eabi/arm-zephyr-eabi/lib/thumb/v7e-m/nofp/libc_nano.a(lib_a-nano-vfprintf.o)
                0x000000000000bd62                __sfputs_r
 .text._printf_common
                0x000000000000bd86       0xda /Users/bernardofalle/zephyr-sdk-0.15.1/arm-zephyr-eabi/arm-zephyr-eabi/lib/thumb/v7e-m/nofp/libc_nano.a(lib_a-nano-vfprintf_i.o)
                0x000000000000bd86                _printf_common
 .text.__sread  0x000000000000be60       0x22 /Users/bernardofalle/zephyr-sdk-0.15.1/arm-zephyr-eabi/arm-zephyr-eabi/lib/thumb/v7e-m/nofp/libc_nano.a(lib_a-stdio.o)
                0x000000000000be60                __sread
 .text.__swrite
                0x000000000000be82       0x38 /Users/bernardofalle/zephyr-sdk-0.15.1/arm-zephyr-eabi/arm-zephyr-eabi/lib/thumb/v7e-m/nofp/libc_nano.a(lib_a-stdio.o)
                0x000000000000be82                __swrite
 .text.__sseek  0x000000000000beba       0x24 /Users/bernardofalle/zephyr-sdk-0.15.1/arm-zephyr-eabi/arm-zephyr-eabi/lib/thumb/v7e-m/nofp/libc_nano.a(lib_a-stdio.o)
                0x000000000000beba                __sseek
 .text.__sclose
                0x000000000000bede        0x8 /Users/bernardofalle/zephyr-sdk-0.15.1/arm-zephyr-eabi/arm-zephyr-eabi/lib/thumb/v7e-m/nofp/libc_nano.a(lib_a-stdio.o)
                0x000000000000bede                __sclose
 .text.__sflush_r
                0x000000000000bee6      0x100 /Users/bernardofalle/zephyr-sdk-0.15.1/arm-zephyr-eabi/arm-zephyr-eabi/lib/thumb/v7e-m/nofp/libc_nano.a(lib_a-fflush.o)
                0x000000000000bee6                __sflush_r
 .text.__swhatbuf_r
                0x000000000000bfe6       0x4c /Users/bernardofalle/zephyr-sdk-0.15.1/arm-zephyr-eabi/arm-zephyr-eabi/lib/thumb/v7e-m/nofp/libc_nano.a(lib_a-makebuf.o)
                0x000000000000bfe6                __swhatbuf_r
 *(SORT_BY_ALIGNMENT(.TEXT.*))
 *fill*         0x000000000000c032        0x2 
 .TEXT.z_arm_platform_init
                0x000000000000c034        0x4 zephyr/libzephyr.a(soc_nrf_common.S.obj)
                0x000000000000c034                z_arm_platform_init
 *(SORT_BY_ALIGNMENT(.gnu.linkonce.t.*))
 *(SORT_BY_ALIGNMENT(.glue_7t))
 .glue_7t       0x000000000000c038        0x0 linker stubs
 *(SORT_BY_ALIGNMENT(.glue_7))
 .glue_7        0x000000000000c038        0x0 linker stubs
 *(SORT_BY_ALIGNMENT(.vfp11_veneer))
 .vfp11_veneer  0x000000000000c038        0x0 linker stubs
 *(SORT_BY_ALIGNMENT(.v4_bx))
 .v4_bx         0x000000000000c038        0x0 linker stubs
                0x000000000000c038                __text_region_end = .

.ARM.exidx      0x000000000000c038        0x8
                0x000000000000c038                __exidx_start = .
 *(SORT_BY_ALIGNMENT(.ARM.exidx*) SORT_BY_ALIGNMENT(gnu.linkonce.armexidx.*))
 .ARM.exidx     0x000000000000c038        0x8 /Users/bernardofalle/zephyr-sdk-0.15.1/arm-zephyr-eabi/bin/../lib/gcc/arm-zephyr-eabi/12.1.0/thumb/v7e-m/nofp/libgcc.a(_udivmoddi4.o)
                0x000000000000c040                __exidx_end = .
                0x000000000000c040                __rodata_region_start = .

initlevel       0x000000000000c040       0x78
                0x000000000000c040                __init_start = .
                0x000000000000c040                __init_PRE_KERNEL_1_start = .
 *(SORT_BY_NAME(SORT_BY_ALIGNMENT(.z_init_PRE_KERNEL_1[0-9]_*)))
 .z_init_PRE_KERNEL_10_
                0x000000000000c040        0x8 zephyr/soc/arm/nordic_nrf/nrf52/libsoc__arm__nordic_nrf__nrf52.a(soc.c.obj)
 *(SORT_BY_NAME(SORT_BY_ALIGNMENT(.z_init_PRE_KERNEL_1[1-9][0-9]_*)))
 .z_init_PRE_KERNEL_130_
                0x000000000000c048        0x8 zephyr/drivers/clock_control/libdrivers__clock_control.a(clock_control_nrf.c.obj)
 .z_init_PRE_KERNEL_130_
                0x000000000000c050        0x8 modules/segger/libmodules__segger.a(SEGGER_RTT_zephyr.c.obj)
 .z_init_PRE_KERNEL_130_
                0x000000000000c058        0x8 zephyr/kernel/libkernel.a(mem_slab.c.obj)
 .z_init_PRE_KERNEL_130_
                0x000000000000c060        0x8 zephyr/kernel/libkernel.a(kheap.c.obj)
 .z_init_PRE_KERNEL_140_
                0x000000000000c068       0x10 zephyr/drivers/gpio/libdrivers__gpio.a(gpio_nrfx.c.obj)
 .z_init_PRE_KERNEL_140_
                0x000000000000c078        0x8 modules/nrf/drivers/hw_cc310/lib..__nrf__drivers__hw_cc310.a(hw_cc310.c.obj)
 .z_init_PRE_KERNEL_155_
                0x000000000000c080       0x10 zephyr/drivers/serial/libdrivers__serial.a(uart_nrfx_uarte.c.obj)
 .z_init_PRE_KERNEL_160_
                0x000000000000c090        0x8 zephyr/drivers/console/libdrivers__console.a(uart_console.c.obj)
                0x000000000000c098                __init_PRE_KERNEL_2_start = .
 *(SORT_BY_NAME(SORT_BY_ALIGNMENT(.z_init_PRE_KERNEL_2[0-9]_*)))
 .z_init_PRE_KERNEL_20_
                0x000000000000c098        0x8 zephyr/drivers/timer/libdrivers__timer.a(nrf_rtc_timer.c.obj)
 *(SORT_BY_NAME(SORT_BY_ALIGNMENT(.z_init_PRE_KERNEL_2[1-9][0-9]_*)))
                0x000000000000c0a0                __init_POST_KERNEL_start = .
 *(SORT_BY_NAME(SORT_BY_ALIGNMENT(.z_init_POST_KERNEL[0-9]_*)))
 .z_init_POST_KERNEL0_
                0x000000000000c0a0        0x8 zephyr/libzephyr.a(log_core.c.obj)
 *(SORT_BY_NAME(SORT_BY_ALIGNMENT(.z_init_POST_KERNEL[1-9][0-9]_*)))
 .z_init_POST_KERNEL40_
                0x000000000000c0a8        0x8 modules/nrf/drivers/hw_cc310/lib..__nrf__drivers__hw_cc310.a(hw_cc310.c.obj)
                0x000000000000c0b0                __init_APPLICATION_start = .
 *(SORT_BY_NAME(SORT_BY_ALIGNMENT(.z_init_APPLICATION[0-9]_*)))
 *(SORT_BY_NAME(SORT_BY_ALIGNMENT(.z_init_APPLICATION[1-9][0-9]_*)))
 .z_init_APPLICATION40_
                0x000000000000c0b0        0x8 zephyr/lib/libc/newlib/liblib__libc__newlib.a(libc-hooks.c.obj)
                0x000000000000c0b8                __init_SMP_start = .
 *(SORT_BY_NAME(SORT_BY_ALIGNMENT(.z_init_SMP[0-9]_*)))
 *(SORT_BY_NAME(SORT_BY_ALIGNMENT(.z_init_SMP[1-9][0-9]_*)))
                0x000000000000c0b8                __init_end = .

devices         0x000000000000c0b8       0x78
                0x000000000000c0b8                __device_start = .
                0x000000000000c0b8                __device_PRE_KERNEL_1_start = .
 *(SORT_BY_NAME(SORT_BY_ALIGNMENT(.z_device_PRE_KERNEL_1[0-9]_*)))
 *(SORT_BY_NAME(SORT_BY_ALIGNMENT(.z_device_PRE_KERNEL_1[1-9][0-9]_*)))
 .z_device_PRE_KERNEL_130_
                0x000000000000c0b8       0x18 zephyr/drivers/clock_control/libdrivers__clock_control.a(clock_control_nrf.c.obj)
                0x000000000000c0b8                __device_dts_ord_72
 .z_device_PRE_KERNEL_140_
                0x000000000000c0d0       0x30 zephyr/drivers/gpio/libdrivers__gpio.a(gpio_nrfx.c.obj)
                0x000000000000c0d0                __device_dts_ord_104
                0x000000000000c0e8                __device_dts_ord_11
 .z_device_PRE_KERNEL_155_
                0x000000000000c100       0x30 zephyr/drivers/serial/libdrivers__serial.a(uart_nrfx_uarte.c.obj)
                0x000000000000c100                __device_dts_ord_113
                0x000000000000c118                __device_dts_ord_112
                0x000000000000c130                __device_PRE_KERNEL_2_start = .
 *(SORT_BY_NAME(SORT_BY_ALIGNMENT(.z_device_PRE_KERNEL_2[0-9]_*)))
 *(SORT_BY_NAME(SORT_BY_ALIGNMENT(.z_device_PRE_KERNEL_2[1-9][0-9]_*)))
                0x000000000000c130                __device_POST_KERNEL_start = .
 *(SORT_BY_NAME(SORT_BY_ALIGNMENT(.z_device_POST_KERNEL[0-9]_*)))